Archive member included to satisfy reference by file (symbol)

C:/ST/STM32CubeIDE_1.14.1/STM32CubeIDE/plugins/com.st.stm32cube.ide.mcu.externaltools.gnu-tools-for-stm32.11.3.rel1.win32_1.1.100.202309141235/tools/bin/../lib/gcc/arm-none-eabi/11.3.1/../../../../arm-none-eabi/lib/thumb/v7-m/nofp\libc_nano.a(libc_a-exit.o)
                              C:/ST/STM32CubeIDE_1.14.1/STM32CubeIDE/plugins/com.st.stm32cube.ide.mcu.externaltools.gnu-tools-for-stm32.11.3.rel1.win32_1.1.100.202309141235/tools/bin/../lib/gcc/arm-none-eabi/11.3.1/../../../../arm-none-eabi/lib/thumb/v7-m/nofp/crt0.o (exit)
C:/ST/STM32CubeIDE_1.14.1/STM32CubeIDE/plugins/com.st.stm32cube.ide.mcu.externaltools.gnu-tools-for-stm32.11.3.rel1.win32_1.1.100.202309141235/tools/bin/../lib/gcc/arm-none-eabi/11.3.1/../../../../arm-none-eabi/lib/thumb/v7-m/nofp\libc_nano.a(libc_a-itoa.o)
                              ./Core/Src/aplication.o (itoa)
C:/ST/STM32CubeIDE_1.14.1/STM32CubeIDE/plugins/com.st.stm32cube.ide.mcu.externaltools.gnu-tools-for-stm32.11.3.rel1.win32_1.1.100.202309141235/tools/bin/../lib/gcc/arm-none-eabi/11.3.1/../../../../arm-none-eabi/lib/thumb/v7-m/nofp\libc_nano.a(libc_a-utoa.o)
                              C:/ST/STM32CubeIDE_1.14.1/STM32CubeIDE/plugins/com.st.stm32cube.ide.mcu.externaltools.gnu-tools-for-stm32.11.3.rel1.win32_1.1.100.202309141235/tools/bin/../lib/gcc/arm-none-eabi/11.3.1/../../../../arm-none-eabi/lib/thumb/v7-m/nofp\libc_nano.a(libc_a-itoa.o) (__utoa)
C:/ST/STM32CubeIDE_1.14.1/STM32CubeIDE/plugins/com.st.stm32cube.ide.mcu.externaltools.gnu-tools-for-stm32.11.3.rel1.win32_1.1.100.202309141235/tools/bin/../lib/gcc/arm-none-eabi/11.3.1/../../../../arm-none-eabi/lib/thumb/v7-m/nofp\libc_nano.a(libc_a-findfp.o)
                              C:/ST/STM32CubeIDE_1.14.1/STM32CubeIDE/plugins/com.st.stm32cube.ide.mcu.externaltools.gnu-tools-for-stm32.11.3.rel1.win32_1.1.100.202309141235/tools/bin/../lib/gcc/arm-none-eabi/11.3.1/../../../../arm-none-eabi/lib/thumb/v7-m/nofp\libc_nano.a(libc_a-exit.o) (__stdio_exit_handler)
C:/ST/STM32CubeIDE_1.14.1/STM32CubeIDE/plugins/com.st.stm32cube.ide.mcu.externaltools.gnu-tools-for-stm32.11.3.rel1.win32_1.1.100.202309141235/tools/bin/../lib/gcc/arm-none-eabi/11.3.1/../../../../arm-none-eabi/lib/thumb/v7-m/nofp\libc_nano.a(libc_a-fwalk.o)
                              C:/ST/STM32CubeIDE_1.14.1/STM32CubeIDE/plugins/com.st.stm32cube.ide.mcu.externaltools.gnu-tools-for-stm32.11.3.rel1.win32_1.1.100.202309141235/tools/bin/../lib/gcc/arm-none-eabi/11.3.1/../../../../arm-none-eabi/lib/thumb/v7-m/nofp\libc_nano.a(libc_a-findfp.o) (_fwalk_sglue)
C:/ST/STM32CubeIDE_1.14.1/STM32CubeIDE/plugins/com.st.stm32cube.ide.mcu.externaltools.gnu-tools-for-stm32.11.3.rel1.win32_1.1.100.202309141235/tools/bin/../lib/gcc/arm-none-eabi/11.3.1/../../../../arm-none-eabi/lib/thumb/v7-m/nofp\libc_nano.a(libc_a-stdio.o)
                              C:/ST/STM32CubeIDE_1.14.1/STM32CubeIDE/plugins/com.st.stm32cube.ide.mcu.externaltools.gnu-tools-for-stm32.11.3.rel1.win32_1.1.100.202309141235/tools/bin/../lib/gcc/arm-none-eabi/11.3.1/../../../../arm-none-eabi/lib/thumb/v7-m/nofp\libc_nano.a(libc_a-findfp.o) (__sread)
C:/ST/STM32CubeIDE_1.14.1/STM32CubeIDE/plugins/com.st.stm32cube.ide.mcu.externaltools.gnu-tools-for-stm32.11.3.rel1.win32_1.1.100.202309141235/tools/bin/../lib/gcc/arm-none-eabi/11.3.1/../../../../arm-none-eabi/lib/thumb/v7-m/nofp\libc_nano.a(libc_a-memset.o)
                              C:/ST/STM32CubeIDE_1.14.1/STM32CubeIDE/plugins/com.st.stm32cube.ide.mcu.externaltools.gnu-tools-for-stm32.11.3.rel1.win32_1.1.100.202309141235/tools/bin/../lib/gcc/arm-none-eabi/11.3.1/../../../../arm-none-eabi/lib/thumb/v7-m/nofp/crt0.o (memset)
C:/ST/STM32CubeIDE_1.14.1/STM32CubeIDE/plugins/com.st.stm32cube.ide.mcu.externaltools.gnu-tools-for-stm32.11.3.rel1.win32_1.1.100.202309141235/tools/bin/../lib/gcc/arm-none-eabi/11.3.1/../../../../arm-none-eabi/lib/thumb/v7-m/nofp\libc_nano.a(libc_a-closer.o)
                              C:/ST/STM32CubeIDE_1.14.1/STM32CubeIDE/plugins/com.st.stm32cube.ide.mcu.externaltools.gnu-tools-for-stm32.11.3.rel1.win32_1.1.100.202309141235/tools/bin/../lib/gcc/arm-none-eabi/11.3.1/../../../../arm-none-eabi/lib/thumb/v7-m/nofp\libc_nano.a(libc_a-stdio.o) (_close_r)
C:/ST/STM32CubeIDE_1.14.1/STM32CubeIDE/plugins/com.st.stm32cube.ide.mcu.externaltools.gnu-tools-for-stm32.11.3.rel1.win32_1.1.100.202309141235/tools/bin/../lib/gcc/arm-none-eabi/11.3.1/../../../../arm-none-eabi/lib/thumb/v7-m/nofp\libc_nano.a(libc_a-reent.o)
                              C:/ST/STM32CubeIDE_1.14.1/STM32CubeIDE/plugins/com.st.stm32cube.ide.mcu.externaltools.gnu-tools-for-stm32.11.3.rel1.win32_1.1.100.202309141235/tools/bin/../lib/gcc/arm-none-eabi/11.3.1/../../../../arm-none-eabi/lib/thumb/v7-m/nofp\libc_nano.a(libc_a-closer.o) (errno)
[...]
Memory Configuration

Name             Origin             Length             Attributes
RAM              0x0000000020000000 0x0000000000005000 xrw
FLASH            0x0000000008000000 0x0000000000010000 xr
*default*        0x0000000000000000 0xffffffffffffffff

Linker script and memory map

LOAD C:/ST/STM32CubeIDE_1.14.1/STM32CubeIDE/plugins/com.st.stm32cube.ide.mcu.externaltools.gnu-tools-for-stm32.11.3.rel1.win32_1.1.100.202309141235/tools/bin/../lib/gcc/arm-none-eabi/11.3.1/thumb/v7-m/nofp/crti.o
LOAD C:/ST/STM32CubeIDE_1.14.1/STM32CubeIDE/plugins/com.st.stm32cube.ide.mcu.externaltools.gnu-tools-for-stm32.11.3.rel1.win32_1.1.100.202309141235/tools/bin/../lib/gcc/arm-none-eabi/11.3.1/thumb/v7-m/nofp/crtbegin.o
LOAD C:/ST/STM32CubeIDE_1.14.1/STM32CubeIDE/plugins/com.st.stm32cube.ide.mcu.externaltools.gnu-tools-for-stm32.11.3.rel1.win32_1.1.100.202309141235/tools/bin/../lib/gcc/arm-none-eabi/11.3.1/../../../../arm-none-eabi/lib/thumb/v7-m/nofp/crt0.o
LOAD ./Core/Src/aplication.o
LOAD ./Core/Src/fatfs_sd.o
LOAD ./Core/Src/fonts.o
LOAD ./Core/Src/main.o
LOAD ./Core/Src/ssd1306.o
LOAD ./Core/Src/stm32f1xx_hal_msp.o
LOAD ./Core/Src/stm32f1xx_it.o
LOAD ./Core/Src/syscalls.o
LOAD ./Core/Src/sysmem.o
LOAD ./Core/Src/system_stm32f1xx.o
LOAD ./Core/Startup/startup_stm32f103c8tx.o
LOAD ./Drivers/STM32F1xx_HAL_Driver/Src/stm32f1xx_hal.o
LOAD ./Drivers/STM32F1xx_HAL_Driver/Src/stm32f1xx_hal_cortex.o
LOAD ./Drivers/STM32F1xx_HAL_Driver/Src/stm32f1xx_hal_dma.o
LOAD ./Drivers/STM32F1xx_HAL_Driver/Src/stm32f1xx_hal_exti.o
LOAD ./Drivers/STM32F1xx_HAL_Driver/Src/stm32f1xx_hal_flash.o
LOAD ./Drivers/STM32F1xx_HAL_Driver/Src/stm32f1xx_hal_flash_ex.o
LOAD ./Drivers/STM32F1xx_HAL_Driver/Src/stm32f1xx_hal_gpio.o
LOAD ./Drivers/STM32F1xx_HAL_Driver/Src/stm32f1xx_hal_gpio_ex.o
LOAD ./Drivers/STM32F1xx_HAL_Driver/Src/stm32f1xx_hal_i2c.o
LOAD ./Drivers/STM32F1xx_HAL_Driver/Src/stm32f1xx_hal_pwr.o
LOAD ./Drivers/STM32F1xx_HAL_Driver/Src/stm32f1xx_hal_rcc.o
LOAD ./Drivers/STM32F1xx_HAL_Driver/Src/stm32f1xx_hal_rcc_ex.o
LOAD ./Drivers/STM32F1xx_HAL_Driver/Src/stm32f1xx_hal_spi.o
LOAD ./Drivers/STM32F1xx_HAL_Driver/Src/stm32f1xx_hal_tim.o
LOAD ./Drivers/STM32F1xx_HAL_Driver/Src/stm32f1xx_hal_tim_ex.o
LOAD ./FATFS/App/fatfs.o
LOAD ./FATFS/Target/user_diskio.o
LOAD ./Middlewares/Third_Party/FatFs/src/diskio.o
LOAD ./Middlewares/Third_Party/FatFs/src/ff.o
LOAD ./Middlewares/Third_Party/FatFs/src/ff_gen_drv.o
LOAD ./Middlewares/Third_Party/FatFs/src/option/ccsbcs.o
LOAD ./Middlewares/Third_Party/FatFs/src/option/syscall.o
START GROUP
LOAD C:/ST/STM32CubeIDE_1.14.1/STM32CubeIDE/plugins/com.st.stm32cube.ide.mcu.externaltools.gnu-tools-for-stm32.11.3.rel1.win32_1.1.100.202309141235/tools/bin/../lib/gcc/arm-none-eabi/11.3.1/../../../../arm-none-eabi/lib/thumb/v7-m/nofp\libc_nano.a
LOAD C:/ST/STM32CubeIDE_1.14.1/STM32CubeIDE/plugins/com.st.stm32cube.ide.mcu.externaltools.gnu-tools-for-stm32.11.3.rel1.win32_1.1.100.202309141235/tools/bin/../lib/gcc/arm-none-eabi/11.3.1/../../../../arm-none-eabi/lib/thumb/v7-m/nofp\libm.a
END GROUP
START GROUP
LOAD C:/ST/STM32CubeIDE_1.14.1/STM32CubeIDE/plugins/com.st.stm32cube.ide.mcu.externaltools.gnu-tools-for-stm32.11.3.rel1.win32_1.1.100.202309141235/tools/bin/../lib/gcc/arm-none-eabi/11.3.1/thumb/v7-m/nofp\libgcc.a
LOAD C:/ST/STM32CubeIDE_1.14.1/STM32CubeIDE/plugins/com.st.stm32cube.ide.mcu.externaltools.gnu-tools-for-stm32.11.3.rel1.win32_1.1.100.202309141235/tools/bin/../lib/gcc/arm-none-eabi/11.3.1/../../../../arm-none-eabi/lib/thumb/v7-m/nofp\libc_nano.a
END GROUP
START GROUP
LOAD C:/ST/STM32CubeIDE_1.14.1/STM32CubeIDE/plugins/com.st.stm32cube.ide.mcu.externaltools.gnu-tools-for-stm32.11.3.rel1.win32_1.1.100.202309141235/tools/bin/../lib/gcc/arm-none-eabi/11.3.1/thumb/v7-m/nofp\libgcc.a
LOAD C:/ST/STM32CubeIDE_1.14.1/STM32CubeIDE/plugins/com.st.stm32cube.ide.mcu.externaltools.gnu-tools-for-stm32.11.3.rel1.win32_1.1.100.202309141235/tools/bin/../lib/gcc/arm-none-eabi/11.3.1/../../../../arm-none-eabi/lib/thumb/v7-m/nofp\libc_nano.a
LOAD C:/ST/STM32CubeIDE_1.14.1/STM32CubeIDE/plugins/com.st.stm32cube.ide.mcu.externaltools.gnu-tools-for-stm32.11.3.rel1.win32_1.1.100.202309141235/tools/bin/../lib/gcc/arm-none-eabi/11.3.1/../../../../arm-none-eabi/lib/thumb/v7-m/nofp\libnosys.a
END GROUP
START GROUP
LOAD C:/ST/STM32CubeIDE_1.14.1/STM32CubeIDE/plugins/com.st.stm32cube.ide.mcu.externaltools.gnu-tools-for-stm32.11.3.rel1.win32_1.1.100.202309141235/tools/bin/../lib/gcc/arm-none-eabi/11.3.1/thumb/v7-m/nofp\libgcc.a
LOAD C:/ST/STM32CubeIDE_1.14.1/STM32CubeIDE/plugins/com.st.stm32cube.ide.mcu.externaltools.gnu-tools-for-stm32.11.3.rel1.win32_1.1.100.202309141235/tools/bin/../lib/gcc/arm-none-eabi/11.3.1/../../../../arm-none-eabi/lib/thumb/v7-m/nofp\libc_nano.a
LOAD C:/ST/STM32CubeIDE_1.14.1/STM32CubeIDE/plugins/com.st.stm32cube.ide.mcu.externaltools.gnu-tools-for-stm32.11.3.rel1.win32_1.1.100.202309141235/tools/bin/../lib/gcc/arm-none-eabi/11.3.1/../../../../arm-none-eabi/lib/thumb/v7-m/nofp\libnosys.a
END GROUP
LOAD C:/ST/STM32CubeIDE_1.14.1/STM32CubeIDE/plugins/com.st.stm32cube.ide.mcu.externaltools.gnu-tools-for-stm32.11.3.rel1.win32_1.1.100.202309141235/tools/bin/../lib/gcc/arm-none-eabi/11.3.1/thumb/v7-m/nofp/crtend.o
LOAD C:/ST/STM32CubeIDE_1.14.1/STM32CubeIDE/plugins/com.st.stm32cube.ide.mcu.externaltools.gnu-tools-for-stm32.11.3.rel1.win32_1.1.100.202309141235/tools/bin/../lib/gcc/arm-none-eabi/11.3.1/thumb/v7-m/nofp/crtn.o
                0x0000000020005000                _estack = (ORIGIN (RAM) + LENGTH (RAM))
                0x0000000000000200                _Min_Heap_Size = 0x200
                0x0000000000000400                _Min_Stack_Size = 0x400

.isr_vector     0x0000000008000000      0x10c
                0x0000000008000000                . = ALIGN (0x4)
 *(.isr_vector)
 .isr_vector    0x0000000008000000      0x10c ./Core/Startup/startup_stm32f103c8tx.o
                0x0000000008000000                g_pfnVectors
                0x000000000800010c                . = ALIGN (0x4)

.text           0x000000000800010c     0x3950
                0x000000000800010c                . = ALIGN (0x4)
 *(.text)
 .text          0x000000000800010c       0x40 C:/ST/STM32CubeIDE_1.14.1/STM32CubeIDE/plugins/com.st.stm32cube.ide.mcu.externaltools.gnu-tools-for-stm32.11.3.rel1.win32_1.1.100.202309141235/tools/bin/../lib/gcc/arm-none-eabi/11.3.1/thumb/v7-m/nofp/crtbegin.o
 *(.text*)
 .text.initDisplay
                0x000000000800014c       0x58 ./Core/Src/aplication.o
                0x000000000800014c                initDisplay
 .text.updateDisplay
                0x00000000080001a4       0x1e ./Core/Src/aplication.o
                0x00000000080001a4                updateDisplay
 *fill*         0x00000000080001c2        0x2 
 .text.updateDisplayVelocidade
                0x00000000080001c4       0x84 ./Core/Src/aplication.o
                0x00000000080001c4                updateDisplayVelocidade
 .text.SELECT   0x0000000008000248       0x1c ./Core/Src/fatfs_sd.o
 .text.DESELECT
                0x0000000008000264       0x1c ./Core/Src/fatfs_sd.o
 .text.SPI_TxByte
                0x0000000008000280       0x34 ./Core/Src/fatfs_sd.o
 .text.SPI_TxBuffer
                0x00000000080002b4       0x34 ./Core/Src/fatfs_sd.o
 .text.SPI_RxByte
                0x00000000080002e8       0x38 ./Core/Src/fatfs_sd.o
 .text.SPI_RxBytePtr
                0x0000000008000320       0x1c ./Core/Src/fatfs_sd.o
 .text.SD_ReadyWait
                0x000000000800033c       0x34 ./Core/Src/fatfs_sd.o
 .text.SD_PowerOn
                0x0000000008000370       0x84 ./Core/Src/fatfs_sd.o
 .text.SD_PowerOff
                0x00000000080003f4       0x18 ./Core/Src/fatfs_sd.o
 .text.SD_CheckPower
                0x000000000800040c       0x14 ./Core/Src/fatfs_sd.o
 .text.SD_RxDataBlock
                0x0000000008000420       0x5c ./Core/Src/fatfs_sd.o
 .text.SD_TxDataBlock
                0x000000000800047c       0x86 ./Core/Src/fatfs_sd.o
 .text.SD_SendCmd
                0x0000000008000502       0xa8 ./Core/Src/fatfs_sd.o
 *fill*         0x00000000080005aa        0x2 
 .text.SD_disk_initialize
                0x00000000080005ac      0x1cc ./Core/Src/fatfs_sd.o
                0x00000000080005ac                SD_disk_initialize
 .text.SD_disk_status
                0x0000000008000778       0x28 ./Core/Src/fatfs_sd.o
                0x0000000008000778                SD_disk_status
 .text.SD_disk_read
                0x00000000080007a0       0xd4 ./Core/Src/fatfs_sd.o
                0x00000000080007a0                SD_disk_read
 .text.SD_disk_write
                0x0000000008000874      0x108 ./Core/Src/fatfs_sd.o
                0x0000000008000874                SD_disk_write
 .text.SD_disk_ioctl
                0x000000000800097c      0x258 ./Core/Src/fatfs_sd.o
                0x000000000800097c                SD_disk_ioctl
 .text.main     0x0000000008000bd4       0x60 ./Core/Src/main.o
                0x0000000008000bd4                main
 .text.SystemClock_Config
                0x0000000008000c34       0x76 ./Core/Src/main.o
                0x0000000008000c34                SystemClock_Config
 *fill*         0x0000000008000caa        0x2 
 .text.MX_I2C1_Init
                0x0000000008000cac       0x5c ./Core/Src/main.o
 .text.MX_SPI1_Init
                0x0000000008000d08       0x6c ./Core/Src/main.o
 .text.MX_GPIO_Init
                0x0000000008000d74       0x7c ./Core/Src/main.o
 .text.Error_Handler
                0x0000000008000df0        0xa ./Core/Src/main.o
                0x0000000008000df0                Error_Handler
 *fill*         0x0000000008000dfa        0x2 
 .text.SSD1306_Init
                0x0000000008000dfc      0x188 ./Core/Src/ssd1306.o
                0x0000000008000dfc                SSD1306_Init
 .text.SSD1306_UpdateScreen
                0x0000000008000f84       0x5c ./Core/Src/ssd1306.o
                0x0000000008000f84                SSD1306_UpdateScreen
 .text.SSD1306_Fill
                0x0000000008000fe0       0x30 ./Core/Src/ssd1306.o
                0x0000000008000fe0                SSD1306_Fill
 .text.SSD1306_DrawPixel
                0x0000000008001010       0xbc ./Core/Src/ssd1306.o
                0x0000000008001010                SSD1306_DrawPixel
 .text.SSD1306_GotoXY
                0x00000000080010cc       0x2c ./Core/Src/ssd1306.o
                0x00000000080010cc                SSD1306_GotoXY
 .text.SSD1306_Putc
                0x00000000080010f8      0x100 ./Core/Src/ssd1306.o
                0x00000000080010f8                SSD1306_Putc
 .text.SSD1306_Puts
                0x00000000080011f8       0x4a ./Core/Src/ssd1306.o
                0x00000000080011f8                SSD1306_Puts
 *fill*         0x0000000008001242        0x2 
 .text.ssd1306_I2C_Init
                0x0000000008001244       0x28 ./Core/Src/ssd1306.o
                0x0000000008001244                ssd1306_I2C_Init
 .text.ssd1306_I2C_WriteMulti
                0x000000000800126c       0xcc ./Core/Src/ssd1306.o
                0x000000000800126c                ssd1306_I2C_WriteMulti
 .text.ssd1306_I2C_Write
                0x0000000008001338       0x3c ./Core/Src/ssd1306.o
                0x0000000008001338                ssd1306_I2C_Write
 .text.HAL_MspInit
                0x0000000008001374       0x64 ./Core/Src/stm32f1xx_hal_msp.o
                0x0000000008001374                HAL_MspInit
 .text.HAL_I2C_MspInit
                0x00000000080013d8       0x7c ./Core/Src/stm32f1xx_hal_msp.o
                0x00000000080013d8                HAL_I2C_MspInit
 .text.HAL_SPI_MspInit
                0x0000000008001454       0x94 ./Core/Src/stm32f1xx_hal_msp.o
                0x0000000008001454                HAL_SPI_MspInit
 .text.NMI_Handler
                0x00000000080014e8        0x6 ./Core/Src/stm32f1xx_it.o
                0x00000000080014e8                NMI_Handler
 .text.HardFault_Handler
                0x00000000080014ee        0x6 ./Core/Src/stm32f1xx_it.o
                0x00000000080014ee                HardFault_Handler
 .text.MemManage_Handler
                0x00000000080014f4        0x6 ./Core/Src/stm32f1xx_it.o
                0x00000000080014f4                MemManage_Handler
 .text.BusFault_Handler
                0x00000000080014fa        0x6 ./Core/Src/stm32f1xx_it.o
                0x00000000080014fa                BusFault_Handler
 .text.UsageFault_Handler
                0x0000000008001500        0x6 ./Core/Src/stm32f1xx_it.o
                0x0000000008001500                UsageFault_Handler
 .text.SVC_Handler
                0x0000000008001506        0xc ./Core/Src/stm32f1xx_it.o
                0x0000000008001506                SVC_Handler
 .text.DebugMon_Handler
                0x0000000008001512        0xc ./Core/Src/stm32f1xx_it.o
                0x0000000008001512                DebugMon_Handler
 .text.PendSV_Handler
                0x000000000800151e        0xc ./Core/Src/stm32f1xx_it.o
                0x000000000800151e                PendSV_Handler
 *fill*         0x000000000800152a        0x2 
 .text.SysTick_Handler
                0x000000000800152c       0x3c ./Core/Src/stm32f1xx_it.o
                0x000000000800152c                SysTick_Handler
 .text.SystemInit
                0x0000000008001568        0xc ./Core/Src/system_stm32f1xx.o
                0x0000000008001568                SystemInit
 .text.Reset_Handler
                0x0000000008001574       0x48 ./Core/Startup/startup_stm32f103c8tx.o
                0x0000000008001574                Reset_Handler
 .text.Default_Handler
                0x00000000080015bc        0x2 ./Core/Startup/startup_stm32f103c8tx.o
                0x00000000080015bc                RTC_Alarm_IRQHandler
                0x00000000080015bc                EXTI2_IRQHandler
                0x00000000080015bc                TIM1_CC_IRQHandler
                0x00000000080015bc                PVD_IRQHandler
                0x00000000080015bc                EXTI3_IRQHandler
                0x00000000080015bc                EXTI0_IRQHandler
                0x00000000080015bc                I2C2_EV_IRQHandler
                0x00000000080015bc                ADC1_2_IRQHandler
                0x00000000080015bc                SPI1_IRQHandler
                0x00000000080015bc                TAMPER_IRQHandler
                0x00000000080015bc                DMA1_Channel4_IRQHandler
                0x00000000080015bc                USART3_IRQHandler
                0x00000000080015bc                RTC_IRQHandler
                0x00000000080015bc                DMA1_Channel7_IRQHandler
                0x00000000080015bc                CAN1_RX1_IRQHandler
                0x00000000080015bc                TIM4_IRQHandler
                0x00000000080015bc                I2C1_EV_IRQHandler
                0x00000000080015bc                DMA1_Channel6_IRQHandler
                0x00000000080015bc                TIM3_IRQHandler
                0x00000000080015bc                RCC_IRQHandler
                0x00000000080015bc                TIM1_TRG_COM_IRQHandler
                0x00000000080015bc                DMA1_Channel1_IRQHandler
                0x00000000080015bc                Default_Handler
                0x00000000080015bc                EXTI15_10_IRQHandler
                0x00000000080015bc                EXTI9_5_IRQHandler
                0x00000000080015bc                SPI2_IRQHandler
                0x00000000080015bc                DMA1_Channel5_IRQHandler
                0x00000000080015bc                EXTI4_IRQHandler
                0x00000000080015bc                USB_LP_CAN1_RX0_IRQHandler
                0x00000000080015bc                USB_HP_CAN1_TX_IRQHandler
                0x00000000080015bc                DMA1_Channel3_IRQHandler
                0x00000000080015bc                TIM1_UP_IRQHandler
                0x00000000080015bc                WWDG_IRQHandler
                0x00000000080015bc                TIM2_IRQHandler
                0x00000000080015bc                TIM1_BRK_IRQHandler
                0x00000000080015bc                EXTI1_IRQHandler
                0x00000000080015bc                USART2_IRQHandler
                0x00000000080015bc                I2C2_ER_IRQHandler
                0x00000000080015bc                DMA1_Channel2_IRQHandler
                0x00000000080015bc                CAN1_SCE_IRQHandler
                0x00000000080015bc                FLASH_IRQHandler
                0x00000000080015bc                USART1_IRQHandler
                0x00000000080015bc                I2C1_ER_IRQHandler
                0x00000000080015bc                USBWakeUp_IRQHandler
 *fill*         0x00000000080015be        0x2 
 .text.HAL_Init
                0x00000000080015c0       0x2c ./Drivers/STM32F1xx_HAL_Driver/Src/stm32f1xx_hal.o
                0x00000000080015c0                HAL_Init
 .text.HAL_InitTick
                0x00000000080015ec       0x60 ./Drivers/STM32F1xx_HAL_Driver/Src/stm32f1xx_hal.o
                0x00000000080015ec                HAL_InitTick
 .text.HAL_IncTick
                0x000000000800164c       0x24 ./Drivers/STM32F1xx_HAL_Driver/Src/stm32f1xx_hal.o
                0x000000000800164c                HAL_IncTick
 .text.HAL_GetTick
                0x0000000008001670       0x14 ./Drivers/STM32F1xx_HAL_Driver/Src/stm32f1xx_hal.o
                0x0000000008001670                HAL_GetTick
 .text.HAL_Delay
                0x0000000008001684       0x48 ./Drivers/STM32F1xx_HAL_Driver/Src/stm32f1xx_hal.o
                0x0000000008001684                HAL_Delay
 .text.__NVIC_SetPriorityGrouping
                0x00000000080016cc       0x48 ./Drivers/STM32F1xx_HAL_Driver/Src/stm32f1xx_hal_cortex.o
 .text.__NVIC_GetPriorityGrouping
                0x0000000008001714       0x1c ./Drivers/STM32F1xx_HAL_Driver/Src/stm32f1xx_hal_cortex.o
 .text.__NVIC_SetPriority
                0x0000000008001730       0x54 ./Drivers/STM32F1xx_HAL_Driver/Src/stm32f1xx_hal_cortex.o
 .text.NVIC_EncodePriority
                0x0000000008001784       0x64 ./Drivers/STM32F1xx_HAL_Driver/Src/stm32f1xx_hal_cortex.o
 .text.SysTick_Config
                0x00000000080017e8       0x44 ./Drivers/STM32F1xx_HAL_Driver/Src/stm32f1xx_hal_cortex.o
 .text.HAL_NVIC_SetPriorityGrouping
                0x000000000800182c       0x16 ./Drivers/STM32F1xx_HAL_Driver/Src/stm32f1xx_hal_cortex.o
                0x000000000800182c                HAL_NVIC_SetPriorityGrouping
 .text.HAL_NVIC_SetPriority
                0x0000000008001842       0x38 ./Drivers/STM32F1xx_HAL_Driver/Src/stm32f1xx_hal_cortex.o
                0x0000000008001842                HAL_NVIC_SetPriority
 .text.HAL_SYSTICK_Config
                0x000000000800187a       0x18 ./Drivers/STM32F1xx_HAL_Driver/Src/stm32f1xx_hal_cortex.o
                0x000000000800187a                HAL_SYSTICK_Config
 *fill*         0x0000000008001892        0x2 
 .text.HAL_GPIO_Init
                0x0000000008001894      0x308 ./Drivers/STM32F1xx_HAL_Driver/Src/stm32f1xx_hal_gpio.o
                0x0000000008001894                HAL_GPIO_Init
 .text.HAL_GPIO_WritePin
                0x0000000008001b9c       0x30 ./Drivers/STM32F1xx_HAL_Driver/Src/stm32f1xx_hal_gpio.o
                0x0000000008001b9c                HAL_GPIO_WritePin
 .text.HAL_I2C_Init
                0x0000000008001bcc      0x288 ./Drivers/STM32F1xx_HAL_Driver/Src/stm32f1xx_hal_i2c.o
                0x0000000008001bcc                HAL_I2C_Init
 .text.HAL_I2C_Master_Transmit
                0x0000000008001e54      0x1fc ./Drivers/STM32F1xx_HAL_Driver/Src/stm32f1xx_hal_i2c.o
                0x0000000008001e54                HAL_I2C_Master_Transmit
 .text.HAL_I2C_IsDeviceReady
                0x0000000008002050      0x25c ./Drivers/STM32F1xx_HAL_Driver/Src/stm32f1xx_hal_i2c.o
                0x0000000008002050                HAL_I2C_IsDeviceReady
 .text.I2C_MasterRequestWrite
                0x00000000080022ac      0x104 ./Drivers/STM32F1xx_HAL_Driver/Src/stm32f1xx_hal_i2c.o
 .text.I2C_WaitOnFlagUntilTimeout
                0x00000000080023b0       0xf4 ./Drivers/STM32F1xx_HAL_Driver/Src/stm32f1xx_hal_i2c.o
 .text.I2C_WaitOnMasterAddressFlagUntilTimeout
                0x00000000080024a4      0x140 ./Drivers/STM32F1xx_HAL_Driver/Src/stm32f1xx_hal_i2c.o
 .text.I2C_WaitOnTXEFlagUntilTimeout
                0x00000000080025e4       0x90 ./Drivers/STM32F1xx_HAL_Driver/Src/stm32f1xx_hal_i2c.o
 .text.I2C_WaitOnBTFFlagUntilTimeout
                0x0000000008002674       0x90 ./Drivers/STM32F1xx_HAL_Driver/Src/stm32f1xx_hal_i2c.o
 .text.I2C_IsAcknowledgeFailed
                0x0000000008002704       0x5c ./Drivers/STM32F1xx_HAL_Driver/Src/stm32f1xx_hal_i2c.o
 .text.HAL_RCC_OscConfig
                0x0000000008002760      0x504 ./Drivers/STM32F1xx_HAL_Driver/Src/stm32f1xx_hal_rcc.o
                0x0000000008002760                HAL_RCC_OscConfig
 .text.HAL_RCC_ClockConfig
                0x0000000008002c64      0x1d4 ./Drivers/STM32F1xx_HAL_Driver/Src/stm32f1xx_hal_rcc.o
                0x0000000008002c64                HAL_RCC_ClockConfig
 .text.HAL_RCC_GetSysClockFreq
                0x0000000008002e38       0xa8 ./Drivers/STM32F1xx_HAL_Driver/Src/stm32f1xx_hal_rcc.o
                0x0000000008002e38                HAL_RCC_GetSysClockFreq
 .text.HAL_RCC_GetHCLKFreq
                0x0000000008002ee0       0x14 ./Drivers/STM32F1xx_HAL_Driver/Src/stm32f1xx_hal_rcc.o
                0x0000000008002ee0                HAL_RCC_GetHCLKFreq
 .text.HAL_RCC_GetPCLK1Freq
                0x0000000008002ef4       0x28 ./Drivers/STM32F1xx_HAL_Driver/Src/stm32f1xx_hal_rcc.o
                0x0000000008002ef4                HAL_RCC_GetPCLK1Freq
 .text.RCC_Delay
                0x0000000008002f1c       0x3c ./Drivers/STM32F1xx_HAL_Driver/Src/stm32f1xx_hal_rcc.o
 .text.HAL_SPI_Init
                0x0000000008002f58      0x108 ./Drivers/STM32F1xx_HAL_Driver/Src/stm32f1xx_hal_spi.o
                0x0000000008002f58                HAL_SPI_Init
 .text.HAL_SPI_Transmit
                0x0000000008003060      0x288 ./Drivers/STM32F1xx_HAL_Driver/Src/stm32f1xx_hal_spi.o
                0x0000000008003060                HAL_SPI_Transmit
 .text.HAL_SPI_TransmitReceive
                0x00000000080032e8      0x352 ./Drivers/STM32F1xx_HAL_Driver/Src/stm32f1xx_hal_spi.o
                0x00000000080032e8                HAL_SPI_TransmitReceive
 *fill*         0x000000000800363a        0x2 
 .text.SPI_WaitFlagStateUntilTimeout
                0x000000000800363c      0x110 ./Drivers/STM32F1xx_HAL_Driver/Src/stm32f1xx_hal_spi.o
 .text.SPI_EndRxTxTransaction
                0x000000000800374c       0x62 ./Drivers/STM32F1xx_HAL_Driver/Src/stm32f1xx_hal_spi.o
 *fill*         0x00000000080037ae        0x2 
 .text.MX_FATFS_Init
                0x00000000080037b0       0x24 ./FATFS/App/fatfs.o
                0x00000000080037b0                MX_FATFS_Init
 .text.USER_initialize
                0x00000000080037d4       0x1c ./FATFS/Target/user_diskio.o
                0x00000000080037d4                USER_initialize
 .text.USER_status
                0x00000000080037f0       0x1c ./FATFS/Target/user_diskio.o
                0x00000000080037f0                USER_status
 .text.USER_read
                0x000000000800380c       0x26 ./FATFS/Target/user_diskio.o
                0x000000000800380c                USER_read
 .text.USER_write
                0x0000000008003832       0x26 ./FATFS/Target/user_diskio.o
                0x0000000008003832                USER_write
 .text.USER_ioctl
                0x0000000008003858       0x26 ./FATFS/Target/user_diskio.o
                0x0000000008003858                USER_ioctl
 *fill*         0x000000000800387e        0x2 
 .text.FATFS_LinkDriverEx
                0x0000000008003880       0x94 ./Middlewares/Third_Party/FatFs/src/ff_gen_drv.o
                0x0000000008003880                FATFS_LinkDriverEx
 .text.FATFS_LinkDriver
                0x0000000008003914       0x1e ./Middlewares/Third_Party/FatFs/src/ff_gen_drv.o
                0x0000000008003914                FATFS_LinkDriver
 .text.__itoa   0x0000000008003932       0x30 C:/ST/STM32CubeIDE_1.14.1/STM32CubeIDE/plugins/com.st.stm32cube.ide.mcu.externaltools.gnu-tools-for-stm32.11.3.rel1.win32_1.1.100.202309141235/tools/bin/../lib/gcc/arm-none-eabi/11.3.1/../../../../arm-none-eabi/lib/thumb/v7-m/nofp\libc_nano.a(libc_a-itoa.o)
                0x0000000008003932                __itoa
 .text.itoa     0x0000000008003962        0x4 C:/ST/STM32CubeIDE_1.14.1/STM32CubeIDE/plugins/com.st.stm32cube.ide.mcu.externaltools.gnu-tools-for-stm32.11.3.rel1.win32_1.1.100.202309141235/tools/bin/../lib/gcc/arm-none-eabi/11.3.1/../../../../arm-none-eabi/lib/thumb/v7-m/nofp\libc_nano.a(libc_a-itoa.o)
                0x0000000008003962                itoa
 *fill*         0x0000000008003966        0x2 
 .text.__utoa   0x0000000008003968       0x84 C:/ST/STM32CubeIDE_1.14.1/STM32CubeIDE/plugins/com.st.stm32cube.ide.mcu.externaltools.gnu-tools-for-stm32.11.3.rel1.win32_1.1.100.202309141235/tools/bin/../lib/gcc/arm-none-eabi/11.3.1/../../../../arm-none-eabi/lib/thumb/v7-m/nofp\libc_nano.a(libc_a-utoa.o)
                0x0000000008003968                __utoa
 .text.memset   0x00000000080039ec       0x10 C:/ST/STM32CubeIDE_1.14.1/STM32CubeIDE/plugins/com.st.stm32cube.ide.mcu.externaltools.gnu-tools-for-stm32.11.3.rel1.win32_1.1.100.202309141235/tools/bin/../lib/gcc/arm-none-eabi/11.3.1/../../../../arm-none-eabi/lib/thumb/v7-m/nofp\libc_nano.a(libc_a-memset.o)
                0x00000000080039ec                memset
 .text.__libc_init_array
                0x00000000080039fc       0x48 C:/ST/STM32CubeIDE_1.14.1/STM32CubeIDE/plugins/com.st.stm32cube.ide.mcu.externaltools.gnu-tools-for-stm32.11.3.rel1.win32_1.1.100.202309141235/tools/bin/../lib/gcc/arm-none-eabi/11.3.1/../../../../arm-none-eabi/lib/thumb/v7-m/nofp\libc_nano.a(libc_a-init.o)
                0x00000000080039fc                __libc_init_array
 *(.glue_7)
 .glue_7        0x0000000008003a44        0x0 linker stubs
 *(.glue_7t)
 .glue_7t       0x0000000008003a44        0x0 linker stubs
 *(.eh_frame)
 .eh_frame      0x0000000008003a44        0x0 C:/ST/STM32CubeIDE_1.14.1/STM32CubeIDE/plugins/com.st.stm32cube.ide.mcu.externaltools.gnu-tools-for-stm32.11.3.rel1.win32_1.1.100.202309141235/tools/bin/../lib/gcc/arm-none-eabi/11.3.1/thumb/v7-m/nofp/crtbegin.o
 *(.init)
 .init          0x0000000008003a44        0x4 C:/ST/STM32CubeIDE_1.14.1/STM32CubeIDE/plugins/com.st.stm32cube.ide.mcu.externaltools.gnu-tools-for-stm32.11.3.rel1.win32_1.1.100.202309141235/tools/bin/../lib/gcc/arm-none-eabi/11.3.1/thumb/v7-m/nofp/crti.o
                0x0000000008003a44                _init
 .init          0x0000000008003a48        0x8 C:/ST/STM32CubeIDE_1.14.1/STM32CubeIDE/plugins/com.st.stm32cube.ide.mcu.externaltools.gnu-tools-for-stm32.11.3.rel1.win32_1.1.100.202309141235/tools/bin/../lib/gcc/arm-none-eabi/11.3.1/thumb/v7-m/nofp/crtn.o
 *(.fini)
 .fini          0x0000000008003a50        0x4 C:/ST/STM32CubeIDE_1.14.1/STM32CubeIDE/plugins/com.st.stm32cube.ide.mcu.externaltools.gnu-tools-for-stm32.11.3.rel1.win32_1.1.100.202309141235/tools/bin/../lib/gcc/arm-none-eabi/11.3.1/thumb/v7-m/nofp/crti.o
                0x0000000008003a50                _fini
 .fini          0x0000000008003a54        0x8 C:/ST/STM32CubeIDE_1.14.1/STM32CubeIDE/plugins/com.st.stm32cube.ide.mcu.externaltools.gnu-tools-for-stm32.11.3.rel1.win32_1.1.100.202309141235/tools/bin/../lib/gcc/arm-none-eabi/11.3.1/thumb/v7-m/nofp/crtn.o
                0x0000000008003a5c                . = ALIGN (0x4)
                0x0000000008003a5c                _etext = .

.vfp11_veneer   0x0000000008003a5c        0x0
 .vfp11_veneer  0x0000000008003a5c        0x0 linker stubs

.v4_bx          0x0000000008003a5c        0x0
 .v4_bx         0x0000000008003a5c        0x0 linker stubs

.iplt           0x0000000008003a5c        0x0
 .iplt          0x0000000008003a5c        0x0 C:/ST/STM32CubeIDE_1.14.1/STM32CubeIDE/plugins/com.st.stm32cube.ide.mcu.externaltools.gnu-tools-for-stm32.11.3.rel1.win32_1.1.100.202309141235/tools/bin/../lib/gcc/arm-none-eabi/11.3.1/thumb/v7-m/nofp/crtbegin.o

.rodata         0x0000000008003a5c     0x210c
                0x0000000008003a5c                . = ALIGN (0x4)
 *(.rodata)
 .rodata        0x0000000008003a5c       0x11 ./Core/Src/aplication.o
 *(.rodata*)
 *fill*         0x0000000008003a6d        0x3 
 .rodata.Font11x18
                0x0000000008003a70      0xd5c ./Core/Src/fonts.o
                0x0000000008003a70                Font11x18
 .rodata.Font16x26
                0x00000000080047cc     0x134c ./Core/Src/fonts.o
                0x00000000080047cc                Font16x26
 .rodata.AHBPrescTable
                0x0000000008005b18       0x10 ./Core/Src/system_stm32f1xx.o
                0x0000000008005b18                AHBPrescTable
 .rodata.APBPrescTable
                0x0000000008005b28        0x8 ./Core/Src/system_stm32f1xx.o
                0x0000000008005b28                APBPrescTable
 .rodata.aPLLMULFactorTable.1
                0x0000000008005b30       0x10 ./Drivers/STM32F1xx_HAL_Driver/Src/stm32f1xx_hal_rcc.o
 .rodata.aPredivFactorTable.0
                0x0000000008005b40        0x2 ./Drivers/STM32F1xx_HAL_Driver/Src/stm32f1xx_hal_rcc.o
 .rodata.__utoa.str1.1
                0x0000000008005b42       0x25 C:/ST/STM32CubeIDE_1.14.1/STM32CubeIDE/plugins/com.st.stm32cube.ide.mcu.externaltools.gnu-tools-for-stm32.11.3.rel1.win32_1.1.100.202309141235/tools/bin/../lib/gcc/arm-none-eabi/11.3.1/../../../../arm-none-eabi/lib/thumb/v7-m/nofp\libc_nano.a(libc_a-utoa.o)
                0x0000000008005b68                . = ALIGN (0x4)
 *fill*         0x0000000008005b67        0x1 

.rel.dyn        0x0000000008005b68        0x0
 .rel.iplt      0x0000000008005b68        0x0 C:/ST/STM32CubeIDE_1.14.1/STM32CubeIDE/plugins/com.st.stm32cube.ide.mcu.externaltools.gnu-tools-for-stm32.11.3.rel1.win32_1.1.100.202309141235/tools/bin/../lib/gcc/arm-none-eabi/11.3.1/thumb/v7-m/nofp/crtbegin.o

.ARM.extab      0x0000000008005b68        0x0
                0x0000000008005b68                . = ALIGN (0x4)
 *(.ARM.extab* .gnu.linkonce.armextab.*)
                0x0000000008005b68                . = ALIGN (0x4)

.ARM            0x0000000008005b68        0x0
                0x0000000008005b68                . = ALIGN (0x4)
                0x0000000008005b68                __exidx_start = .
 *(.ARM.exidx*)
                0x0000000008005b68                __exidx_end = .
                0x0000000008005b68                . = ALIGN (0x4)

.preinit_array  0x0000000008005b68        0x0
                0x0000000008005b68                . = ALIGN (0x4)
                0x0000000008005b68                PROVIDE (__preinit_array_start = .)
 *(.preinit_array*)
                0x0000000008005b68                PROVIDE (__preinit_array_end = .)
                0x0000000008005b68                . = ALIGN (0x4)

.init_array     0x0000000008005b68        0x4
                0x0000000008005b68                . = ALIGN (0x4)
                0x0000000008005b68                PROVIDE (__init_array_start = .)
 *(SORT_BY_NAME(.init_array.*))
 *(.init_array*)
 .init_array    0x0000000008005b68        0x4 C:/ST/STM32CubeIDE_1.14.1/STM32CubeIDE/plugins/com.st.stm32cube.ide.mcu.externaltools.gnu-tools-for-stm32.11.3.rel1.win32_1.1.100.202309141235/tools/bin/../lib/gcc/arm-none-eabi/11.3.1/thumb/v7-m/nofp/crtbegin.o
                0x0000000008005b6c                PROVIDE (__init_array_end = .)
                0x0000000008005b6c                . = ALIGN (0x4)

.fini_array     0x0000000008005b6c        0x4
                0x0000000008005b6c                . = ALIGN (0x4)
                [!provide]                        PROVIDE (__fini_array_start = .)
 *(SORT_BY_NAME(.fini_array.*))
 *(.fini_array*)
 .fini_array    0x0000000008005b6c        0x4 C:/ST/STM32CubeIDE_1.14.1/STM32CubeIDE/plugins/com.st.stm32cube.ide.mcu.externaltools.gnu-tools-for-stm32.11.3.rel1.win32_1.1.100.202309141235/tools/bin/../lib/gcc/arm-none-eabi/11.3.1/thumb/v7-m/nofp/crtbegin.o
                [!provide]                        PROVIDE (__fini_array_end = .)
                0x0000000008005b70                . = ALIGN (0x4)
                0x0000000008005b70                _sidata = LOADADDR (.data)

.data           0x0000000020000000       0x34 load address 0x0000000008005b70
                0x0000000020000000                . = ALIGN (0x4)
                0x0000000020000000                _sdata = .
 *(.data)
 *(.data*)
 .data.Stat     0x0000000020000000        0x1 ./Core/Src/fatfs_sd.o
 *fill*         0x0000000020000001        0x3 
 .data.Font_11x18
                0x0000000020000004        0x8 ./Core/Src/fonts.o
                0x0000000020000004                Font_11x18
 .data.Font_16x26
                0x000000002000000c        0x8 ./Core/Src/fonts.o
                0x000000002000000c                Font_16x26
 .data.SystemCoreClock
                0x0000000020000014        0x4 ./Core/Src/system_stm32f1xx.o
                0x0000000020000014                SystemCoreClock
 .data.uwTickPrio
                0x0000000020000018        0x4 ./Drivers/STM32F1xx_HAL_Driver/Src/stm32f1xx_hal.o
                0x0000000020000018                uwTickPrio
 .data.uwTickFreq
                0x000000002000001c        0x1 ./Drivers/STM32F1xx_HAL_Driver/Src/stm32f1xx_hal.o
                0x000000002000001c                uwTickFreq
 *fill*         0x000000002000001d        0x3 
 .data.USER_Driver
                0x0000000020000020       0x14 ./FATFS/Target/user_diskio.o
                0x0000000020000020                USER_Driver
 *(.RamFunc)
 *(.RamFunc*)
                0x0000000020000034                . = ALIGN (0x4)
                0x0000000020000034                _edata = .

.igot.plt       0x0000000020000034        0x0 load address 0x0000000008005ba4
 .igot.plt      0x0000000020000034        0x0 C:/ST/STM32CubeIDE_1.14.1/STM32CubeIDE/plugins/com.st.stm32cube.ide.mcu.externaltools.gnu-tools-for-stm32.11.3.rel1.win32_1.1.100.202309141235/tools/bin/../lib/gcc/arm-none-eabi/11.3.1/thumb/v7-m/nofp/crtbegin.o
                0x0000000020000034                . = ALIGN (0x4)

.bss            0x0000000020000034      0x4f0 load address 0x0000000008005ba4
                0x0000000020000034                _sbss = .
                0x0000000020000034                __bss_start__ = _sbss
 *(.bss)
 .bss           0x0000000020000034       0x1c C:/ST/STM32CubeIDE_1.14.1/STM32CubeIDE/plugins/com.st.stm32cube.ide.mcu.externaltools.gnu-tools-for-stm32.11.3.rel1.win32_1.1.100.202309141235/tools/bin/../lib/gcc/arm-none-eabi/11.3.1/thumb/v7-m/nofp/crtbegin.o
 *(.bss*)
 .bss.Display   0x0000000020000050        0x2 ./Core/Src/aplication.o
                0x0000000020000050                Display
 .bss.Timer1    0x0000000020000052        0x2 ./Core/Src/fatfs_sd.o
                0x0000000020000052                Timer1
 .bss.Timer2    0x0000000020000054        0x2 ./Core/Src/fatfs_sd.o
                0x0000000020000054                Timer2
 .bss.CardType  0x0000000020000056        0x1 ./Core/Src/fatfs_sd.o
 .bss.PowerFlag
                0x0000000020000057        0x1 ./Core/Src/fatfs_sd.o
 .bss.hi2c1     0x0000000020000058       0x54 ./Core/Src/main.o
                0x0000000020000058                hi2c1
 .bss.hspi1     0x00000000200000ac       0x58 ./Core/Src/main.o
                0x00000000200000ac                hspi1
 .bss.SSD1306_Buffer
                0x0000000020000104      0x400 ./Core/Src/ssd1306.o
 .bss.SSD1306   0x0000000020000504        0x6 ./Core/Src/ssd1306.o
 *fill*         0x000000002000050a        0x2 
 .bss.uwTick    0x000000002000050c        0x4 ./Drivers/STM32F1xx_HAL_Driver/Src/stm32f1xx_hal.o
                0x000000002000050c                uwTick
 .bss.retUSER   0x0000000020000510        0x1 ./FATFS/App/fatfs.o
                0x0000000020000510                retUSER
 *fill*         0x0000000020000511        0x3 
 .bss.USERPath  0x0000000020000514        0x4 ./FATFS/App/fatfs.o
                0x0000000020000514                USERPath
 .bss.disk      0x0000000020000518        0xc ./Middlewares/Third_Party/FatFs/src/ff_gen_drv.o
                0x0000000020000518                disk
 *(COMMON)
                0x0000000020000524                . = ALIGN (0x4)
                0x0000000020000524                _ebss = .
                0x0000000020000524                __bss_end__ = _ebss

._user_heap_stack
                0x0000000020000524      0x604 load address 0x0000000008005ba4
                0x0000000020000528                . = ALIGN (0x8)
 *fill*         0x0000000020000524        0x4 
                [!provide]                        PROVIDE (end = .)
                0x0000000020000528                PROVIDE (_end = .)
                0x0000000020000728                . = (. + _Min_Heap_Size)
 *fill*         0x0000000020000528      0x200 
                0x0000000020000b28                . = (. + _Min_Stack_Size)
 *fill*         0x0000000020000728      0x400 
                0x0000000020000b28                . = ALIGN (0x8)

/DISCARD/
 libc.a(*)
 libm.a(*)
 libgcc.a(*)

.ARM.attributes
                0x0000000000000000       0x29
 *(.ARM.attributes)
 .ARM.attributes
                0x0000000000000000       0x1d C:/ST/STM32CubeIDE_1.14.1/STM32CubeIDE/plugins/com.st.stm32cube.ide.mcu.externaltools.gnu-tools-for-stm32.11.3.rel1.win32_1.1.100.202309141235/tools/bin/../lib/gcc/arm-none-eabi/11.3.1/thumb/v7-m/nofp/crti.o
 .ARM.attributes
                0x000000000000001d       0x2d C:/ST/STM32CubeIDE_1.14.1/STM32CubeIDE/plugins/com.st.stm32cube.ide.mcu.externaltools.gnu-tools-for-stm32.11.3.rel1.win32_1.1.100.202309141235/tools/bin/../lib/gcc/arm-none-eabi/11.3.1/thumb/v7-m/nofp/crtbegin.o
 .ARM.attributes
                0x000000000000004a       0x2d ./Core/Src/aplication.o
 .ARM.attributes
                0x0000000000000077       0x2d ./Core/Src/fatfs_sd.o
 .ARM.attributes
                0x00000000000000a4       0x2d ./Core/Src/fonts.o
 .ARM.attributes
                0x00000000000000d1       0x2d ./Core/Src/main.o
 .ARM.attributes
                0x00000000000000fe       0x2d ./Core/Src/ssd1306.o
 .ARM.attributes
                0x000000000000012b       0x2d ./Core/Src/stm32f1xx_hal_msp.o
 .ARM.attributes
                0x0000000000000158       0x2d ./Core/Src/stm32f1xx_it.o
 .ARM.attributes
                0x0000000000000185       0x2d ./Core/Src/system_stm32f1xx.o
 .ARM.attributes
                0x00000000000001b2       0x21 ./Core/Startup/startup_stm32f103c8tx.o
 .ARM.attributes
                0x00000000000001d3       0x2d ./Drivers/STM32F1xx_HAL_Driver/Src/stm32f1xx_hal.o
 .ARM.attributes
                0x0000000000000200       0x2d ./Drivers/STM32F1xx_HAL_Driver/Src/stm32f1xx_hal_cortex.o
 .ARM.attributes
                0x000000000000022d       0x2d ./Drivers/STM32F1xx_HAL_Driver/Src/stm32f1xx_hal_gpio.o
 .ARM.attributes
                0x000000000000025a       0x2d ./Drivers/STM32F1xx_HAL_Driver/Src/stm32f1xx_hal_i2c.o
 .ARM.attributes
                0x0000000000000287       0x2d ./Drivers/STM32F1xx_HAL_Driver/Src/stm32f1xx_hal_rcc.o
 .ARM.attributes
                0x00000000000002b4       0x2d ./Drivers/STM32F1xx_HAL_Driver/Src/stm32f1xx_hal_spi.o
 .ARM.attributes
                0x00000000000002e1       0x2d ./FATFS/App/fatfs.o
 .ARM.attributes
                0x000000000000030e       0x2d ./FATFS/Target/user_diskio.o
 .ARM.attributes
                0x000000000000033b       0x2d ./Middlewares/Third_Party/FatFs/src/ff_gen_drv.o
 .ARM.attributes
                0x0000000000000368       0x2d C:/ST/STM32CubeIDE_1.14.1/STM32CubeIDE/plugins/com.st.stm32cube.ide.mcu.externaltools.gnu-tools-for-stm32.11.3.rel1.win32_1.1.100.202309141235/tools/bin/../lib/gcc/arm-none-eabi/11.3.1/../../../../arm-none-eabi/lib/thumb/v7-m/nofp\libc_nano.a(libc_a-itoa.o)
 .ARM.attributes
                0x0000000000000395       0x2d C:/ST/STM32CubeIDE_1.14.1/STM32CubeIDE/plugins/com.st.stm32cube.ide.mcu.externaltools.gnu-tools-for-stm32.11.3.rel1.win32_1.1.100.202309141235/tools/bin/../lib/gcc/arm-none-eabi/11.3.1/../../../../arm-none-eabi/lib/thumb/v7-m/nofp\libc_nano.a(libc_a-utoa.o)
 .ARM.attributes
                0x00000000000003c2       0x2d C:/ST/STM32CubeIDE_1.14.1/STM32CubeIDE/plugins/com.st.stm32cube.ide.mcu.externaltools.gnu-tools-for-stm32.11.3.rel1.win32_1.1.100.202309141235/tools/bin/../lib/gcc/arm-none-eabi/11.3.1/../../../../arm-none-eabi/lib/thumb/v7-m/nofp\libc_nano.a(libc_a-memset.o)
 .ARM.attributes
                0x00000000000003ef       0x2d C:/ST/STM32CubeIDE_1.14.1/STM32CubeIDE/plugins/com.st.stm32cube.ide.mcu.externaltools.gnu-tools-for-stm32.11.3.rel1.win32_1.1.100.202309141235/tools/bin/../lib/gcc/arm-none-eabi/11.3.1/../../../../arm-none-eabi/lib/thumb/v7-m/nofp\libc_nano.a(libc_a-init.o)
 .ARM.attributes
                0x000000000000041c       0x1d C:/ST/STM32CubeIDE_1.14.1/STM32CubeIDE/plugins/com.st.stm32cube.ide.mcu.externaltools.gnu-tools-for-stm32.11.3.rel1.win32_1.1.100.202309141235/tools/bin/../lib/gcc/arm-none-eabi/11.3.1/thumb/v7-m/nofp/crtn.o
OUTPUT(GNSS_SD_CARD.elf elf32-littlearm)
LOAD linker stubs
LOAD C:/ST/STM32CubeIDE_1.14.1/STM32CubeIDE/plugins/com.st.stm32cube.ide.mcu.externaltools.gnu-tools-for-stm32.11.3.rel1.win32_1.1.100.202309141235/tools/bin/../lib/gcc/arm-none-eabi/11.3.1/../../../../arm-none-eabi/lib/thumb/v7-m/nofp\libc.a
LOAD C:/ST/STM32CubeIDE_1.14.1/STM32CubeIDE/plugins/com.st.stm32cube.ide.mcu.externaltools.gnu-tools-for-stm32.11.3.rel1.win32_1.1.100.202309141235/tools/bin/../lib/gcc/arm-none-eabi/11.3.1/../../../../arm-none-eabi/lib/thumb/v7-m/nofp\libm.a
LOAD C:/ST/STM32CubeIDE_1.14.1/STM32CubeIDE/plugins/com.st.stm32cube.ide.mcu.externaltools.gnu-tools-for-stm32.11.3.rel1.win32_1.1.100.202309141235/tools/bin/../lib/gcc/arm-none-eabi/11.3.1/thumb/v7-m/nofp\libgcc.a

.comment        0x0000000000000000       0x43
 .comment       0x0000000000000000       0x43 C:/ST/STM32CubeIDE_1.14.1/STM32CubeIDE/plugins/com.st.stm32cube.ide.mcu.externaltools.gnu-tools-for-stm32.11.3.rel1.win32_1.1.100.202309141235/tools/bin/../lib/gcc/arm-none-eabi/11.3.1/thumb/v7-m/nofp/crtbegin.o
                                         0x44 (size before relaxing)
 .comment       0x0000000000000043       0x44 ./Core/Src/aplication.o
 .comment       0x0000000000000043       0x44 ./Core/Src/fatfs_sd.o
 .comment       0x0000000000000043       0x44 ./Core/Src/fonts.o
 .comment       0x0000000000000043       0x44 ./Core/Src/main.o
 .comment       0x0000000000000043       0x44 ./Core/Src/ssd1306.o
 .comment       0x0000000000000043       0x44 ./Core/Src/stm32f1xx_hal_msp.o
 .comment       0x0000000000000043       0x44 ./Core/Src/stm32f1xx_it.o
 .comment       0x0000000000000043       0x44 ./Core/Src/system_stm32f1xx.o
 .comment       0x0000000000000043       0x44 ./Drivers/STM32F1xx_HAL_Driver/Src/stm32f1xx_hal.o
 .comment       0x0000000000000043       0x44 ./Drivers/STM32F1xx_HAL_Driver/Src/stm32f1xx_hal_cortex.o
 .comment       0x0000000000000043       0x44 ./Drivers/STM32F1xx_HAL_Driver/Src/stm32f1xx_hal_gpio.o
 .comment       0x0000000000000043       0x44 ./Drivers/STM32F1xx_HAL_Driver/Src/stm32f1xx_hal_i2c.o
 .comment       0x0000000000000043       0x44 ./Drivers/STM32F1xx_HAL_Driver/Src/stm32f1xx_hal_rcc.o
 .comment       0x0000000000000043       0x44 ./Drivers/STM32F1xx_HAL_Driver/Src/stm32f1xx_hal_spi.o
 .comment       0x0000000000000043       0x44 ./FATFS/App/fatfs.o
 .comment       0x0000000000000043       0x44 ./FATFS/Target/user_diskio.o
 .comment       0x0000000000000043       0x44 ./Middlewares/Third_Party/FatFs/src/ff_gen_drv.o

.debug_info     0x0000000000000000     0xa36b
 .debug_info    0x0000000000000000      0x2a6 ./Core/Src/aplication.o
 .debug_info    0x00000000000002a6      0xbb2 ./Core/Src/fatfs_sd.o
 .debug_info    0x0000000000000e58      0x255 ./Core/Src/fonts.o
 .debug_info    0x00000000000010ad      0xf84 ./Core/Src/main.o
 .debug_info    0x0000000000002031     0x1028 ./Core/Src/ssd1306.o
 .debug_info    0x0000000000003059      0xb36 ./Core/Src/stm32f1xx_hal_msp.o
 .debug_info    0x0000000000003b8f      0x13f ./Core/Src/stm32f1xx_it.o
 .debug_info    0x0000000000003cce      0x222 ./Core/Src/system_stm32f1xx.o
 .debug_info    0x0000000000003ef0       0x23 ./Core/Startup/startup_stm32f103c8tx.o
 .debug_info    0x0000000000003f13      0x704 ./Drivers/STM32F1xx_HAL_Driver/Src/stm32f1xx_hal.o
 .debug_info    0x0000000000004617      0xa87 ./Drivers/STM32F1xx_HAL_Driver/Src/stm32f1xx_hal_cortex.o
 .debug_info    0x000000000000509e      0x5ab ./Drivers/STM32F1xx_HAL_Driver/Src/stm32f1xx_hal_gpio.o
 .debug_info    0x0000000000005649     0x2524 ./Drivers/STM32F1xx_HAL_Driver/Src/stm32f1xx_hal_i2c.o
 .debug_info    0x0000000000007b6d      0x7d5 ./Drivers/STM32F1xx_HAL_Driver/Src/stm32f1xx_hal_rcc.o
 .debug_info    0x0000000000008342     0x142d ./Drivers/STM32F1xx_HAL_Driver/Src/stm32f1xx_hal_spi.o
 .debug_info    0x000000000000976f      0x4dd ./FATFS/App/fatfs.o
 .debug_info    0x0000000000009c4c      0x3a5 ./FATFS/Target/user_diskio.o
 .debug_info    0x0000000000009ff1      0x37a ./Middlewares/Third_Party/FatFs/src/ff_gen_drv.o

.debug_abbrev   0x0000000000000000     0x224e
 .debug_abbrev  0x0000000000000000      0x173 ./Core/Src/aplication.o
 .debug_abbrev  0x0000000000000173      0x302 ./Core/Src/fatfs_sd.o
 .debug_abbrev  0x0000000000000475      0x11c ./Core/Src/fonts.o
 .debug_abbrev  0x0000000000000591      0x2fe ./Core/Src/main.o
 .debug_abbrev  0x000000000000088f      0x30d ./Core/Src/ssd1306.o
 .debug_abbrev  0x0000000000000b9c      0x1ac ./Core/Src/stm32f1xx_hal_msp.o
 .debug_abbrev  0x0000000000000d48       0x97 ./Core/Src/stm32f1xx_it.o
 .debug_abbrev  0x0000000000000ddf      0x13f ./Core/Src/system_stm32f1xx.o
 .debug_abbrev  0x0000000000000f1e       0x12 ./Core/Startup/startup_stm32f103c8tx.o
 .debug_abbrev  0x0000000000000f30      0x201 ./Drivers/STM32F1xx_HAL_Driver/Src/stm32f1xx_hal.o
 .debug_abbrev  0x0000000000001131      0x2f8 ./Drivers/STM32F1xx_HAL_Driver/Src/stm32f1xx_hal_cortex.o
 .debug_abbrev  0x0000000000001429      0x1ca ./Drivers/STM32F1xx_HAL_Driver/Src/stm32f1xx_hal_gpio.o
 .debug_abbrev  0x00000000000015f3      0x2a3 ./Drivers/STM32F1xx_HAL_Driver/Src/stm32f1xx_hal_i2c.o
 .debug_abbrev  0x0000000000001896      0x2b3 ./Drivers/STM32F1xx_HAL_Driver/Src/stm32f1xx_hal_rcc.o
 .debug_abbrev  0x0000000000001b49      0x27a ./Drivers/STM32F1xx_HAL_Driver/Src/stm32f1xx_hal_spi.o
 .debug_abbrev  0x0000000000001dc3      0x1a8 ./FATFS/App/fatfs.o
 .debug_abbrev  0x0000000000001f6b      0x144 ./FATFS/Target/user_diskio.o
 .debug_abbrev  0x00000000000020af      0x19f ./Middlewares/Third_Party/FatFs/src/ff_gen_drv.o

.debug_aranges  0x0000000000000000      0xb10
 .debug_aranges
                0x0000000000000000       0x30 ./Core/Src/aplication.o
 .debug_aranges
                0x0000000000000030       0xa8 ./Core/Src/fatfs_sd.o
 .debug_aranges
                0x00000000000000d8       0x20 ./Core/Src/fonts.o
 .debug_aranges
                0x00000000000000f8       0x48 ./Core/Src/main.o
 .debug_aranges
                0x0000000000000140       0xf8 ./Core/Src/ssd1306.o
 .debug_aranges
                0x0000000000000238       0x40 ./Core/Src/stm32f1xx_hal_msp.o
 .debug_aranges
                0x0000000000000278       0x60 ./Core/Src/stm32f1xx_it.o
 .debug_aranges
                0x00000000000002d8       0x28 ./Core/Src/system_stm32f1xx.o
 .debug_aranges
                0x0000000000000300       0x28 ./Core/Startup/startup_stm32f103c8tx.o
 .debug_aranges
                0x0000000000000328       0xe0 ./Drivers/STM32F1xx_HAL_Driver/Src/stm32f1xx_hal.o
 .debug_aranges
                0x0000000000000408      0x100 ./Drivers/STM32F1xx_HAL_Driver/Src/stm32f1xx_hal_cortex.o
 .debug_aranges
                0x0000000000000508       0x58 ./Drivers/STM32F1xx_HAL_Driver/Src/stm32f1xx_hal_gpio.o
 .debug_aranges
                0x0000000000000560      0x2a8 ./Drivers/STM32F1xx_HAL_Driver/Src/stm32f1xx_hal_i2c.o
 .debug_aranges
                0x0000000000000808       0x90 ./Drivers/STM32F1xx_HAL_Driver/Src/stm32f1xx_hal_rcc.o
 .debug_aranges
                0x0000000000000898      0x1d0 ./Drivers/STM32F1xx_HAL_Driver/Src/stm32f1xx_hal_spi.o
 .debug_aranges
                0x0000000000000a68       0x28 ./FATFS/App/fatfs.o
 .debug_aranges
                0x0000000000000a90       0x40 ./FATFS/Target/user_diskio.o
 .debug_aranges
                0x0000000000000ad0       0x40 ./Middlewares/Third_Party/FatFs/src/ff_gen_drv.o

.debug_rnglists
                0x0000000000000000      0x86b
 .debug_rnglists
                0x0000000000000000       0x20 ./Core/Src/aplication.o
 .debug_rnglists
                0x0000000000000020       0x80 ./Core/Src/fatfs_sd.o
 .debug_rnglists
                0x00000000000000a0       0x13 ./Core/Src/fonts.o
 .debug_rnglists
                0x00000000000000b3       0x31 ./Core/Src/main.o
 .debug_rnglists
                0x00000000000000e4       0xc2 ./Core/Src/ssd1306.o
 .debug_rnglists
                0x00000000000001a6       0x2c ./Core/Src/stm32f1xx_hal_msp.o
 .debug_rnglists
                0x00000000000001d2       0x43 ./Core/Src/stm32f1xx_it.o
 .debug_rnglists
                0x0000000000000215       0x1a ./Core/Src/system_stm32f1xx.o
 .debug_rnglists
                0x000000000000022f       0x19 ./Core/Startup/startup_stm32f103c8tx.o
 .debug_rnglists
                0x0000000000000248       0xa3 ./Drivers/STM32F1xx_HAL_Driver/Src/stm32f1xx_hal.o
 .debug_rnglists
                0x00000000000002eb       0xbb ./Drivers/STM32F1xx_HAL_Driver/Src/stm32f1xx_hal_cortex.o
 .debug_rnglists
                0x00000000000003a6       0x3f ./Drivers/STM32F1xx_HAL_Driver/Src/stm32f1xx_hal_gpio.o
 .debug_rnglists
                0x00000000000003e5      0x23c ./Drivers/STM32F1xx_HAL_Driver/Src/stm32f1xx_hal_i2c.o
 .debug_rnglists
                0x0000000000000621       0x6c ./Drivers/STM32F1xx_HAL_Driver/Src/stm32f1xx_hal_rcc.o
 .debug_rnglists
                0x000000000000068d      0x16e ./Drivers/STM32F1xx_HAL_Driver/Src/stm32f1xx_hal_spi.o
 .debug_rnglists
                0x00000000000007fb       0x19 ./FATFS/App/fatfs.o
 .debug_rnglists
                0x0000000000000814       0x2b ./FATFS/Target/user_diskio.o
 .debug_rnglists
                0x000000000000083f       0x2c ./Middlewares/Third_Party/FatFs/src/ff_gen_drv.o

.debug_macro    0x0000000000000000    0x180e0
 .debug_macro   0x0000000000000000      0x2c1 ./Core/Src/aplication.o
 .debug_macro   0x00000000000002c1      0xa9c ./Core/Src/aplication.o
 .debug_macro   0x0000000000000d5d      0x21b ./Core/Src/aplication.o
 .debug_macro   0x0000000000000f78       0x2e ./Core/Src/aplication.o
 .debug_macro   0x0000000000000fa6       0x22 ./Core/Src/aplication.o
 .debug_macro   0x0000000000000fc8       0x22 ./Core/Src/aplication.o
 .debug_macro   0x0000000000000fea       0x8e ./Core/Src/aplication.o
 .debug_macro   0x0000000000001078       0x51 ./Core/Src/aplication.o
 .debug_macro   0x00000000000010c9      0x103 ./Core/Src/aplication.o
 .debug_macro   0x00000000000011cc       0x6a ./Core/Src/aplication.o
 .debug_macro   0x0000000000001236      0x1df ./Core/Src/aplication.o
 .debug_macro   0x0000000000001415       0x1c ./Core/Src/aplication.o
 .debug_macro   0x0000000000001431       0x22 ./Core/Src/aplication.o
 .debug_macro   0x0000000000001453       0xbd ./Core/Src/aplication.o
 .debug_macro   0x0000000000001510      0xd23 ./Core/Src/aplication.o
 .debug_macro   0x0000000000002233     0xe09e ./Core/Src/aplication.o
 .debug_macro   0x00000000000102d1       0x6d ./Core/Src/aplication.o
 .debug_macro   0x000000000001033e     0x34a2 ./Core/Src/aplication.o
 .debug_macro   0x00000000000137e0      0x174 ./Core/Src/aplication.o
 .debug_macro   0x0000000000013954       0x5c ./Core/Src/aplication.o
 .debug_macro   0x00000000000139b0      0x5bc ./Core/Src/aplication.o
 .debug_macro   0x0000000000013f6c      0x289 ./Core/Src/aplication.o
 .debug_macro   0x00000000000141f5      0x1cb ./Core/Src/aplication.o
 .debug_macro   0x00000000000143c0      0x114 ./Core/Src/aplication.o
 .debug_macro   0x00000000000144d4      0x1b2 ./Core/Src/aplication.o
 .debug_macro   0x0000000000014686       0x27 ./Core/Src/aplication.o
 .debug_macro   0x00000000000146ad      0x136 ./Core/Src/aplication.o
 .debug_macro   0x00000000000147e3      0x1bc ./Core/Src/aplication.o
 .debug_macro   0x000000000001499f       0x34 ./Core/Src/aplication.o
 .debug_macro   0x00000000000149d3       0x3c ./Core/Src/aplication.o
 .debug_macro   0x0000000000014a0f       0x57 ./Core/Src/aplication.o
 .debug_macro   0x0000000000014a66       0x87 ./Core/Src/aplication.o
 .debug_macro   0x0000000000014aed      0x240 ./Core/Src/aplication.o
 .debug_macro   0x0000000000014d2d      0x287 ./Core/Src/aplication.o
 .debug_macro   0x0000000000014fb4      0x140 ./Core/Src/aplication.o
 .debug_macro   0x00000000000150f4      0x217 ./Core/Src/aplication.o
 .debug_macro   0x000000000001530b       0x83 ./Core/Src/aplication.o
 .debug_macro   0x000000000001538e       0x61 ./Core/Src/aplication.o
 .debug_macro   0x00000000000153ef       0x24 ./Core/Src/aplication.o
 .debug_macro   0x0000000000015413       0x43 ./Core/Src/aplication.o
 .debug_macro   0x0000000000015456       0x34 ./Core/Src/aplication.o
 .debug_macro   0x000000000001548a       0x16 ./Core/Src/aplication.o
 .debug_macro   0x00000000000154a0       0x43 ./Core/Src/aplication.o
 .debug_macro   0x00000000000154e3       0x34 ./Core/Src/aplication.o
 .debug_macro   0x0000000000015517       0x10 ./Core/Src/aplication.o
 .debug_macro   0x0000000000015527       0x58 ./Core/Src/aplication.o
 .debug_macro   0x000000000001557f       0x8e ./Core/Src/aplication.o
 .debug_macro   0x000000000001560d       0x1c ./Core/Src/aplication.o
 .debug_macro   0x0000000000015629      0x177 ./Core/Src/aplication.o
 .debug_macro   0x00000000000157a0      0x369 ./Core/Src/aplication.o
 .debug_macro   0x0000000000015b09       0x10 ./Core/Src/aplication.o
 .debug_macro   0x0000000000015b19       0x35 ./Core/Src/aplication.o
 .debug_macro   0x0000000000015b4e       0x20 ./Core/Src/aplication.o
 .debug_macro   0x0000000000015b6e       0x16 ./Core/Src/aplication.o
 .debug_macro   0x0000000000015b84       0x16 ./Core/Src/aplication.o
 .debug_macro   0x0000000000015b9a       0x29 ./Core/Src/aplication.o
 .debug_macro   0x0000000000015bc3       0x1d ./Core/Src/aplication.o
 .debug_macro   0x0000000000015be0      0x1cb ./Core/Src/fatfs_sd.o
 .debug_macro   0x0000000000015dab       0x16 ./Core/Src/fatfs_sd.o
 .debug_macro   0x0000000000015dc1       0x7c ./Core/Src/fatfs_sd.o
 .debug_macro   0x0000000000015e3d       0x9a ./Core/Src/fatfs_sd.o
 .debug_macro   0x0000000000015ed7      0x270 ./Core/Src/fonts.o
 .debug_macro   0x0000000000016147      0x318 ./Core/Src/main.o
 .debug_macro   0x000000000001645f       0xde ./Core/Src/main.o
 .debug_macro   0x000000000001653d       0xf5 ./Core/Src/main.o
 .debug_macro   0x0000000000016632       0x8e ./Core/Src/main.o
 .debug_macro   0x00000000000166c0      0x2fb ./Core/Src/ssd1306.o
 .debug_macro   0x00000000000169bb      0x1a2 ./Core/Src/stm32f1xx_hal_msp.o
 .debug_macro   0x0000000000016b5d      0x1ac ./Core/Src/stm32f1xx_it.o
 .debug_macro   0x0000000000016d09      0x198 ./Core/Src/system_stm32f1xx.o
 .debug_macro   0x0000000000016ea1      0x1bc ./Drivers/STM32F1xx_HAL_Driver/Src/stm32f1xx_hal.o
 .debug_macro   0x000000000001705d      0x198 ./Drivers/STM32F1xx_HAL_Driver/Src/stm32f1xx_hal_cortex.o
 .debug_macro   0x00000000000171f5      0x203 ./Drivers/STM32F1xx_HAL_Driver/Src/stm32f1xx_hal_gpio.o
 .debug_macro   0x00000000000173f8      0x1e6 ./Drivers/STM32F1xx_HAL_Driver/Src/stm32f1xx_hal_i2c.o
 .debug_macro   0x00000000000175de      0x1aa ./Drivers/STM32F1xx_HAL_Driver/Src/stm32f1xx_hal_rcc.o
 .debug_macro   0x0000000000017788      0x1a0 ./Drivers/STM32F1xx_HAL_Driver/Src/stm32f1xx_hal_spi.o
 .debug_macro   0x0000000000017928      0x1f5 ./FATFS/App/fatfs.o
 .debug_macro   0x0000000000017b1d       0xd8 ./FATFS/App/fatfs.o
 .debug_macro   0x0000000000017bf5      0x2b3 ./FATFS/Target/user_diskio.o
 .debug_macro   0x0000000000017ea8       0x56 ./FATFS/Target/user_diskio.o
 .debug_macro   0x0000000000017efe      0x1e2 ./Middlewares/Third_Party/FatFs/src/ff_gen_drv.o

.debug_line     0x0000000000000000     0xee63
 .debug_line    0x0000000000000000      0x90f ./Core/Src/aplication.o
 .debug_line    0x000000000000090f      0xdfc ./Core/Src/fatfs_sd.o
 .debug_line    0x000000000000170b      0x853 ./Core/Src/fonts.o
 .debug_line    0x0000000000001f5e      0xa78 ./Core/Src/main.o
 .debug_line    0x00000000000029d6     0x100c ./Core/Src/ssd1306.o
 .debug_line    0x00000000000039e2      0x788 ./Core/Src/stm32f1xx_hal_msp.o
 .debug_line    0x000000000000416a      0x7be ./Core/Src/stm32f1xx_it.o
 .debug_line    0x0000000000004928      0x768 ./Core/Src/system_stm32f1xx.o
 .debug_line    0x0000000000005090       0x78 ./Core/Startup/startup_stm32f103c8tx.o
 .debug_line    0x0000000000005108      0x995 ./Drivers/STM32F1xx_HAL_Driver/Src/stm32f1xx_hal.o
 .debug_line    0x0000000000005a9d      0xb7d ./Drivers/STM32F1xx_HAL_Driver/Src/stm32f1xx_hal_cortex.o
 .debug_line    0x000000000000661a      0xa2e ./Drivers/STM32F1xx_HAL_Driver/Src/stm32f1xx_hal_gpio.o
 .debug_line    0x0000000000007048     0x3b3c ./Drivers/STM32F1xx_HAL_Driver/Src/stm32f1xx_hal_i2c.o
 .debug_line    0x000000000000ab84      0xd9e ./Drivers/STM32F1xx_HAL_Driver/Src/stm32f1xx_hal_rcc.o
 .debug_line    0x000000000000b922     0x1c8f ./Drivers/STM32F1xx_HAL_Driver/Src/stm32f1xx_hal_spi.o
 .debug_line    0x000000000000d5b1      0x785 ./FATFS/App/fatfs.o
 .debug_line    0x000000000000dd36      0x91a ./FATFS/Target/user_diskio.o
 .debug_line    0x000000000000e650      0x813 ./Middlewares/Third_Party/FatFs/src/ff_gen_drv.o

.debug_str      0x0000000000000000    0x84598
 .debug_str     0x0000000000000000    0x80a1c ./Core/Src/aplication.o
                                      0x80d72 (size before relaxing)
 .debug_str     0x0000000000080a1c      0x8b9 ./Core/Src/fatfs_sd.o
                                      0x7e2bb (size before relaxing)
 .debug_str     0x00000000000812d5       0x7a ./Core/Src/fonts.o
                                      0x80b84 (size before relaxing)
 .debug_str     0x000000000008134f      0xb53 ./Core/Src/main.o
                                      0x81e14 (size before relaxing)
 .debug_str     0x0000000000081ea2      0x4e7 ./Core/Src/ssd1306.o
                                      0x81651 (size before relaxing)
 .debug_str     0x0000000000082389       0xb8 ./Core/Src/stm32f1xx_hal_msp.o
                                      0x7e100 (size before relaxing)
 .debug_str     0x0000000000082441       0xc9 ./Core/Src/stm32f1xx_it.o
                                      0x7da44 (size before relaxing)
 .debug_str     0x000000000008250a       0x7e ./Core/Src/system_stm32f1xx.o
                                      0x7da38 (size before relaxing)
 .debug_str     0x0000000000082588       0x34 ./Core/Startup/startup_stm32f103c8tx.o
                                         0x64 (size before relaxing)
 .debug_str     0x00000000000825bc      0x5fd ./Drivers/STM32F1xx_HAL_Driver/Src/stm32f1xx_hal.o
                                      0x7e16b (size before relaxing)
 .debug_str     0x0000000000082bb9      0x2bb ./Drivers/STM32F1xx_HAL_Driver/Src/stm32f1xx_hal_cortex.o
                                      0x7e0b7 (size before relaxing)
 .debug_str     0x0000000000082e74      0x2e6 ./Drivers/STM32F1xx_HAL_Driver/Src/stm32f1xx_hal_gpio.o
                                      0x7ddbe (size before relaxing)
 .debug_str     0x000000000008315a      0xba7 ./Drivers/STM32F1xx_HAL_Driver/Src/stm32f1xx_hal_i2c.o
                                      0x7eaff (size before relaxing)
 .debug_str     0x0000000000083d01      0x209 ./Drivers/STM32F1xx_HAL_Driver/Src/stm32f1xx_hal_rcc.o
                                      0x7de67 (size before relaxing)
 .debug_str     0x0000000000083f0a      0x506 ./Drivers/STM32F1xx_HAL_Driver/Src/stm32f1xx_hal_spi.o
                                      0x7e35e (size before relaxing)
 .debug_str     0x0000000000084410       0x74 ./FATFS/App/fatfs.o
                                      0x7e2cb (size before relaxing)
 .debug_str     0x0000000000084484       0x5a ./FATFS/Target/user_diskio.o
                                      0x814f0 (size before relaxing)
 .debug_str     0x00000000000844de       0xba ./Middlewares/Third_Party/FatFs/src/ff_gen_drv.o
                                      0x7e242 (size before relaxing)

.debug_frame    0x0000000000000000     0x2c48
 .debug_frame   0x0000000000000000       0x7c ./Core/Src/aplication.o
 .debug_frame   0x000000000000007c      0x28c ./Core/Src/fatfs_sd.o
 .debug_frame   0x0000000000000308       0x38 ./Core/Src/fonts.o
 .debug_frame   0x0000000000000340       0xc4 ./Core/Src/main.o
 .debug_frame   0x0000000000000404      0x414 ./Core/Src/ssd1306.o
 .debug_frame   0x0000000000000818       0xc8 ./Core/Src/stm32f1xx_hal_msp.o
 .debug_frame   0x00000000000008e0      0x104 ./Core/Src/stm32f1xx_it.o
 .debug_frame   0x00000000000009e4       0x58 ./Core/Src/system_stm32f1xx.o
 .debug_frame   0x0000000000000a3c      0x334 ./Drivers/STM32F1xx_HAL_Driver/Src/stm32f1xx_hal.o
 .debug_frame   0x0000000000000d70      0x428 ./Drivers/STM32F1xx_HAL_Driver/Src/stm32f1xx_hal_cortex.o
 .debug_frame   0x0000000000001198      0x14c ./Drivers/STM32F1xx_HAL_Driver/Src/stm32f1xx_hal_gpio.o
 .debug_frame   0x00000000000012e4      0xc84 ./Drivers/STM32F1xx_HAL_Driver/Src/stm32f1xx_hal_i2c.o
 .debug_frame   0x0000000000001f68      0x218 ./Drivers/STM32F1xx_HAL_Driver/Src/stm32f1xx_hal_rcc.o
 .debug_frame   0x0000000000002180      0x824 ./Drivers/STM32F1xx_HAL_Driver/Src/stm32f1xx_hal_spi.o
 .debug_frame   0x00000000000029a4       0x4c ./FATFS/App/fatfs.o
 .debug_frame   0x00000000000029f0       0xc4 ./FATFS/Target/user_diskio.o
 .debug_frame   0x0000000000002ab4       0xc8 ./Middlewares/Third_Party/FatFs/src/ff_gen_drv.o
 .debug_frame   0x0000000000002b7c       0x38 C:/ST/STM32CubeIDE_1.14.1/STM32CubeIDE/plugins/com.st.stm32cube.ide.mcu.externaltools.gnu-tools-for-stm32.11.3.rel1.win32_1.1.100.202309141235/tools/bin/../lib/gcc/arm-none-eabi/11.3.1/../../../../arm-none-eabi/lib/thumb/v7-m/nofp\libc_nano.a(libc_a-itoa.o)
 .debug_frame   0x0000000000002bb4       0x48 C:/ST/STM32CubeIDE_1.14.1/STM32CubeIDE/plugins/com.st.stm32cube.ide.mcu.externaltools.gnu-tools-for-stm32.11.3.rel1.win32_1.1.100.202309141235/tools/bin/../lib/gcc/arm-none-eabi/11.3.1/../../../../arm-none-eabi/lib/thumb/v7-m/nofp\libc_nano.a(libc_a-utoa.o)
 .debug_frame   0x0000000000002bfc       0x20 C:/ST/STM32CubeIDE_1.14.1/STM32CubeIDE/plugins/com.st.stm32cube.ide.mcu.externaltools.gnu-tools-for-stm32.11.3.rel1.win32_1.1.100.202309141235/tools/bin/../lib/gcc/arm-none-eabi/11.3.1/../../../../arm-none-eabi/lib/thumb/v7-m/nofp\libc_nano.a(libc_a-memset.o)
 .debug_frame   0x0000000000002c1c       0x2c C:/ST/STM32CubeIDE_1.14.1/STM32CubeIDE/plugins/com.st.stm32cube.ide.mcu.externaltools.gnu-tools-for-stm32.11.3.rel1.win32_1.1.100.202309141235/tools/bin/../lib/gcc/arm-none-eabi/11.3.1/../../../../arm-none-eabi/lib/thumb/v7-m/nofp\libc_nano.a(libc_a-init.o)

.debug_line_str
                0x0000000000000000       0x58
 .debug_line_str
                0x0000000000000000       0x58 ./Core/Startup/startup_stm32f103c8tx.o
                                         0x70 (size before relaxing)
