Archive member included to satisfy reference by file (symbol)

C:/ST/STM32CubeIDE_1.14.1/STM32CubeIDE/plugins/com.st.stm32cube.ide.mcu.externaltools.gnu-tools-for-stm32.11.3.rel1.win32_1.1.100.202309141235/tools/bin/../lib/gcc/arm-none-eabi/11.3.1/../../../../arm-none-eabi/lib/thumb/v7-m/nofp\libc_nano.a(libc_a-exit.o)
                              C:/ST/STM32CubeIDE_1.14.1/STM32CubeIDE/plugins/com.st.stm32cube.ide.mcu.externaltools.gnu-tools-for-stm32.11.3.rel1.win32_1.1.100.202309141235/tools/bin/../lib/gcc/arm-none-eabi/11.3.1/../../../../arm-none-eabi/lib/thumb/v7-m/nofp/crt0.o (exit)
C:/ST/STM32CubeIDE_1.14.1/STM32CubeIDE/plugins/com.st.stm32cube.ide.mcu.externaltools.gnu-tools-for-stm32.11.3.rel1.win32_1.1.100.202309141235/tools/bin/../lib/gcc/arm-none-eabi/11.3.1/../../../../arm-none-eabi/lib/thumb/v7-m/nofp\libc_nano.a(libc_a-itoa.o)
                              ./Core/Src/aplication.o (itoa)
C:/ST/STM32CubeIDE_1.14.1/STM32CubeIDE/plugins/com.st.stm32cube.ide.mcu.externaltools.gnu-tools-for-stm32.11.3.rel1.win32_1.1.100.202309141235/tools/bin/../lib/gcc/arm-none-eabi/11.3.1/../../../../arm-none-eabi/lib/thumb/v7-m/nofp\libc_nano.a(libc_a-utoa.o)
                              C:/ST/STM32CubeIDE_1.14.1/STM32CubeIDE/plugins/com.st.stm32cube.ide.mcu.externaltools.gnu-tools-for-stm32.11.3.rel1.win32_1.1.100.202309141235/tools/bin/../lib/gcc/arm-none-eabi/11.3.1/../../../../arm-none-eabi/lib/thumb/v7-m/nofp\libc_nano.a(libc_a-itoa.o) (__utoa)
C:/ST/STM32CubeIDE_1.14.1/STM32CubeIDE/plugins/com.st.stm32cube.ide.mcu.externaltools.gnu-tools-for-stm32.11.3.rel1.win32_1.1.100.202309141235/tools/bin/../lib/gcc/arm-none-eabi/11.3.1/../../../../arm-none-eabi/lib/thumb/v7-m/nofp\libc_nano.a(libc_a-findfp.o)
                              C:/ST/STM32CubeIDE_1.14.1/STM32CubeIDE/plugins/com.st.stm32cube.ide.mcu.externaltools.gnu-tools-for-stm32.11.3.rel1.win32_1.1.100.202309141235/tools/bin/../lib/gcc/arm-none-eabi/11.3.1/../../../../arm-none-eabi/lib/thumb/v7-m/nofp\libc_nano.a(libc_a-exit.o) (__stdio_exit_handler)
C:/ST/STM32CubeIDE_1.14.1/STM32CubeIDE/plugins/com.st.stm32cube.ide.mcu.externaltools.gnu-tools-for-stm32.11.3.rel1.win32_1.1.100.202309141235/tools/bin/../lib/gcc/arm-none-eabi/11.3.1/../../../../arm-none-eabi/lib/thumb/v7-m/nofp\libc_nano.a(libc_a-fwalk.o)
                              C:/ST/STM32CubeIDE_1.14.1/STM32CubeIDE/plugins/com.st.stm32cube.ide.mcu.externaltools.gnu-tools-for-stm32.11.3.rel1.win32_1.1.100.202309141235/tools/bin/../lib/gcc/arm-none-eabi/11.3.1/../../../../arm-none-eabi/lib/thumb/v7-m/nofp\libc_nano.a(libc_a-findfp.o) (_fwalk_sglue)
C:/ST/STM32CubeIDE_1.14.1/STM32CubeIDE/plugins/com.st.stm32cube.ide.mcu.externaltools.gnu-tools-for-stm32.11.3.rel1.win32_1.1.100.202309141235/tools/bin/../lib/gcc/arm-none-eabi/11.3.1/../../../../arm-none-eabi/lib/thumb/v7-m/nofp\libc_nano.a(libc_a-stdio.o)
                              C:/ST/STM32CubeIDE_1.14.1/STM32CubeIDE/plugins/com.st.stm32cube.ide.mcu.externaltools.gnu-tools-for-stm32.11.3.rel1.win32_1.1.100.202309141235/tools/bin/../lib/gcc/arm-none-eabi/11.3.1/../../../../arm-none-eabi/lib/thumb/v7-m/nofp\libc_nano.a(libc_a-findfp.o) (__sread)
C:/ST/STM32CubeIDE_1.14.1/STM32CubeIDE/plugins/com.st.stm32cube.ide.mcu.externaltools.gnu-tools-for-stm32.11.3.rel1.win32_1.1.100.202309141235/tools/bin/../lib/gcc/arm-none-eabi/11.3.1/../../../../arm-none-eabi/lib/thumb/v7-m/nofp\libc_nano.a(libc_a-memset.o)
                              C:/ST/STM32CubeIDE_1.14.1/STM32CubeIDE/plugins/com.st.stm32cube.ide.mcu.externaltools.gnu-tools-for-stm32.11.3.rel1.win32_1.1.100.202309141235/tools/bin/../lib/gcc/arm-none-eabi/11.3.1/../../../../arm-none-eabi/lib/thumb/v7-m/nofp/crt0.o (memset)
C:/ST/STM32CubeIDE_1.14.1/STM32CubeIDE/plugins/com.st.stm32cube.ide.mcu.externaltools.gnu-tools-for-stm32.11.3.rel1.win32_1.1.100.202309141235/tools/bin/../lib/gcc/arm-none-eabi/11.3.1/../../../../arm-none-eabi/lib/thumb/v7-m/nofp\libc_nano.a(libc_a-closer.o)
                              C:/ST/STM32CubeIDE_1.14.1/STM32CubeIDE/plugins/com.st.stm32cube.ide.mcu.externaltools.gnu-tools-for-stm32.11.3.rel1.win32_1.1.100.202309141235/tools/bin/../lib/gcc/arm-none-eabi/11.3.1/../../../../arm-none-eabi/lib/thumb/v7-m/nofp\libc_nano.a(libc_a-stdio.o) (_close_r)
C:/ST/STM32CubeIDE_1.14.1/STM32CubeIDE/plugins/com.st.stm32cube.ide.mcu.externaltools.gnu-tools-for-stm32.11.3.rel1.win32_1.1.100.202309141235/tools/bin/../lib/gcc/arm-none-eabi/11.3.1/../../../../arm-none-eabi/lib/thumb/v7-m/nofp\libc_nano.a(libc_a-reent.o)
                              C:/ST/STM32CubeIDE_1.14.1/STM32CubeIDE/plugins/com.st.stm32cube.ide.mcu.externaltools.gnu-tools-for-stm32.11.3.rel1.win32_1.1.100.202309141235/tools/bin/../lib/gcc/arm-none-eabi/11.3.1/../../../../arm-none-eabi/lib/thumb/v7-m/nofp\libc_nano.a(libc_a-closer.o) (errno)
[...]
Memory Configuration

Name             Origin             Length             Attributes
RAM              0x0000000020000000 0x0000000000005000 xrw
FLASH            0x0000000008000000 0x0000000000010000 xr
*default*        0x0000000000000000 0xffffffffffffffff

Linker script and memory map

LOAD C:/ST/STM32CubeIDE_1.14.1/STM32CubeIDE/plugins/com.st.stm32cube.ide.mcu.externaltools.gnu-tools-for-stm32.11.3.rel1.win32_1.1.100.202309141235/tools/bin/../lib/gcc/arm-none-eabi/11.3.1/thumb/v7-m/nofp/crti.o
LOAD C:/ST/STM32CubeIDE_1.14.1/STM32CubeIDE/plugins/com.st.stm32cube.ide.mcu.externaltools.gnu-tools-for-stm32.11.3.rel1.win32_1.1.100.202309141235/tools/bin/../lib/gcc/arm-none-eabi/11.3.1/thumb/v7-m/nofp/crtbegin.o
LOAD C:/ST/STM32CubeIDE_1.14.1/STM32CubeIDE/plugins/com.st.stm32cube.ide.mcu.externaltools.gnu-tools-for-stm32.11.3.rel1.win32_1.1.100.202309141235/tools/bin/../lib/gcc/arm-none-eabi/11.3.1/../../../../arm-none-eabi/lib/thumb/v7-m/nofp/crt0.o
LOAD ./Core/Src/aplication.o
LOAD ./Core/Src/fatfs_sd.o
LOAD ./Core/Src/fonts.o
LOAD ./Core/Src/main.o
LOAD ./Core/Src/ssd1306.o
LOAD ./Core/Src/stm32f1xx_hal_msp.o
LOAD ./Core/Src/stm32f1xx_it.o
LOAD ./Core/Src/syscalls.o
LOAD ./Core/Src/sysmem.o
LOAD ./Core/Src/system_stm32f1xx.o
LOAD ./Core/Startup/startup_stm32f103c8tx.o
LOAD ./Drivers/STM32F1xx_HAL_Driver/Src/stm32f1xx_hal.o
LOAD ./Drivers/STM32F1xx_HAL_Driver/Src/stm32f1xx_hal_adc.o
LOAD ./Drivers/STM32F1xx_HAL_Driver/Src/stm32f1xx_hal_adc_ex.o
LOAD ./Drivers/STM32F1xx_HAL_Driver/Src/stm32f1xx_hal_cortex.o
LOAD ./Drivers/STM32F1xx_HAL_Driver/Src/stm32f1xx_hal_dma.o
LOAD ./Drivers/STM32F1xx_HAL_Driver/Src/stm32f1xx_hal_exti.o
LOAD ./Drivers/STM32F1xx_HAL_Driver/Src/stm32f1xx_hal_flash.o
LOAD ./Drivers/STM32F1xx_HAL_Driver/Src/stm32f1xx_hal_flash_ex.o
LOAD ./Drivers/STM32F1xx_HAL_Driver/Src/stm32f1xx_hal_gpio.o
LOAD ./Drivers/STM32F1xx_HAL_Driver/Src/stm32f1xx_hal_gpio_ex.o
LOAD ./Drivers/STM32F1xx_HAL_Driver/Src/stm32f1xx_hal_i2c.o
LOAD ./Drivers/STM32F1xx_HAL_Driver/Src/stm32f1xx_hal_pwr.o
LOAD ./Drivers/STM32F1xx_HAL_Driver/Src/stm32f1xx_hal_rcc.o
LOAD ./Drivers/STM32F1xx_HAL_Driver/Src/stm32f1xx_hal_rcc_ex.o
LOAD ./Drivers/STM32F1xx_HAL_Driver/Src/stm32f1xx_hal_spi.o
LOAD ./Drivers/STM32F1xx_HAL_Driver/Src/stm32f1xx_hal_tim.o
LOAD ./Drivers/STM32F1xx_HAL_Driver/Src/stm32f1xx_hal_tim_ex.o
LOAD ./Drivers/STM32F1xx_HAL_Driver/Src/stm32f1xx_hal_uart.o
LOAD ./FATFS/App/fatfs.o
LOAD ./FATFS/Target/user_diskio.o
LOAD ./Middlewares/Third_Party/FatFs/src/diskio.o
LOAD ./Middlewares/Third_Party/FatFs/src/ff.o
LOAD ./Middlewares/Third_Party/FatFs/src/ff_gen_drv.o
LOAD ./Middlewares/Third_Party/FatFs/src/option/ccsbcs.o
LOAD ./Middlewares/Third_Party/FatFs/src/option/syscall.o
START GROUP
LOAD C:/ST/STM32CubeIDE_1.14.1/STM32CubeIDE/plugins/com.st.stm32cube.ide.mcu.externaltools.gnu-tools-for-stm32.11.3.rel1.win32_1.1.100.202309141235/tools/bin/../lib/gcc/arm-none-eabi/11.3.1/../../../../arm-none-eabi/lib/thumb/v7-m/nofp\libc_nano.a
LOAD C:/ST/STM32CubeIDE_1.14.1/STM32CubeIDE/plugins/com.st.stm32cube.ide.mcu.externaltools.gnu-tools-for-stm32.11.3.rel1.win32_1.1.100.202309141235/tools/bin/../lib/gcc/arm-none-eabi/11.3.1/../../../../arm-none-eabi/lib/thumb/v7-m/nofp\libm.a
END GROUP
START GROUP
LOAD C:/ST/STM32CubeIDE_1.14.1/STM32CubeIDE/plugins/com.st.stm32cube.ide.mcu.externaltools.gnu-tools-for-stm32.11.3.rel1.win32_1.1.100.202309141235/tools/bin/../lib/gcc/arm-none-eabi/11.3.1/thumb/v7-m/nofp\libgcc.a
LOAD C:/ST/STM32CubeIDE_1.14.1/STM32CubeIDE/plugins/com.st.stm32cube.ide.mcu.externaltools.gnu-tools-for-stm32.11.3.rel1.win32_1.1.100.202309141235/tools/bin/../lib/gcc/arm-none-eabi/11.3.1/../../../../arm-none-eabi/lib/thumb/v7-m/nofp\libc_nano.a
END GROUP
START GROUP
LOAD C:/ST/STM32CubeIDE_1.14.1/STM32CubeIDE/plugins/com.st.stm32cube.ide.mcu.externaltools.gnu-tools-for-stm32.11.3.rel1.win32_1.1.100.202309141235/tools/bin/../lib/gcc/arm-none-eabi/11.3.1/thumb/v7-m/nofp\libgcc.a
LOAD C:/ST/STM32CubeIDE_1.14.1/STM32CubeIDE/plugins/com.st.stm32cube.ide.mcu.externaltools.gnu-tools-for-stm32.11.3.rel1.win32_1.1.100.202309141235/tools/bin/../lib/gcc/arm-none-eabi/11.3.1/../../../../arm-none-eabi/lib/thumb/v7-m/nofp\libc_nano.a
LOAD C:/ST/STM32CubeIDE_1.14.1/STM32CubeIDE/plugins/com.st.stm32cube.ide.mcu.externaltools.gnu-tools-for-stm32.11.3.rel1.win32_1.1.100.202309141235/tools/bin/../lib/gcc/arm-none-eabi/11.3.1/../../../../arm-none-eabi/lib/thumb/v7-m/nofp\libnosys.a
END GROUP
START GROUP
LOAD C:/ST/STM32CubeIDE_1.14.1/STM32CubeIDE/plugins/com.st.stm32cube.ide.mcu.externaltools.gnu-tools-for-stm32.11.3.rel1.win32_1.1.100.202309141235/tools/bin/../lib/gcc/arm-none-eabi/11.3.1/thumb/v7-m/nofp\libgcc.a
LOAD C:/ST/STM32CubeIDE_1.14.1/STM32CubeIDE/plugins/com.st.stm32cube.ide.mcu.externaltools.gnu-tools-for-stm32.11.3.rel1.win32_1.1.100.202309141235/tools/bin/../lib/gcc/arm-none-eabi/11.3.1/../../../../arm-none-eabi/lib/thumb/v7-m/nofp\libc_nano.a
LOAD C:/ST/STM32CubeIDE_1.14.1/STM32CubeIDE/plugins/com.st.stm32cube.ide.mcu.externaltools.gnu-tools-for-stm32.11.3.rel1.win32_1.1.100.202309141235/tools/bin/../lib/gcc/arm-none-eabi/11.3.1/../../../../arm-none-eabi/lib/thumb/v7-m/nofp\libnosys.a
END GROUP
LOAD C:/ST/STM32CubeIDE_1.14.1/STM32CubeIDE/plugins/com.st.stm32cube.ide.mcu.externaltools.gnu-tools-for-stm32.11.3.rel1.win32_1.1.100.202309141235/tools/bin/../lib/gcc/arm-none-eabi/11.3.1/thumb/v7-m/nofp/crtend.o
LOAD C:/ST/STM32CubeIDE_1.14.1/STM32CubeIDE/plugins/com.st.stm32cube.ide.mcu.externaltools.gnu-tools-for-stm32.11.3.rel1.win32_1.1.100.202309141235/tools/bin/../lib/gcc/arm-none-eabi/11.3.1/thumb/v7-m/nofp/crtn.o
                0x0000000020005000                _estack = (ORIGIN (RAM) + LENGTH (RAM))
                0x0000000000000200                _Min_Heap_Size = 0x200
                0x0000000000000400                _Min_Stack_Size = 0x400

.isr_vector     0x0000000008000000      0x10c
                0x0000000008000000                . = ALIGN (0x4)
 *(.isr_vector)
 .isr_vector    0x0000000008000000      0x10c ./Core/Startup/startup_stm32f103c8tx.o
                0x0000000008000000                g_pfnVectors
                0x000000000800010c                . = ALIGN (0x4)

.text           0x000000000800010c     0xa2e4
                0x000000000800010c                . = ALIGN (0x4)
 *(.text)
 .text          0x000000000800010c       0x40 C:/ST/STM32CubeIDE_1.14.1/STM32CubeIDE/plugins/com.st.stm32cube.ide.mcu.externaltools.gnu-tools-for-stm32.11.3.rel1.win32_1.1.100.202309141235/tools/bin/../lib/gcc/arm-none-eabi/11.3.1/thumb/v7-m/nofp/crtbegin.o
 .text          0x000000000800014c      0x378 C:/ST/STM32CubeIDE_1.14.1/STM32CubeIDE/plugins/com.st.stm32cube.ide.mcu.externaltools.gnu-tools-for-stm32.11.3.rel1.win32_1.1.100.202309141235/tools/bin/../lib/gcc/arm-none-eabi/11.3.1/thumb/v7-m/nofp\libgcc.a(_arm_addsubdf3.o)
                0x000000000800014c                __aeabi_drsub
                0x0000000008000154                __aeabi_dsub
                0x0000000008000154                __subdf3
                0x0000000008000158                __aeabi_dadd
                0x0000000008000158                __adddf3
                0x00000000080003d0                __floatunsidf
                0x00000000080003d0                __aeabi_ui2d
                0x00000000080003f0                __floatsidf
                0x00000000080003f0                __aeabi_i2d
                0x0000000008000414                __aeabi_f2d
                0x0000000008000414                __extendsfdf2
                0x0000000008000458                __floatundidf
                0x0000000008000458                __aeabi_ul2d
                0x0000000008000468                __floatdidf
                0x0000000008000468                __aeabi_l2d
 .text          0x00000000080004c4      0x424 C:/ST/STM32CubeIDE_1.14.1/STM32CubeIDE/plugins/com.st.stm32cube.ide.mcu.externaltools.gnu-tools-for-stm32.11.3.rel1.win32_1.1.100.202309141235/tools/bin/../lib/gcc/arm-none-eabi/11.3.1/thumb/v7-m/nofp\libgcc.a(_arm_muldivdf3.o)
                0x00000000080004c4                __aeabi_dmul
                0x00000000080004c4                __muldf3
                0x0000000008000718                __divdf3
                0x0000000008000718                __aeabi_ddiv
 .text          0x00000000080008e8       0xa0 C:/ST/STM32CubeIDE_1.14.1/STM32CubeIDE/plugins/com.st.stm32cube.ide.mcu.externaltools.gnu-tools-for-stm32.11.3.rel1.win32_1.1.100.202309141235/tools/bin/../lib/gcc/arm-none-eabi/11.3.1/thumb/v7-m/nofp\libgcc.a(_arm_truncdfsf2.o)
                0x00000000080008e8                __truncdfsf2
                0x00000000080008e8                __aeabi_d2f
 .text          0x0000000008000988      0x21c C:/ST/STM32CubeIDE_1.14.1/STM32CubeIDE/plugins/com.st.stm32cube.ide.mcu.externaltools.gnu-tools-for-stm32.11.3.rel1.win32_1.1.100.202309141235/tools/bin/../lib/gcc/arm-none-eabi/11.3.1/thumb/v7-m/nofp\libgcc.a(_arm_addsubsf3.o)
                0x0000000008000988                __aeabi_frsub
                0x0000000008000990                __subsf3
                0x0000000008000990                __aeabi_fsub
                0x0000000008000994                __aeabi_fadd
                0x0000000008000994                __addsf3
                0x0000000008000af4                __aeabi_ui2f
                0x0000000008000af4                __floatunsisf
                0x0000000008000afc                __aeabi_i2f
                0x0000000008000afc                __floatsisf
                0x0000000008000b18                __aeabi_ul2f
                0x0000000008000b18                __floatundisf
                0x0000000008000b28                __aeabi_l2f
                0x0000000008000b28                __floatdisf
 .text          0x0000000008000ba4       0x40 C:/ST/STM32CubeIDE_1.14.1/STM32CubeIDE/plugins/com.st.stm32cube.ide.mcu.externaltools.gnu-tools-for-stm32.11.3.rel1.win32_1.1.100.202309141235/tools/bin/../lib/gcc/arm-none-eabi/11.3.1/thumb/v7-m/nofp\libgcc.a(_arm_fixunssfsi.o)
                0x0000000008000ba4                __fixunssfsi
                0x0000000008000ba4                __aeabi_f2uiz
 *(.text*)
 .text.initDisplay
                0x0000000008000be4       0x80 ./Core/Src/aplication.o
                0x0000000008000be4                initDisplay
 .text.updateDisplay
                0x0000000008000c64       0x3c ./Core/Src/aplication.o
                0x0000000008000c64                updateDisplay
 .text.updateDisplayNumeroSatelites
                0x0000000008000ca0       0x40 ./Core/Src/aplication.o
                0x0000000008000ca0                updateDisplayNumeroSatelites
 .text.updateDisplayHora
                0x0000000008000ce0       0xa4 ./Core/Src/aplication.o
                0x0000000008000ce0                updateDisplayHora
 .text.updateDisplayVelocidade
                0x0000000008000d84       0x94 ./Core/Src/aplication.o
                0x0000000008000d84                updateDisplayVelocidade
 .text.converte4Bytes2float
                0x0000000008000e18       0xf8 ./Core/Src/aplication.o
                0x0000000008000e18                converte4Bytes2float
 .text.GravaNMEASDCard
                0x0000000008000f10      0x134 ./Core/Src/aplication.o
                0x0000000008000f10                GravaNMEASDCard
 .text.decodeNMEA
                0x0000000008001044      0x2de ./Core/Src/aplication.o
                0x0000000008001044                decodeNMEA
 *fill*         0x0000000008001322        0x2 
 .text.HAL_UART_RxCpltCallback
                0x0000000008001324       0x9c ./Core/Src/aplication.o
                0x0000000008001324                HAL_UART_RxCpltCallback
 .text.SELECT   0x00000000080013c0       0x1c ./Core/Src/fatfs_sd.o
 .text.DESELECT
                0x00000000080013dc       0x1c ./Core/Src/fatfs_sd.o
 .text.SPI_TxByte
                0x00000000080013f8       0x34 ./Core/Src/fatfs_sd.o
 .text.SPI_TxBuffer
                0x000000000800142c       0x34 ./Core/Src/fatfs_sd.o
 .text.SPI_RxByte
                0x0000000008001460       0x38 ./Core/Src/fatfs_sd.o
 .text.SPI_RxBytePtr
                0x0000000008001498       0x1c ./Core/Src/fatfs_sd.o
 .text.SD_ReadyWait
                0x00000000080014b4       0x34 ./Core/Src/fatfs_sd.o
 .text.SD_PowerOn
                0x00000000080014e8       0x84 ./Core/Src/fatfs_sd.o
 .text.SD_PowerOff
                0x000000000800156c       0x18 ./Core/Src/fatfs_sd.o
 .text.SD_CheckPower
                0x0000000008001584       0x14 ./Core/Src/fatfs_sd.o
 .text.SD_RxDataBlock
                0x0000000008001598       0x5c ./Core/Src/fatfs_sd.o
 .text.SD_TxDataBlock
                0x00000000080015f4       0x86 ./Core/Src/fatfs_sd.o
 .text.SD_SendCmd
                0x000000000800167a       0xa8 ./Core/Src/fatfs_sd.o
 *fill*         0x0000000008001722        0x2 
 .text.SD_disk_initialize
                0x0000000008001724      0x1cc ./Core/Src/fatfs_sd.o
                0x0000000008001724                SD_disk_initialize
 .text.SD_disk_status
                0x00000000080018f0       0x28 ./Core/Src/fatfs_sd.o
                0x00000000080018f0                SD_disk_status
 .text.SD_disk_read
                0x0000000008001918       0xd4 ./Core/Src/fatfs_sd.o
                0x0000000008001918                SD_disk_read
 .text.SD_disk_write
                0x00000000080019ec      0x108 ./Core/Src/fatfs_sd.o
                0x00000000080019ec                SD_disk_write
 .text.SD_disk_ioctl
                0x0000000008001af4      0x258 ./Core/Src/fatfs_sd.o
                0x0000000008001af4                SD_disk_ioctl
 .text.main     0x0000000008001d4c       0x9c ./Core/Src/main.o
                0x0000000008001d4c                main
 .text.SystemClock_Config
                0x0000000008001de8       0xa0 ./Core/Src/main.o
                0x0000000008001de8                SystemClock_Config
 .text.MX_ADC1_Init
                0x0000000008001e88       0x7c ./Core/Src/main.o
 .text.MX_I2C1_Init
                0x0000000008001f04       0x5c ./Core/Src/main.o
 .text.MX_SPI1_Init
                0x0000000008001f60       0x6c ./Core/Src/main.o
 .text.MX_USART1_UART_Init
                0x0000000008001fcc       0x54 ./Core/Src/main.o
 .text.MX_GPIO_Init
                0x0000000008002020       0x7c ./Core/Src/main.o
 .text.Error_Handler
                0x000000000800209c        0xa ./Core/Src/main.o
                0x000000000800209c                Error_Handler
 *fill*         0x00000000080020a6        0x2 
 .text.SSD1306_Init
                0x00000000080020a8      0x188 ./Core/Src/ssd1306.o
                0x00000000080020a8                SSD1306_Init
 .text.SSD1306_UpdateScreen
                0x0000000008002230       0x5c ./Core/Src/ssd1306.o
                0x0000000008002230                SSD1306_UpdateScreen
 .text.SSD1306_Fill
                0x000000000800228c       0x30 ./Core/Src/ssd1306.o
                0x000000000800228c                SSD1306_Fill
 .text.SSD1306_DrawPixel
                0x00000000080022bc       0xbc ./Core/Src/ssd1306.o
                0x00000000080022bc                SSD1306_DrawPixel
 .text.SSD1306_GotoXY
                0x0000000008002378       0x2c ./Core/Src/ssd1306.o
                0x0000000008002378                SSD1306_GotoXY
 .text.SSD1306_Putc
                0x00000000080023a4      0x100 ./Core/Src/ssd1306.o
                0x00000000080023a4                SSD1306_Putc
 .text.SSD1306_Puts
                0x00000000080024a4       0x4a ./Core/Src/ssd1306.o
                0x00000000080024a4                SSD1306_Puts
 *fill*         0x00000000080024ee        0x2 
 .text.ssd1306_I2C_Init
                0x00000000080024f0       0x28 ./Core/Src/ssd1306.o
                0x00000000080024f0                ssd1306_I2C_Init
 .text.ssd1306_I2C_WriteMulti
                0x0000000008002518       0xcc ./Core/Src/ssd1306.o
                0x0000000008002518                ssd1306_I2C_WriteMulti
 .text.ssd1306_I2C_Write
                0x00000000080025e4       0x3c ./Core/Src/ssd1306.o
                0x00000000080025e4                ssd1306_I2C_Write
 .text.HAL_MspInit
                0x0000000008002620       0x64 ./Core/Src/stm32f1xx_hal_msp.o
                0x0000000008002620                HAL_MspInit
 .text.HAL_ADC_MspInit
                0x0000000008002684       0x78 ./Core/Src/stm32f1xx_hal_msp.o
                0x0000000008002684                HAL_ADC_MspInit
 .text.HAL_I2C_MspInit
                0x00000000080026fc       0x7c ./Core/Src/stm32f1xx_hal_msp.o
                0x00000000080026fc                HAL_I2C_MspInit
 .text.HAL_SPI_MspInit
                0x0000000008002778       0x94 ./Core/Src/stm32f1xx_hal_msp.o
                0x0000000008002778                HAL_SPI_MspInit
 .text.HAL_UART_MspInit
                0x000000000800280c       0xa8 ./Core/Src/stm32f1xx_hal_msp.o
                0x000000000800280c                HAL_UART_MspInit
 .text.NMI_Handler
                0x00000000080028b4        0x6 ./Core/Src/stm32f1xx_it.o
                0x00000000080028b4                NMI_Handler
 .text.HardFault_Handler
                0x00000000080028ba        0x6 ./Core/Src/stm32f1xx_it.o
                0x00000000080028ba                HardFault_Handler
 .text.MemManage_Handler
                0x00000000080028c0        0x6 ./Core/Src/stm32f1xx_it.o
                0x00000000080028c0                MemManage_Handler
 .text.BusFault_Handler
                0x00000000080028c6        0x6 ./Core/Src/stm32f1xx_it.o
                0x00000000080028c6                BusFault_Handler
 .text.UsageFault_Handler
                0x00000000080028cc        0x6 ./Core/Src/stm32f1xx_it.o
                0x00000000080028cc                UsageFault_Handler
 .text.SVC_Handler
                0x00000000080028d2        0xc ./Core/Src/stm32f1xx_it.o
                0x00000000080028d2                SVC_Handler
 .text.DebugMon_Handler
                0x00000000080028de        0xc ./Core/Src/stm32f1xx_it.o
                0x00000000080028de                DebugMon_Handler
 .text.PendSV_Handler
                0x00000000080028ea        0xc ./Core/Src/stm32f1xx_it.o
                0x00000000080028ea                PendSV_Handler
 *fill*         0x00000000080028f6        0x2 
 .text.SysTick_Handler
                0x00000000080028f8       0x3c ./Core/Src/stm32f1xx_it.o
                0x00000000080028f8                SysTick_Handler
 .text.USART1_IRQHandler
                0x0000000008002934       0x14 ./Core/Src/stm32f1xx_it.o
                0x0000000008002934                USART1_IRQHandler
 .text.SystemInit
                0x0000000008002948        0xc ./Core/Src/system_stm32f1xx.o
                0x0000000008002948                SystemInit
 .text.Reset_Handler
                0x0000000008002954       0x48 ./Core/Startup/startup_stm32f103c8tx.o
                0x0000000008002954                Reset_Handler
 .text.Default_Handler
                0x000000000800299c        0x2 ./Core/Startup/startup_stm32f103c8tx.o
                0x000000000800299c                RTC_Alarm_IRQHandler
                0x000000000800299c                EXTI2_IRQHandler
                0x000000000800299c                TIM1_CC_IRQHandler
                0x000000000800299c                PVD_IRQHandler
                0x000000000800299c                EXTI3_IRQHandler
                0x000000000800299c                EXTI0_IRQHandler
                0x000000000800299c                I2C2_EV_IRQHandler
                0x000000000800299c                ADC1_2_IRQHandler
                0x000000000800299c                SPI1_IRQHandler
                0x000000000800299c                TAMPER_IRQHandler
                0x000000000800299c                DMA1_Channel4_IRQHandler
                0x000000000800299c                USART3_IRQHandler
                0x000000000800299c                RTC_IRQHandler
                0x000000000800299c                DMA1_Channel7_IRQHandler
                0x000000000800299c                CAN1_RX1_IRQHandler
                0x000000000800299c                TIM4_IRQHandler
                0x000000000800299c                I2C1_EV_IRQHandler
                0x000000000800299c                DMA1_Channel6_IRQHandler
                0x000000000800299c                TIM3_IRQHandler
                0x000000000800299c                RCC_IRQHandler
                0x000000000800299c                TIM1_TRG_COM_IRQHandler
                0x000000000800299c                DMA1_Channel1_IRQHandler
                0x000000000800299c                Default_Handler
                0x000000000800299c                EXTI15_10_IRQHandler
                0x000000000800299c                EXTI9_5_IRQHandler
                0x000000000800299c                SPI2_IRQHandler
                0x000000000800299c                DMA1_Channel5_IRQHandler
                0x000000000800299c                EXTI4_IRQHandler
                0x000000000800299c                USB_LP_CAN1_RX0_IRQHandler
                0x000000000800299c                USB_HP_CAN1_TX_IRQHandler
                0x000000000800299c                DMA1_Channel3_IRQHandler
                0x000000000800299c                TIM1_UP_IRQHandler
                0x000000000800299c                WWDG_IRQHandler
                0x000000000800299c                TIM2_IRQHandler
                0x000000000800299c                TIM1_BRK_IRQHandler
                0x000000000800299c                EXTI1_IRQHandler
                0x000000000800299c                USART2_IRQHandler
                0x000000000800299c                I2C2_ER_IRQHandler
                0x000000000800299c                DMA1_Channel2_IRQHandler
                0x000000000800299c                CAN1_SCE_IRQHandler
                0x000000000800299c                FLASH_IRQHandler
                0x000000000800299c                I2C1_ER_IRQHandler
                0x000000000800299c                USBWakeUp_IRQHandler
 *fill*         0x000000000800299e        0x2 
 .text.HAL_Init
                0x00000000080029a0       0x2c ./Drivers/STM32F1xx_HAL_Driver/Src/stm32f1xx_hal.o
                0x00000000080029a0                HAL_Init
 .text.HAL_InitTick
                0x00000000080029cc       0x60 ./Drivers/STM32F1xx_HAL_Driver/Src/stm32f1xx_hal.o
                0x00000000080029cc                HAL_InitTick
 .text.HAL_IncTick
                0x0000000008002a2c       0x24 ./Drivers/STM32F1xx_HAL_Driver/Src/stm32f1xx_hal.o
                0x0000000008002a2c                HAL_IncTick
 .text.HAL_GetTick
                0x0000000008002a50       0x14 ./Drivers/STM32F1xx_HAL_Driver/Src/stm32f1xx_hal.o
                0x0000000008002a50                HAL_GetTick
 .text.HAL_Delay
                0x0000000008002a64       0x48 ./Drivers/STM32F1xx_HAL_Driver/Src/stm32f1xx_hal.o
                0x0000000008002a64                HAL_Delay
 .text.HAL_ADC_Init
                0x0000000008002aac      0x1b0 ./Drivers/STM32F1xx_HAL_Driver/Src/stm32f1xx_hal_adc.o
                0x0000000008002aac                HAL_ADC_Init
 .text.HAL_ADC_Start
                0x0000000008002c5c      0x15c ./Drivers/STM32F1xx_HAL_Driver/Src/stm32f1xx_hal_adc.o
                0x0000000008002c5c                HAL_ADC_Start
 .text.HAL_ADC_PollForConversion
                0x0000000008002db8      0x20c ./Drivers/STM32F1xx_HAL_Driver/Src/stm32f1xx_hal_adc.o
                0x0000000008002db8                HAL_ADC_PollForConversion
 .text.HAL_ADC_GetValue
                0x0000000008002fc4       0x18 ./Drivers/STM32F1xx_HAL_Driver/Src/stm32f1xx_hal_adc.o
                0x0000000008002fc4                HAL_ADC_GetValue
 .text.HAL_ADC_ConfigChannel
                0x0000000008002fdc      0x1f0 ./Drivers/STM32F1xx_HAL_Driver/Src/stm32f1xx_hal_adc.o
                0x0000000008002fdc                HAL_ADC_ConfigChannel
 .text.ADC_Enable
                0x00000000080031cc       0xb4 ./Drivers/STM32F1xx_HAL_Driver/Src/stm32f1xx_hal_adc.o
                0x00000000080031cc                ADC_Enable
 .text.ADC_ConversionStop_Disable
                0x0000000008003280       0x82 ./Drivers/STM32F1xx_HAL_Driver/Src/stm32f1xx_hal_adc.o
                0x0000000008003280                ADC_ConversionStop_Disable
 *fill*         0x0000000008003302        0x2 
 .text.__NVIC_SetPriorityGrouping
                0x0000000008003304       0x48 ./Drivers/STM32F1xx_HAL_Driver/Src/stm32f1xx_hal_cortex.o
 .text.__NVIC_GetPriorityGrouping
                0x000000000800334c       0x1c ./Drivers/STM32F1xx_HAL_Driver/Src/stm32f1xx_hal_cortex.o
 .text.__NVIC_EnableIRQ
                0x0000000008003368       0x38 ./Drivers/STM32F1xx_HAL_Driver/Src/stm32f1xx_hal_cortex.o
 .text.__NVIC_SetPriority
                0x00000000080033a0       0x54 ./Drivers/STM32F1xx_HAL_Driver/Src/stm32f1xx_hal_cortex.o
 .text.NVIC_EncodePriority
                0x00000000080033f4       0x64 ./Drivers/STM32F1xx_HAL_Driver/Src/stm32f1xx_hal_cortex.o
 .text.SysTick_Config
                0x0000000008003458       0x44 ./Drivers/STM32F1xx_HAL_Driver/Src/stm32f1xx_hal_cortex.o
 .text.HAL_NVIC_SetPriorityGrouping
                0x000000000800349c       0x16 ./Drivers/STM32F1xx_HAL_Driver/Src/stm32f1xx_hal_cortex.o
                0x000000000800349c                HAL_NVIC_SetPriorityGrouping
 .text.HAL_NVIC_SetPriority
                0x00000000080034b2       0x38 ./Drivers/STM32F1xx_HAL_Driver/Src/stm32f1xx_hal_cortex.o
                0x00000000080034b2                HAL_NVIC_SetPriority
 .text.HAL_NVIC_EnableIRQ
                0x00000000080034ea       0x1c ./Drivers/STM32F1xx_HAL_Driver/Src/stm32f1xx_hal_cortex.o
                0x00000000080034ea                HAL_NVIC_EnableIRQ
 .text.HAL_SYSTICK_Config
                0x0000000008003506       0x18 ./Drivers/STM32F1xx_HAL_Driver/Src/stm32f1xx_hal_cortex.o
                0x0000000008003506                HAL_SYSTICK_Config
 .text.HAL_DMA_Abort
                0x000000000800351e       0x76 ./Drivers/STM32F1xx_HAL_Driver/Src/stm32f1xx_hal_dma.o
                0x000000000800351e                HAL_DMA_Abort
 .text.HAL_DMA_Abort_IT
                0x0000000008003594       0xf0 ./Drivers/STM32F1xx_HAL_Driver/Src/stm32f1xx_hal_dma.o
                0x0000000008003594                HAL_DMA_Abort_IT
 .text.HAL_GPIO_Init
                0x0000000008003684      0x308 ./Drivers/STM32F1xx_HAL_Driver/Src/stm32f1xx_hal_gpio.o
                0x0000000008003684                HAL_GPIO_Init
 .text.HAL_GPIO_WritePin
                0x000000000800398c       0x30 ./Drivers/STM32F1xx_HAL_Driver/Src/stm32f1xx_hal_gpio.o
                0x000000000800398c                HAL_GPIO_WritePin
 .text.HAL_I2C_Init
                0x00000000080039bc      0x288 ./Drivers/STM32F1xx_HAL_Driver/Src/stm32f1xx_hal_i2c.o
                0x00000000080039bc                HAL_I2C_Init
 .text.HAL_I2C_Master_Transmit
                0x0000000008003c44      0x1fc ./Drivers/STM32F1xx_HAL_Driver/Src/stm32f1xx_hal_i2c.o
                0x0000000008003c44                HAL_I2C_Master_Transmit
 .text.HAL_I2C_IsDeviceReady
                0x0000000008003e40      0x25c ./Drivers/STM32F1xx_HAL_Driver/Src/stm32f1xx_hal_i2c.o
                0x0000000008003e40                HAL_I2C_IsDeviceReady
 .text.I2C_MasterRequestWrite
                0x000000000800409c      0x104 ./Drivers/STM32F1xx_HAL_Driver/Src/stm32f1xx_hal_i2c.o
 .text.I2C_WaitOnFlagUntilTimeout
                0x00000000080041a0       0xf4 ./Drivers/STM32F1xx_HAL_Driver/Src/stm32f1xx_hal_i2c.o
 .text.I2C_WaitOnMasterAddressFlagUntilTimeout
                0x0000000008004294      0x140 ./Drivers/STM32F1xx_HAL_Driver/Src/stm32f1xx_hal_i2c.o
 .text.I2C_WaitOnTXEFlagUntilTimeout
                0x00000000080043d4       0x90 ./Drivers/STM32F1xx_HAL_Driver/Src/stm32f1xx_hal_i2c.o
 .text.I2C_WaitOnBTFFlagUntilTimeout
                0x0000000008004464       0x90 ./Drivers/STM32F1xx_HAL_Driver/Src/stm32f1xx_hal_i2c.o
 .text.I2C_IsAcknowledgeFailed
                0x00000000080044f4       0x5c ./Drivers/STM32F1xx_HAL_Driver/Src/stm32f1xx_hal_i2c.o
 .text.HAL_RCC_OscConfig
                0x0000000008004550      0x504 ./Drivers/STM32F1xx_HAL_Driver/Src/stm32f1xx_hal_rcc.o
                0x0000000008004550                HAL_RCC_OscConfig
 .text.HAL_RCC_ClockConfig
                0x0000000008004a54      0x1d4 ./Drivers/STM32F1xx_HAL_Driver/Src/stm32f1xx_hal_rcc.o
                0x0000000008004a54                HAL_RCC_ClockConfig
 .text.HAL_RCC_GetSysClockFreq
                0x0000000008004c28       0xa8 ./Drivers/STM32F1xx_HAL_Driver/Src/stm32f1xx_hal_rcc.o
                0x0000000008004c28                HAL_RCC_GetSysClockFreq
 .text.HAL_RCC_GetHCLKFreq
                0x0000000008004cd0       0x14 ./Drivers/STM32F1xx_HAL_Driver/Src/stm32f1xx_hal_rcc.o
                0x0000000008004cd0                HAL_RCC_GetHCLKFreq
 .text.HAL_RCC_GetPCLK1Freq
                0x0000000008004ce4       0x28 ./Drivers/STM32F1xx_HAL_Driver/Src/stm32f1xx_hal_rcc.o
                0x0000000008004ce4                HAL_RCC_GetPCLK1Freq
 .text.HAL_RCC_GetPCLK2Freq
                0x0000000008004d0c       0x28 ./Drivers/STM32F1xx_HAL_Driver/Src/stm32f1xx_hal_rcc.o
                0x0000000008004d0c                HAL_RCC_GetPCLK2Freq
 .text.RCC_Delay
                0x0000000008004d34       0x3c ./Drivers/STM32F1xx_HAL_Driver/Src/stm32f1xx_hal_rcc.o
 .text.HAL_RCCEx_PeriphCLKConfig
                0x0000000008004d70      0x16c ./Drivers/STM32F1xx_HAL_Driver/Src/stm32f1xx_hal_rcc_ex.o
                0x0000000008004d70                HAL_RCCEx_PeriphCLKConfig
 .text.HAL_RCCEx_GetPeriphCLKFreq
                0x0000000008004edc      0x16c ./Drivers/STM32F1xx_HAL_Driver/Src/stm32f1xx_hal_rcc_ex.o
                0x0000000008004edc                HAL_RCCEx_GetPeriphCLKFreq
 .text.HAL_SPI_Init
                0x0000000008005048      0x108 ./Drivers/STM32F1xx_HAL_Driver/Src/stm32f1xx_hal_spi.o
                0x0000000008005048                HAL_SPI_Init
 .text.HAL_SPI_Transmit
                0x0000000008005150      0x288 ./Drivers/STM32F1xx_HAL_Driver/Src/stm32f1xx_hal_spi.o
                0x0000000008005150                HAL_SPI_Transmit
 .text.HAL_SPI_TransmitReceive
                0x00000000080053d8      0x352 ./Drivers/STM32F1xx_HAL_Driver/Src/stm32f1xx_hal_spi.o
                0x00000000080053d8                HAL_SPI_TransmitReceive
 *fill*         0x000000000800572a        0x2 
 .text.SPI_WaitFlagStateUntilTimeout
                0x000000000800572c      0x110 ./Drivers/STM32F1xx_HAL_Driver/Src/stm32f1xx_hal_spi.o
 .text.SPI_EndRxTxTransaction
                0x000000000800583c       0x62 ./Drivers/STM32F1xx_HAL_Driver/Src/stm32f1xx_hal_spi.o
 .text.HAL_UART_Init
                0x000000000800589e       0xa0 ./Drivers/STM32F1xx_HAL_Driver/Src/stm32f1xx_hal_uart.o
                0x000000000800589e                HAL_UART_Init
 .text.HAL_UART_Receive_IT
                0x000000000800593e       0x4a ./Drivers/STM32F1xx_HAL_Driver/Src/stm32f1xx_hal_uart.o
                0x000000000800593e                HAL_UART_Receive_IT
 .text.HAL_UART_IRQHandler
                0x0000000008005988      0x524 ./Drivers/STM32F1xx_HAL_Driver/Src/stm32f1xx_hal_uart.o
                0x0000000008005988                HAL_UART_IRQHandler
 .text.HAL_UART_TxCpltCallback
                0x0000000008005eac       0x12 ./Drivers/STM32F1xx_HAL_Driver/Src/stm32f1xx_hal_uart.o
                0x0000000008005eac                HAL_UART_TxCpltCallback
 .text.HAL_UART_ErrorCallback
                0x0000000008005ebe       0x12 ./Drivers/STM32F1xx_HAL_Driver/Src/stm32f1xx_hal_uart.o
                0x0000000008005ebe                HAL_UART_ErrorCallback
 .text.HAL_UARTEx_RxEventCallback
                0x0000000008005ed0       0x16 ./Drivers/STM32F1xx_HAL_Driver/Src/stm32f1xx_hal_uart.o
                0x0000000008005ed0                HAL_UARTEx_RxEventCallback
 .text.UART_Start_Receive_IT
                0x0000000008005ee6       0x72 ./Drivers/STM32F1xx_HAL_Driver/Src/stm32f1xx_hal_uart.o
                0x0000000008005ee6                UART_Start_Receive_IT
 .text.UART_EndRxTransfer
                0x0000000008005f58       0xc4 ./Drivers/STM32F1xx_HAL_Driver/Src/stm32f1xx_hal_uart.o
 .text.UART_DMAAbortOnError
                0x000000000800601c       0x28 ./Drivers/STM32F1xx_HAL_Driver/Src/stm32f1xx_hal_uart.o
 .text.UART_Transmit_IT
                0x0000000008006044       0x9e ./Drivers/STM32F1xx_HAL_Driver/Src/stm32f1xx_hal_uart.o
 .text.UART_EndTransmit_IT
                0x00000000080060e2       0x30 ./Drivers/STM32F1xx_HAL_Driver/Src/stm32f1xx_hal_uart.o
 .text.UART_Receive_IT
                0x0000000008006112      0x17c ./Drivers/STM32F1xx_HAL_Driver/Src/stm32f1xx_hal_uart.o
 *fill*         0x000000000800628e        0x2 
 .text.UART_SetConfig
                0x0000000008006290      0x11c ./Drivers/STM32F1xx_HAL_Driver/Src/stm32f1xx_hal_uart.o
 .text.MX_FATFS_Init
                0x00000000080063ac       0x24 ./FATFS/App/fatfs.o
                0x00000000080063ac                MX_FATFS_Init
 .text.get_fattime
                0x00000000080063d0        0xe ./FATFS/App/fatfs.o
                0x00000000080063d0                get_fattime
 .text.USER_initialize
                0x00000000080063de       0x1c ./FATFS/Target/user_diskio.o
                0x00000000080063de                USER_initialize
 .text.USER_status
                0x00000000080063fa       0x1c ./FATFS/Target/user_diskio.o
                0x00000000080063fa                USER_status
 .text.USER_read
                0x0000000008006416       0x26 ./FATFS/Target/user_diskio.o
                0x0000000008006416                USER_read
 .text.USER_write
                0x000000000800643c       0x26 ./FATFS/Target/user_diskio.o
                0x000000000800643c                USER_write
 .text.USER_ioctl
                0x0000000008006462       0x26 ./FATFS/Target/user_diskio.o
                0x0000000008006462                USER_ioctl
 .text.disk_status
                0x0000000008006488       0x34 ./Middlewares/Third_Party/FatFs/src/diskio.o
                0x0000000008006488                disk_status
 .text.disk_initialize
                0x00000000080064bc       0x4c ./Middlewares/Third_Party/FatFs/src/diskio.o
                0x00000000080064bc                disk_initialize
 .text.disk_read
                0x0000000008006508       0x40 ./Middlewares/Third_Party/FatFs/src/diskio.o
                0x0000000008006508                disk_read
 .text.disk_write
                0x0000000008006548       0x40 ./Middlewares/Third_Party/FatFs/src/diskio.o
                0x0000000008006548                disk_write
 .text.disk_ioctl
                0x0000000008006588       0x3c ./Middlewares/Third_Party/FatFs/src/diskio.o
                0x0000000008006588                disk_ioctl
 .text.mem_cpy  0x00000000080065c4       0x3c ./Middlewares/Third_Party/FatFs/src/ff.o
 .text.mem_set  0x0000000008006600       0x34 ./Middlewares/Third_Party/FatFs/src/ff.o
 .text.mem_cmp  0x0000000008006634       0x4c ./Middlewares/Third_Party/FatFs/src/ff.o
 .text.chk_chr  0x0000000008006680       0x34 ./Middlewares/Third_Party/FatFs/src/ff.o
 .text.chk_lock
                0x00000000080066b4       0xe0 ./Middlewares/Third_Party/FatFs/src/ff.o
 .text.enq_lock
                0x0000000008006794       0x48 ./Middlewares/Third_Party/FatFs/src/ff.o
 .text.inc_lock
                0x00000000080067dc      0x178 ./Middlewares/Third_Party/FatFs/src/ff.o
 .text.dec_lock
                0x0000000008006954       0x88 ./Middlewares/Third_Party/FatFs/src/ff.o
 .text.clear_lock
                0x00000000080069dc       0x54 ./Middlewares/Third_Party/FatFs/src/ff.o
 .text.sync_window
                0x0000000008006a30       0xa4 ./Middlewares/Third_Party/FatFs/src/ff.o
 .text.move_window
                0x0000000008006ad4       0x64 ./Middlewares/Third_Party/FatFs/src/ff.o
 .text.sync_fs  0x0000000008006b38      0x17e ./Middlewares/Third_Party/FatFs/src/ff.o
 .text.clust2sect
                0x0000000008006cb6       0x48 ./Middlewares/Third_Party/FatFs/src/ff.o
                0x0000000008006cb6                clust2sect
 .text.get_fat  0x0000000008006cfe      0x1f8 ./Middlewares/Third_Party/FatFs/src/ff.o
                0x0000000008006cfe                get_fat
 .text.put_fat  0x0000000008006ef6      0x2a6 ./Middlewares/Third_Party/FatFs/src/ff.o
                0x0000000008006ef6                put_fat
 .text.remove_chain
                0x000000000800719c       0xc2 ./Middlewares/Third_Party/FatFs/src/ff.o
 .text.create_chain
                0x000000000800725e      0x150 ./Middlewares/Third_Party/FatFs/src/ff.o
 .text.clmt_clust
                0x00000000080073ae       0x80 ./Middlewares/Third_Party/FatFs/src/ff.o
 .text.dir_sdi  0x000000000800742e      0x19c ./Middlewares/Third_Party/FatFs/src/ff.o
 .text.dir_next
                0x00000000080075ca      0x294 ./Middlewares/Third_Party/FatFs/src/ff.o
 .text.dir_alloc
                0x000000000800785e       0x9c ./Middlewares/Third_Party/FatFs/src/ff.o
 .text.ld_clust
                0x00000000080078fa       0x5c ./Middlewares/Third_Party/FatFs/src/ff.o
 .text.st_clust
                0x0000000008007956       0x4c ./Middlewares/Third_Party/FatFs/src/ff.o
 *fill*         0x00000000080079a2        0x2 
 .text.cmp_lfn  0x00000000080079a4       0xdc ./Middlewares/Third_Party/FatFs/src/ff.o
 .text.fit_lfn  0x0000000008007a80       0xe8 ./Middlewares/Third_Party/FatFs/src/ff.o
 .text.gen_numname
                0x0000000008007b68      0x11c ./Middlewares/Third_Party/FatFs/src/ff.o
 .text.sum_sfn  0x0000000008007c84       0x40 ./Middlewares/Third_Party/FatFs/src/ff.o
 .text.dir_find
                0x0000000008007cc4      0x198 ./Middlewares/Third_Party/FatFs/src/ff.o
 .text.dir_register
                0x0000000008007e5c      0x248 ./Middlewares/Third_Party/FatFs/src/ff.o
 .text.create_name
                0x00000000080080a4      0x37c ./Middlewares/Third_Party/FatFs/src/ff.o
 .text.follow_path
                0x0000000008008420       0xec ./Middlewares/Third_Party/FatFs/src/ff.o
 .text.get_ldnumber
                0x000000000800850c       0x86 ./Middlewares/Third_Party/FatFs/src/ff.o
 *fill*         0x0000000008008592        0x2 
 .text.check_fs
                0x0000000008008594       0xdc ./Middlewares/Third_Party/FatFs/src/ff.o
 .text.find_volume
                0x0000000008008670      0x664 ./Middlewares/Third_Party/FatFs/src/ff.o
 .text.validate
                0x0000000008008cd4       0x76 ./Middlewares/Third_Party/FatFs/src/ff.o
 *fill*         0x0000000008008d4a        0x2 
 .text.f_mount  0x0000000008008d4c       0x94 ./Middlewares/Third_Party/FatFs/src/ff.o
                0x0000000008008d4c                f_mount
 .text.f_open   0x0000000008008de0      0x630 ./Middlewares/Third_Party/FatFs/src/ff.o
                0x0000000008008de0                f_open
 .text.f_write  0x0000000008009410      0x472 ./Middlewares/Third_Party/FatFs/src/ff.o
                0x0000000008009410                f_write
 .text.f_sync   0x0000000008009882      0x19c ./Middlewares/Third_Party/FatFs/src/ff.o
                0x0000000008009882                f_sync
 .text.f_close  0x0000000008009a1e       0x56 ./Middlewares/Third_Party/FatFs/src/ff.o
                0x0000000008009a1e                f_close
 .text.f_lseek  0x0000000008009a74      0x5e2 ./Middlewares/Third_Party/FatFs/src/ff.o
                0x0000000008009a74                f_lseek
 .text.putc_bfd
                0x000000000800a056       0x7a ./Middlewares/Third_Party/FatFs/src/ff.o
 .text.f_puts   0x000000000800a0d0       0x72 ./Middlewares/Third_Party/FatFs/src/ff.o
                0x000000000800a0d0                f_puts
 *fill*         0x000000000800a142        0x2 
 .text.FATFS_LinkDriverEx
                0x000000000800a144       0x94 ./Middlewares/Third_Party/FatFs/src/ff_gen_drv.o
                0x000000000800a144                FATFS_LinkDriverEx
 .text.FATFS_LinkDriver
                0x000000000800a1d8       0x1e ./Middlewares/Third_Party/FatFs/src/ff_gen_drv.o
                0x000000000800a1d8                FATFS_LinkDriver
 *fill*         0x000000000800a1f6        0x2 
 .text.ff_convert
                0x000000000800a1f8       0x74 ./Middlewares/Third_Party/FatFs/src/option/ccsbcs.o
                0x000000000800a1f8                ff_convert
 .text.ff_wtoupper
                0x000000000800a26c       0x5c ./Middlewares/Third_Party/FatFs/src/option/ccsbcs.o
                0x000000000800a26c                ff_wtoupper
 .text.__itoa   0x000000000800a2c8       0x30 C:/ST/STM32CubeIDE_1.14.1/STM32CubeIDE/plugins/com.st.stm32cube.ide.mcu.externaltools.gnu-tools-for-stm32.11.3.rel1.win32_1.1.100.202309141235/tools/bin/../lib/gcc/arm-none-eabi/11.3.1/../../../../arm-none-eabi/lib/thumb/v7-m/nofp\libc_nano.a(libc_a-itoa.o)
                0x000000000800a2c8                __itoa
 .text.itoa     0x000000000800a2f8        0x4 C:/ST/STM32CubeIDE_1.14.1/STM32CubeIDE/plugins/com.st.stm32cube.ide.mcu.externaltools.gnu-tools-for-stm32.11.3.rel1.win32_1.1.100.202309141235/tools/bin/../lib/gcc/arm-none-eabi/11.3.1/../../../../arm-none-eabi/lib/thumb/v7-m/nofp\libc_nano.a(libc_a-itoa.o)
                0x000000000800a2f8                itoa
 .text.__utoa   0x000000000800a2fc       0x84 C:/ST/STM32CubeIDE_1.14.1/STM32CubeIDE/plugins/com.st.stm32cube.ide.mcu.externaltools.gnu-tools-for-stm32.11.3.rel1.win32_1.1.100.202309141235/tools/bin/../lib/gcc/arm-none-eabi/11.3.1/../../../../arm-none-eabi/lib/thumb/v7-m/nofp\libc_nano.a(libc_a-utoa.o)
                0x000000000800a2fc                __utoa
 .text.memset   0x000000000800a380       0x10 C:/ST/STM32CubeIDE_1.14.1/STM32CubeIDE/plugins/com.st.stm32cube.ide.mcu.externaltools.gnu-tools-for-stm32.11.3.rel1.win32_1.1.100.202309141235/tools/bin/../lib/gcc/arm-none-eabi/11.3.1/../../../../arm-none-eabi/lib/thumb/v7-m/nofp\libc_nano.a(libc_a-memset.o)
                0x000000000800a380                memset
 .text.__libc_init_array
                0x000000000800a390       0x48 C:/ST/STM32CubeIDE_1.14.1/STM32CubeIDE/plugins/com.st.stm32cube.ide.mcu.externaltools.gnu-tools-for-stm32.11.3.rel1.win32_1.1.100.202309141235/tools/bin/../lib/gcc/arm-none-eabi/11.3.1/../../../../arm-none-eabi/lib/thumb/v7-m/nofp\libc_nano.a(libc_a-init.o)
                0x000000000800a390                __libc_init_array
 *(.glue_7)
 .glue_7        0x000000000800a3d8        0x0 linker stubs
 *(.glue_7t)
 .glue_7t       0x000000000800a3d8        0x0 linker stubs
 *(.eh_frame)
 .eh_frame      0x000000000800a3d8        0x0 C:/ST/STM32CubeIDE_1.14.1/STM32CubeIDE/plugins/com.st.stm32cube.ide.mcu.externaltools.gnu-tools-for-stm32.11.3.rel1.win32_1.1.100.202309141235/tools/bin/../lib/gcc/arm-none-eabi/11.3.1/thumb/v7-m/nofp/crtbegin.o
 *(.init)
 .init          0x000000000800a3d8        0x4 C:/ST/STM32CubeIDE_1.14.1/STM32CubeIDE/plugins/com.st.stm32cube.ide.mcu.externaltools.gnu-tools-for-stm32.11.3.rel1.win32_1.1.100.202309141235/tools/bin/../lib/gcc/arm-none-eabi/11.3.1/thumb/v7-m/nofp/crti.o
                0x000000000800a3d8                _init
 .init          0x000000000800a3dc        0x8 C:/ST/STM32CubeIDE_1.14.1/STM32CubeIDE/plugins/com.st.stm32cube.ide.mcu.externaltools.gnu-tools-for-stm32.11.3.rel1.win32_1.1.100.202309141235/tools/bin/../lib/gcc/arm-none-eabi/11.3.1/thumb/v7-m/nofp/crtn.o
 *(.fini)
 .fini          0x000000000800a3e4        0x4 C:/ST/STM32CubeIDE_1.14.1/STM32CubeIDE/plugins/com.st.stm32cube.ide.mcu.externaltools.gnu-tools-for-stm32.11.3.rel1.win32_1.1.100.202309141235/tools/bin/../lib/gcc/arm-none-eabi/11.3.1/thumb/v7-m/nofp/crti.o
                0x000000000800a3e4                _fini
 .fini          0x000000000800a3e8        0x8 C:/ST/STM32CubeIDE_1.14.1/STM32CubeIDE/plugins/com.st.stm32cube.ide.mcu.externaltools.gnu-tools-for-stm32.11.3.rel1.win32_1.1.100.202309141235/tools/bin/../lib/gcc/arm-none-eabi/11.3.1/thumb/v7-m/nofp/crtn.o
                0x000000000800a3f0                . = ALIGN (0x4)
                0x000000000800a3f0                _etext = .

.vfp11_veneer   0x000000000800a3f0        0x0
 .vfp11_veneer  0x000000000800a3f0        0x0 linker stubs

.v4_bx          0x000000000800a3f0        0x0
 .v4_bx         0x000000000800a3f0        0x0 linker stubs

.iplt           0x000000000800a3f0        0x0
 .iplt          0x000000000800a3f0        0x0 C:/ST/STM32CubeIDE_1.14.1/STM32CubeIDE/plugins/com.st.stm32cube.ide.mcu.externaltools.gnu-tools-for-stm32.11.3.rel1.win32_1.1.100.202309141235/tools/bin/../lib/gcc/arm-none-eabi/11.3.1/thumb/v7-m/nofp/crtbegin.o

.rodata         0x000000000800a3f0     0x2e44
                0x000000000800a3f0                . = ALIGN (0x4)
 *(.rodata)
 .rodata        0x000000000800a3f0       0x30 ./Core/Src/aplication.o
 .rodata        0x000000000800a420       0x48 ./Middlewares/Third_Party/FatFs/src/ff.o
 *(.rodata*)
 .rodata.Font7x10
                0x000000000800a468      0x76c ./Core/Src/fonts.o
                0x000000000800a468                Font7x10
 .rodata.Font11x18
                0x000000000800abd4      0xd5c ./Core/Src/fonts.o
                0x000000000800abd4                Font11x18
 .rodata.Font16x26
                0x000000000800b930     0x134c ./Core/Src/fonts.o
                0x000000000800b930                Font16x26
 .rodata.AHBPrescTable
                0x000000000800cc7c       0x10 ./Core/Src/system_stm32f1xx.o
                0x000000000800cc7c                AHBPrescTable
 .rodata.APBPrescTable
                0x000000000800cc8c        0x8 ./Core/Src/system_stm32f1xx.o
                0x000000000800cc8c                APBPrescTable
 .rodata.aPLLMULFactorTable.1
                0x000000000800cc94       0x10 ./Drivers/STM32F1xx_HAL_Driver/Src/stm32f1xx_hal_rcc.o
 .rodata.aPredivFactorTable.0
                0x000000000800cca4        0x2 ./Drivers/STM32F1xx_HAL_Driver/Src/stm32f1xx_hal_rcc.o
 *fill*         0x000000000800cca6        0x2 
 .rodata.aPLLMULFactorTable.1
                0x000000000800cca8       0x10 ./Drivers/STM32F1xx_HAL_Driver/Src/stm32f1xx_hal_rcc_ex.o
 .rodata.aPredivFactorTable.0
                0x000000000800ccb8        0x2 ./Drivers/STM32F1xx_HAL_Driver/Src/stm32f1xx_hal_rcc_ex.o
 *fill*         0x000000000800ccba        0x2 
 .rodata.ExCvt  0x000000000800ccbc       0x80 ./Middlewares/Third_Party/FatFs/src/ff.o
 .rodata.LfnOfs
                0x000000000800cd3c        0xd ./Middlewares/Third_Party/FatFs/src/ff.o
 *fill*         0x000000000800cd49        0x3 
 .rodata.Tbl    0x000000000800cd4c      0x100 ./Middlewares/Third_Party/FatFs/src/option/ccsbcs.o
 .rodata.tbl_lower.1
                0x000000000800ce4c      0x1e0 ./Middlewares/Third_Party/FatFs/src/option/ccsbcs.o
 .rodata.tbl_upper.0
                0x000000000800d02c      0x1e0 ./Middlewares/Third_Party/FatFs/src/option/ccsbcs.o
 .rodata.__utoa.str1.1
                0x000000000800d20c       0x25 C:/ST/STM32CubeIDE_1.14.1/STM32CubeIDE/plugins/com.st.stm32cube.ide.mcu.externaltools.gnu-tools-for-stm32.11.3.rel1.win32_1.1.100.202309141235/tools/bin/../lib/gcc/arm-none-eabi/11.3.1/../../../../arm-none-eabi/lib/thumb/v7-m/nofp\libc_nano.a(libc_a-utoa.o)
                0x000000000800d234                . = ALIGN (0x4)
 *fill*         0x000000000800d231        0x3 

.rel.dyn        0x000000000800d234        0x0
 .rel.iplt      0x000000000800d234        0x0 C:/ST/STM32CubeIDE_1.14.1/STM32CubeIDE/plugins/com.st.stm32cube.ide.mcu.externaltools.gnu-tools-for-stm32.11.3.rel1.win32_1.1.100.202309141235/tools/bin/../lib/gcc/arm-none-eabi/11.3.1/thumb/v7-m/nofp/crtbegin.o

.ARM.extab      0x000000000800d234        0x0
                0x000000000800d234                . = ALIGN (0x4)
 *(.ARM.extab* .gnu.linkonce.armextab.*)
                0x000000000800d234                . = ALIGN (0x4)

.ARM            0x000000000800d234        0x0
                0x000000000800d234                . = ALIGN (0x4)
                0x000000000800d234                __exidx_start = .
 *(.ARM.exidx*)
                0x000000000800d234                __exidx_end = .
                0x000000000800d234                . = ALIGN (0x4)

.preinit_array  0x000000000800d234        0x0
                0x000000000800d234                . = ALIGN (0x4)
                0x000000000800d234                PROVIDE (__preinit_array_start = .)
 *(.preinit_array*)
                0x000000000800d234                PROVIDE (__preinit_array_end = .)
                0x000000000800d234                . = ALIGN (0x4)

.init_array     0x000000000800d234        0x4
                0x000000000800d234                . = ALIGN (0x4)
                0x000000000800d234                PROVIDE (__init_array_start = .)
 *(SORT_BY_NAME(.init_array.*))
 *(.init_array*)
 .init_array    0x000000000800d234        0x4 C:/ST/STM32CubeIDE_1.14.1/STM32CubeIDE/plugins/com.st.stm32cube.ide.mcu.externaltools.gnu-tools-for-stm32.11.3.rel1.win32_1.1.100.202309141235/tools/bin/../lib/gcc/arm-none-eabi/11.3.1/thumb/v7-m/nofp/crtbegin.o
                0x000000000800d238                PROVIDE (__init_array_end = .)
                0x000000000800d238                . = ALIGN (0x4)

.fini_array     0x000000000800d238        0x4
                0x000000000800d238                . = ALIGN (0x4)
                [!provide]                        PROVIDE (__fini_array_start = .)
 *(SORT_BY_NAME(.fini_array.*))
 *(.fini_array*)
 .fini_array    0x000000000800d238        0x4 C:/ST/STM32CubeIDE_1.14.1/STM32CubeIDE/plugins/com.st.stm32cube.ide.mcu.externaltools.gnu-tools-for-stm32.11.3.rel1.win32_1.1.100.202309141235/tools/bin/../lib/gcc/arm-none-eabi/11.3.1/thumb/v7-m/nofp/crtbegin.o
                [!provide]                        PROVIDE (__fini_array_end = .)
                0x000000000800d23c                . = ALIGN (0x4)
                0x000000000800d23c                _sidata = LOADADDR (.data)

.data           0x0000000020000000      0x57c load address 0x000000000800d23c
                0x0000000020000000                . = ALIGN (0x4)
                0x0000000020000000                _sdata = .
 *(.data)
 *(.data*)
 .data.gnss     0x0000000020000000      0x540 ./Core/Src/aplication.o
                0x0000000020000000                gnss
 .data.Stat     0x0000000020000540        0x1 ./Core/Src/fatfs_sd.o
 *fill*         0x0000000020000541        0x3 
 .data.Font_7x10
                0x0000000020000544        0x8 ./Core/Src/fonts.o
                0x0000000020000544                Font_7x10
 .data.Font_11x18
                0x000000002000054c        0x8 ./Core/Src/fonts.o
                0x000000002000054c                Font_11x18
 .data.Font_16x26
                0x0000000020000554        0x8 ./Core/Src/fonts.o
                0x0000000020000554                Font_16x26
 .data.SystemCoreClock
                0x000000002000055c        0x4 ./Core/Src/system_stm32f1xx.o
                0x000000002000055c                SystemCoreClock
 .data.uwTickPrio
                0x0000000020000560        0x4 ./Drivers/STM32F1xx_HAL_Driver/Src/stm32f1xx_hal.o
                0x0000000020000560                uwTickPrio
 .data.uwTickFreq
                0x0000000020000564        0x1 ./Drivers/STM32F1xx_HAL_Driver/Src/stm32f1xx_hal.o
                0x0000000020000564                uwTickFreq
 *fill*         0x0000000020000565        0x3 
 .data.USER_Driver
                0x0000000020000568       0x14 ./FATFS/Target/user_diskio.o
                0x0000000020000568                USER_Driver
 *(.RamFunc)
 *(.RamFunc*)
                0x000000002000057c                . = ALIGN (0x4)
                0x000000002000057c                _edata = .

.igot.plt       0x000000002000057c        0x0 load address 0x000000000800d7b8
 .igot.plt      0x000000002000057c        0x0 C:/ST/STM32CubeIDE_1.14.1/STM32CubeIDE/plugins/com.st.stm32cube.ide.mcu.externaltools.gnu-tools-for-stm32.11.3.rel1.win32_1.1.100.202309141235/tools/bin/../lib/gcc/arm-none-eabi/11.3.1/thumb/v7-m/nofp/crtbegin.o
                0x000000002000057c                . = ALIGN (0x4)

.bss            0x000000002000057c     0x27f0 load address 0x000000000800d7b8
                0x000000002000057c                _sbss = .
                0x000000002000057c                __bss_start__ = _sbss
 *(.bss)
 .bss           0x000000002000057c       0x1c C:/ST/STM32CubeIDE_1.14.1/STM32CubeIDE/plugins/com.st.stm32cube.ide.mcu.externaltools.gnu-tools-for-stm32.11.3.rel1.win32_1.1.100.202309141235/tools/bin/../lib/gcc/arm-none-eabi/11.3.1/thumb/v7-m/nofp/crtbegin.o
 *(.bss*)
 .bss.Display   0x0000000020000598        0x2 ./Core/Src/aplication.o
                0x0000000020000598                Display
 *fill*         0x000000002000059a        0x2 
 .bss.huart1    0x000000002000059c       0x48 ./Core/Src/aplication.o
                0x000000002000059c                huart1
 .bss.hadc1     0x00000000200005e4       0x30 ./Core/Src/aplication.o
                0x00000000200005e4                hadc1
 .bss.tensao    0x0000000020000614        0x8 ./Core/Src/aplication.o
                0x0000000020000614                tensao
 .bss.fs.1      0x000000002000061c     0x1030 ./Core/Src/aplication.o
 .bss.fil.0     0x000000002000164c     0x102c ./Core/Src/aplication.o
 .bss.Timer1    0x0000000020002678        0x2 ./Core/Src/fatfs_sd.o
                0x0000000020002678                Timer1
 .bss.Timer2    0x000000002000267a        0x2 ./Core/Src/fatfs_sd.o
                0x000000002000267a                Timer2
 .bss.CardType  0x000000002000267c        0x1 ./Core/Src/fatfs_sd.o
 .bss.PowerFlag
                0x000000002000267d        0x1 ./Core/Src/fatfs_sd.o
 *fill*         0x000000002000267e        0x2 
 .bss.hi2c1     0x0000000020002680       0x54 ./Core/Src/main.o
                0x0000000020002680                hi2c1
 .bss.hspi1     0x00000000200026d4       0x58 ./Core/Src/main.o
                0x00000000200026d4                hspi1
 .bss.SSD1306_Buffer
                0x000000002000272c      0x400 ./Core/Src/ssd1306.o
 .bss.SSD1306   0x0000000020002b2c        0x6 ./Core/Src/ssd1306.o
 *fill*         0x0000000020002b32        0x2 
 .bss.uwTick    0x0000000020002b34        0x4 ./Drivers/STM32F1xx_HAL_Driver/Src/stm32f1xx_hal.o
                0x0000000020002b34                uwTick
 .bss.retUSER   0x0000000020002b38        0x1 ./FATFS/App/fatfs.o
                0x0000000020002b38                retUSER
 *fill*         0x0000000020002b39        0x3 
 .bss.USERPath  0x0000000020002b3c        0x4 ./FATFS/App/fatfs.o
                0x0000000020002b3c                USERPath
 .bss.FatFs     0x0000000020002b40        0x4 ./Middlewares/Third_Party/FatFs/src/ff.o
 .bss.Fsid      0x0000000020002b44        0x2 ./Middlewares/Third_Party/FatFs/src/ff.o
 *fill*         0x0000000020002b46        0x2 
 .bss.Files     0x0000000020002b48       0x18 ./Middlewares/Third_Party/FatFs/src/ff.o
 .bss.LfnBuf    0x0000000020002b60      0x200 ./Middlewares/Third_Party/FatFs/src/ff.o
 .bss.disk      0x0000000020002d60        0xc ./Middlewares/Third_Party/FatFs/src/ff_gen_drv.o
                0x0000000020002d60                disk
 *(COMMON)
                0x0000000020002d6c                . = ALIGN (0x4)
                0x0000000020002d6c                _ebss = .
                0x0000000020002d6c                __bss_end__ = _ebss

._user_heap_stack
                0x0000000020002d6c      0x604 load address 0x000000000800d7b8
                0x0000000020002d70                . = ALIGN (0x8)
 *fill*         0x0000000020002d6c        0x4 
                [!provide]                        PROVIDE (end = .)
                0x0000000020002d70                PROVIDE (_end = .)
                0x0000000020002f70                . = (. + _Min_Heap_Size)
 *fill*         0x0000000020002d70      0x200 
                0x0000000020003370                . = (. + _Min_Stack_Size)
 *fill*         0x0000000020002f70      0x400 
                0x0000000020003370                . = ALIGN (0x8)

/DISCARD/
 libc.a(*)
 libm.a(*)
 libgcc.a(*)

.ARM.attributes
                0x0000000000000000       0x29
 *(.ARM.attributes)
 .ARM.attributes
                0x0000000000000000       0x1d C:/ST/STM32CubeIDE_1.14.1/STM32CubeIDE/plugins/com.st.stm32cube.ide.mcu.externaltools.gnu-tools-for-stm32.11.3.rel1.win32_1.1.100.202309141235/tools/bin/../lib/gcc/arm-none-eabi/11.3.1/thumb/v7-m/nofp/crti.o
 .ARM.attributes
                0x000000000000001d       0x2d C:/ST/STM32CubeIDE_1.14.1/STM32CubeIDE/plugins/com.st.stm32cube.ide.mcu.externaltools.gnu-tools-for-stm32.11.3.rel1.win32_1.1.100.202309141235/tools/bin/../lib/gcc/arm-none-eabi/11.3.1/thumb/v7-m/nofp/crtbegin.o
 .ARM.attributes
                0x000000000000004a       0x2d ./Core/Src/aplication.o
 .ARM.attributes
                0x0000000000000077       0x2d ./Core/Src/fatfs_sd.o
 .ARM.attributes
                0x00000000000000a4       0x2d ./Core/Src/fonts.o
 .ARM.attributes
                0x00000000000000d1       0x2d ./Core/Src/main.o
 .ARM.attributes
                0x00000000000000fe       0x2d ./Core/Src/ssd1306.o
 .ARM.attributes
                0x000000000000012b       0x2d ./Core/Src/stm32f1xx_hal_msp.o
 .ARM.attributes
                0x0000000000000158       0x2d ./Core/Src/stm32f1xx_it.o
 .ARM.attributes
                0x0000000000000185       0x2d ./Core/Src/system_stm32f1xx.o
 .ARM.attributes
                0x00000000000001b2       0x21 ./Core/Startup/startup_stm32f103c8tx.o
 .ARM.attributes
                0x00000000000001d3       0x2d ./Drivers/STM32F1xx_HAL_Driver/Src/stm32f1xx_hal.o
 .ARM.attributes
                0x0000000000000200       0x2d ./Drivers/STM32F1xx_HAL_Driver/Src/stm32f1xx_hal_adc.o
 .ARM.attributes
                0x000000000000022d       0x2d ./Drivers/STM32F1xx_HAL_Driver/Src/stm32f1xx_hal_cortex.o
 .ARM.attributes
                0x000000000000025a       0x2d ./Drivers/STM32F1xx_HAL_Driver/Src/stm32f1xx_hal_dma.o
 .ARM.attributes
                0x0000000000000287       0x2d ./Drivers/STM32F1xx_HAL_Driver/Src/stm32f1xx_hal_gpio.o
 .ARM.attributes
                0x00000000000002b4       0x2d ./Drivers/STM32F1xx_HAL_Driver/Src/stm32f1xx_hal_i2c.o
 .ARM.attributes
                0x00000000000002e1       0x2d ./Drivers/STM32F1xx_HAL_Driver/Src/stm32f1xx_hal_rcc.o
 .ARM.attributes
                0x000000000000030e       0x2d ./Drivers/STM32F1xx_HAL_Driver/Src/stm32f1xx_hal_rcc_ex.o
 .ARM.attributes
                0x000000000000033b       0x2d ./Drivers/STM32F1xx_HAL_Driver/Src/stm32f1xx_hal_spi.o
 .ARM.attributes
                0x0000000000000368       0x2d ./Drivers/STM32F1xx_HAL_Driver/Src/stm32f1xx_hal_uart.o
 .ARM.attributes
                0x0000000000000395       0x2d ./FATFS/App/fatfs.o
 .ARM.attributes
                0x00000000000003c2       0x2d ./FATFS/Target/user_diskio.o
 .ARM.attributes
                0x00000000000003ef       0x2d ./Middlewares/Third_Party/FatFs/src/diskio.o
 .ARM.attributes
                0x000000000000041c       0x2d ./Middlewares/Third_Party/FatFs/src/ff.o
 .ARM.attributes
                0x0000000000000449       0x2d ./Middlewares/Third_Party/FatFs/src/ff_gen_drv.o
 .ARM.attributes
                0x0000000000000476       0x2d ./Middlewares/Third_Party/FatFs/src/option/ccsbcs.o
 .ARM.attributes
                0x00000000000004a3       0x2d C:/ST/STM32CubeIDE_1.14.1/STM32CubeIDE/plugins/com.st.stm32cube.ide.mcu.externaltools.gnu-tools-for-stm32.11.3.rel1.win32_1.1.100.202309141235/tools/bin/../lib/gcc/arm-none-eabi/11.3.1/../../../../arm-none-eabi/lib/thumb/v7-m/nofp\libc_nano.a(libc_a-itoa.o)
 .ARM.attributes
                0x00000000000004d0       0x2d C:/ST/STM32CubeIDE_1.14.1/STM32CubeIDE/plugins/com.st.stm32cube.ide.mcu.externaltools.gnu-tools-for-stm32.11.3.rel1.win32_1.1.100.202309141235/tools/bin/../lib/gcc/arm-none-eabi/11.3.1/../../../../arm-none-eabi/lib/thumb/v7-m/nofp\libc_nano.a(libc_a-utoa.o)
 .ARM.attributes
                0x00000000000004fd       0x2d C:/ST/STM32CubeIDE_1.14.1/STM32CubeIDE/plugins/com.st.stm32cube.ide.mcu.externaltools.gnu-tools-for-stm32.11.3.rel1.win32_1.1.100.202309141235/tools/bin/../lib/gcc/arm-none-eabi/11.3.1/../../../../arm-none-eabi/lib/thumb/v7-m/nofp\libc_nano.a(libc_a-memset.o)
 .ARM.attributes
                0x000000000000052a       0x2d C:/ST/STM32CubeIDE_1.14.1/STM32CubeIDE/plugins/com.st.stm32cube.ide.mcu.externaltools.gnu-tools-for-stm32.11.3.rel1.win32_1.1.100.202309141235/tools/bin/../lib/gcc/arm-none-eabi/11.3.1/../../../../arm-none-eabi/lib/thumb/v7-m/nofp\libc_nano.a(libc_a-init.o)
 .ARM.attributes
                0x0000000000000557       0x1d C:/ST/STM32CubeIDE_1.14.1/STM32CubeIDE/plugins/com.st.stm32cube.ide.mcu.externaltools.gnu-tools-for-stm32.11.3.rel1.win32_1.1.100.202309141235/tools/bin/../lib/gcc/arm-none-eabi/11.3.1/thumb/v7-m/nofp\libgcc.a(_arm_addsubdf3.o)
 .ARM.attributes
                0x0000000000000574       0x1d C:/ST/STM32CubeIDE_1.14.1/STM32CubeIDE/plugins/com.st.stm32cube.ide.mcu.externaltools.gnu-tools-for-stm32.11.3.rel1.win32_1.1.100.202309141235/tools/bin/../lib/gcc/arm-none-eabi/11.3.1/thumb/v7-m/nofp\libgcc.a(_arm_muldivdf3.o)
 .ARM.attributes
                0x0000000000000591       0x1d C:/ST/STM32CubeIDE_1.14.1/STM32CubeIDE/plugins/com.st.stm32cube.ide.mcu.externaltools.gnu-tools-for-stm32.11.3.rel1.win32_1.1.100.202309141235/tools/bin/../lib/gcc/arm-none-eabi/11.3.1/thumb/v7-m/nofp\libgcc.a(_arm_truncdfsf2.o)
 .ARM.attributes
                0x00000000000005ae       0x1d C:/ST/STM32CubeIDE_1.14.1/STM32CubeIDE/plugins/com.st.stm32cube.ide.mcu.externaltools.gnu-tools-for-stm32.11.3.rel1.win32_1.1.100.202309141235/tools/bin/../lib/gcc/arm-none-eabi/11.3.1/thumb/v7-m/nofp\libgcc.a(_arm_addsubsf3.o)
 .ARM.attributes
                0x00000000000005cb       0x1d C:/ST/STM32CubeIDE_1.14.1/STM32CubeIDE/plugins/com.st.stm32cube.ide.mcu.externaltools.gnu-tools-for-stm32.11.3.rel1.win32_1.1.100.202309141235/tools/bin/../lib/gcc/arm-none-eabi/11.3.1/thumb/v7-m/nofp\libgcc.a(_arm_fixunssfsi.o)
 .ARM.attributes
                0x00000000000005e8       0x1d C:/ST/STM32CubeIDE_1.14.1/STM32CubeIDE/plugins/com.st.stm32cube.ide.mcu.externaltools.gnu-tools-for-stm32.11.3.rel1.win32_1.1.100.202309141235/tools/bin/../lib/gcc/arm-none-eabi/11.3.1/thumb/v7-m/nofp/crtn.o
OUTPUT(GNSS_SD_CARD.elf elf32-littlearm)
LOAD linker stubs
LOAD C:/ST/STM32CubeIDE_1.14.1/STM32CubeIDE/plugins/com.st.stm32cube.ide.mcu.externaltools.gnu-tools-for-stm32.11.3.rel1.win32_1.1.100.202309141235/tools/bin/../lib/gcc/arm-none-eabi/11.3.1/../../../../arm-none-eabi/lib/thumb/v7-m/nofp\libc.a
LOAD C:/ST/STM32CubeIDE_1.14.1/STM32CubeIDE/plugins/com.st.stm32cube.ide.mcu.externaltools.gnu-tools-for-stm32.11.3.rel1.win32_1.1.100.202309141235/tools/bin/../lib/gcc/arm-none-eabi/11.3.1/../../../../arm-none-eabi/lib/thumb/v7-m/nofp\libm.a
LOAD C:/ST/STM32CubeIDE_1.14.1/STM32CubeIDE/plugins/com.st.stm32cube.ide.mcu.externaltools.gnu-tools-for-stm32.11.3.rel1.win32_1.1.100.202309141235/tools/bin/../lib/gcc/arm-none-eabi/11.3.1/thumb/v7-m/nofp\libgcc.a

.comment        0x0000000000000000       0x43
 .comment       0x0000000000000000       0x43 C:/ST/STM32CubeIDE_1.14.1/STM32CubeIDE/plugins/com.st.stm32cube.ide.mcu.externaltools.gnu-tools-for-stm32.11.3.rel1.win32_1.1.100.202309141235/tools/bin/../lib/gcc/arm-none-eabi/11.3.1/thumb/v7-m/nofp/crtbegin.o
                                         0x44 (size before relaxing)
 .comment       0x0000000000000043       0x44 ./Core/Src/aplication.o
 .comment       0x0000000000000043       0x44 ./Core/Src/fatfs_sd.o
 .comment       0x0000000000000043       0x44 ./Core/Src/fonts.o
 .comment       0x0000000000000043       0x44 ./Core/Src/main.o
 .comment       0x0000000000000043       0x44 ./Core/Src/ssd1306.o
 .comment       0x0000000000000043       0x44 ./Core/Src/stm32f1xx_hal_msp.o
 .comment       0x0000000000000043       0x44 ./Core/Src/stm32f1xx_it.o
 .comment       0x0000000000000043       0x44 ./Core/Src/system_stm32f1xx.o
 .comment       0x0000000000000043       0x44 ./Drivers/STM32F1xx_HAL_Driver/Src/stm32f1xx_hal.o
 .comment       0x0000000000000043       0x44 ./Drivers/STM32F1xx_HAL_Driver/Src/stm32f1xx_hal_adc.o
 .comment       0x0000000000000043       0x44 ./Drivers/STM32F1xx_HAL_Driver/Src/stm32f1xx_hal_cortex.o
 .comment       0x0000000000000043       0x44 ./Drivers/STM32F1xx_HAL_Driver/Src/stm32f1xx_hal_dma.o
 .comment       0x0000000000000043       0x44 ./Drivers/STM32F1xx_HAL_Driver/Src/stm32f1xx_hal_gpio.o
 .comment       0x0000000000000043       0x44 ./Drivers/STM32F1xx_HAL_Driver/Src/stm32f1xx_hal_i2c.o
 .comment       0x0000000000000043       0x44 ./Drivers/STM32F1xx_HAL_Driver/Src/stm32f1xx_hal_rcc.o
 .comment       0x0000000000000043       0x44 ./Drivers/STM32F1xx_HAL_Driver/Src/stm32f1xx_hal_rcc_ex.o
 .comment       0x0000000000000043       0x44 ./Drivers/STM32F1xx_HAL_Driver/Src/stm32f1xx_hal_spi.o
 .comment       0x0000000000000043       0x44 ./Drivers/STM32F1xx_HAL_Driver/Src/stm32f1xx_hal_uart.o
 .comment       0x0000000000000043       0x44 ./FATFS/App/fatfs.o
 .comment       0x0000000000000043       0x44 ./FATFS/Target/user_diskio.o
 .comment       0x0000000000000043       0x44 ./Middlewares/Third_Party/FatFs/src/diskio.o
 .comment       0x0000000000000043       0x44 ./Middlewares/Third_Party/FatFs/src/ff.o
 .comment       0x0000000000000043       0x44 ./Middlewares/Third_Party/FatFs/src/ff_gen_drv.o
 .comment       0x0000000000000043       0x44 ./Middlewares/Third_Party/FatFs/src/option/ccsbcs.o

.debug_info     0x0000000000000000    0x1344a
 .debug_info    0x0000000000000000     0x120e ./Core/Src/aplication.o
 .debug_info    0x000000000000120e      0xbb2 ./Core/Src/fatfs_sd.o
 .debug_info    0x0000000000001dc0      0x255 ./Core/Src/fonts.o
 .debug_info    0x0000000000002015     0x153e ./Core/Src/main.o
 .debug_info    0x0000000000003553     0x1028 ./Core/Src/ssd1306.o
 .debug_info    0x000000000000457b     0x1239 ./Core/Src/stm32f1xx_hal_msp.o
 .debug_info    0x00000000000057b4      0x600 ./Core/Src/stm32f1xx_it.o
 .debug_info    0x0000000000005db4      0x222 ./Core/Src/system_stm32f1xx.o
 .debug_info    0x0000000000005fd6       0x23 ./Core/Startup/startup_stm32f103c8tx.o
 .debug_info    0x0000000000005ff9      0x704 ./Drivers/STM32F1xx_HAL_Driver/Src/stm32f1xx_hal.o
 .debug_info    0x00000000000066fd      0xc50 ./Drivers/STM32F1xx_HAL_Driver/Src/stm32f1xx_hal_adc.o
 .debug_info    0x000000000000734d      0xa87 ./Drivers/STM32F1xx_HAL_Driver/Src/stm32f1xx_hal_cortex.o
 .debug_info    0x0000000000007dd4      0x6d2 ./Drivers/STM32F1xx_HAL_Driver/Src/stm32f1xx_hal_dma.o
 .debug_info    0x00000000000084a6      0x5ab ./Drivers/STM32F1xx_HAL_Driver/Src/stm32f1xx_hal_gpio.o
 .debug_info    0x0000000000008a51     0x2524 ./Drivers/STM32F1xx_HAL_Driver/Src/stm32f1xx_hal_i2c.o
 .debug_info    0x000000000000af75      0x7d5 ./Drivers/STM32F1xx_HAL_Driver/Src/stm32f1xx_hal_rcc.o
 .debug_info    0x000000000000b74a      0x3c0 ./Drivers/STM32F1xx_HAL_Driver/Src/stm32f1xx_hal_rcc_ex.o
 .debug_info    0x000000000000bb0a     0x142d ./Drivers/STM32F1xx_HAL_Driver/Src/stm32f1xx_hal_spi.o
 .debug_info    0x000000000000cf37     0x2eed ./Drivers/STM32F1xx_HAL_Driver/Src/stm32f1xx_hal_uart.o
 .debug_info    0x000000000000fe24      0x4dd ./FATFS/App/fatfs.o
 .debug_info    0x0000000000010301      0x3a5 ./FATFS/Target/user_diskio.o
 .debug_info    0x00000000000106a6      0x3da ./Middlewares/Third_Party/FatFs/src/diskio.o
 .debug_info    0x0000000000010a80     0x24dd ./Middlewares/Third_Party/FatFs/src/ff.o
 .debug_info    0x0000000000012f5d      0x37a ./Middlewares/Third_Party/FatFs/src/ff_gen_drv.o
 .debug_info    0x00000000000132d7      0x173 ./Middlewares/Third_Party/FatFs/src/option/ccsbcs.o

.debug_abbrev   0x0000000000000000     0x32f0
 .debug_abbrev  0x0000000000000000      0x307 ./Core/Src/aplication.o
 .debug_abbrev  0x0000000000000307      0x302 ./Core/Src/fatfs_sd.o
 .debug_abbrev  0x0000000000000609      0x11c ./Core/Src/fonts.o
 .debug_abbrev  0x0000000000000725      0x2e1 ./Core/Src/main.o
 .debug_abbrev  0x0000000000000a06      0x30d ./Core/Src/ssd1306.o
 .debug_abbrev  0x0000000000000d13      0x20b ./Core/Src/stm32f1xx_hal_msp.o
 .debug_abbrev  0x0000000000000f1e      0x177 ./Core/Src/stm32f1xx_it.o
 .debug_abbrev  0x0000000000001095      0x13f ./Core/Src/system_stm32f1xx.o
 .debug_abbrev  0x00000000000011d4       0x12 ./Core/Startup/startup_stm32f103c8tx.o
 .debug_abbrev  0x00000000000011e6      0x201 ./Drivers/STM32F1xx_HAL_Driver/Src/stm32f1xx_hal.o
 .debug_abbrev  0x00000000000013e7      0x225 ./Drivers/STM32F1xx_HAL_Driver/Src/stm32f1xx_hal_adc.o
 .debug_abbrev  0x000000000000160c      0x2f8 ./Drivers/STM32F1xx_HAL_Driver/Src/stm32f1xx_hal_cortex.o
 .debug_abbrev  0x0000000000001904      0x20b ./Drivers/STM32F1xx_HAL_Driver/Src/stm32f1xx_hal_dma.o
 .debug_abbrev  0x0000000000001b0f      0x1ca ./Drivers/STM32F1xx_HAL_Driver/Src/stm32f1xx_hal_gpio.o
 .debug_abbrev  0x0000000000001cd9      0x2a3 ./Drivers/STM32F1xx_HAL_Driver/Src/stm32f1xx_hal_i2c.o
 .debug_abbrev  0x0000000000001f7c      0x2b3 ./Drivers/STM32F1xx_HAL_Driver/Src/stm32f1xx_hal_rcc.o
 .debug_abbrev  0x000000000000222f      0x188 ./Drivers/STM32F1xx_HAL_Driver/Src/stm32f1xx_hal_rcc_ex.o
 .debug_abbrev  0x00000000000023b7      0x27a ./Drivers/STM32F1xx_HAL_Driver/Src/stm32f1xx_hal_spi.o
 .debug_abbrev  0x0000000000002631      0x2f8 ./Drivers/STM32F1xx_HAL_Driver/Src/stm32f1xx_hal_uart.o
 .debug_abbrev  0x0000000000002929      0x1a8 ./FATFS/App/fatfs.o
 .debug_abbrev  0x0000000000002ad1      0x144 ./FATFS/Target/user_diskio.o
 .debug_abbrev  0x0000000000002c15      0x181 ./Middlewares/Third_Party/FatFs/src/diskio.o
 .debug_abbrev  0x0000000000002d96      0x2e6 ./Middlewares/Third_Party/FatFs/src/ff.o
 .debug_abbrev  0x000000000000307c      0x19f ./Middlewares/Third_Party/FatFs/src/ff_gen_drv.o
 .debug_abbrev  0x000000000000321b       0xd5 ./Middlewares/Third_Party/FatFs/src/option/ccsbcs.o

.debug_aranges  0x0000000000000000     0x11b0
 .debug_aranges
                0x0000000000000000       0x70 ./Core/Src/aplication.o
 .debug_aranges
                0x0000000000000070       0xa8 ./Core/Src/fatfs_sd.o
 .debug_aranges
                0x0000000000000118       0x20 ./Core/Src/fonts.o
 .debug_aranges
                0x0000000000000138       0x58 ./Core/Src/main.o
 .debug_aranges
                0x0000000000000190       0xf8 ./Core/Src/ssd1306.o
 .debug_aranges
                0x0000000000000288       0x60 ./Core/Src/stm32f1xx_hal_msp.o
 .debug_aranges
                0x00000000000002e8       0x68 ./Core/Src/stm32f1xx_it.o
 .debug_aranges
                0x0000000000000350       0x28 ./Core/Src/system_stm32f1xx.o
 .debug_aranges
                0x0000000000000378       0x28 ./Core/Startup/startup_stm32f103c8tx.o
 .debug_aranges
                0x00000000000003a0       0xe0 ./Drivers/STM32F1xx_HAL_Driver/Src/stm32f1xx_hal.o
 .debug_aranges
                0x0000000000000480       0xf0 ./Drivers/STM32F1xx_HAL_Driver/Src/stm32f1xx_hal_adc.o
 .debug_aranges
                0x0000000000000570      0x100 ./Drivers/STM32F1xx_HAL_Driver/Src/stm32f1xx_hal_cortex.o
 .debug_aranges
                0x0000000000000670       0x80 ./Drivers/STM32F1xx_HAL_Driver/Src/stm32f1xx_hal_dma.o
 .debug_aranges
                0x00000000000006f0       0x58 ./Drivers/STM32F1xx_HAL_Driver/Src/stm32f1xx_hal_gpio.o
 .debug_aranges
                0x0000000000000748      0x2a8 ./Drivers/STM32F1xx_HAL_Driver/Src/stm32f1xx_hal_i2c.o
 .debug_aranges
                0x00000000000009f0       0x90 ./Drivers/STM32F1xx_HAL_Driver/Src/stm32f1xx_hal_rcc.o
 .debug_aranges
                0x0000000000000a80       0x30 ./Drivers/STM32F1xx_HAL_Driver/Src/stm32f1xx_hal_rcc_ex.o
 .debug_aranges
                0x0000000000000ab0      0x1d0 ./Drivers/STM32F1xx_HAL_Driver/Src/stm32f1xx_hal_spi.o
 .debug_aranges
                0x0000000000000c80      0x208 ./Drivers/STM32F1xx_HAL_Driver/Src/stm32f1xx_hal_uart.o
 .debug_aranges
                0x0000000000000e88       0x28 ./FATFS/App/fatfs.o
 .debug_aranges
                0x0000000000000eb0       0x40 ./FATFS/Target/user_diskio.o
 .debug_aranges
                0x0000000000000ef0       0x48 ./Middlewares/Third_Party/FatFs/src/diskio.o
 .debug_aranges
                0x0000000000000f38      0x210 ./Middlewares/Third_Party/FatFs/src/ff.o
 .debug_aranges
                0x0000000000001148       0x40 ./Middlewares/Third_Party/FatFs/src/ff_gen_drv.o
 .debug_aranges
                0x0000000000001188       0x28 ./Middlewares/Third_Party/FatFs/src/option/ccsbcs.o

.debug_rnglists
                0x0000000000000000      0xdc9
 .debug_rnglists
                0x0000000000000000       0x56 ./Core/Src/aplication.o
 .debug_rnglists
                0x0000000000000056       0x80 ./Core/Src/fatfs_sd.o
 .debug_rnglists
                0x00000000000000d6       0x13 ./Core/Src/fonts.o
 .debug_rnglists
                0x00000000000000e9       0x3f ./Core/Src/main.o
 .debug_rnglists
                0x0000000000000128       0xc2 ./Core/Src/ssd1306.o
 .debug_rnglists
                0x00000000000001ea       0x45 ./Core/Src/stm32f1xx_hal_msp.o
 .debug_rnglists
                0x000000000000022f       0x49 ./Core/Src/stm32f1xx_it.o
 .debug_rnglists
                0x0000000000000278       0x1a ./Core/Src/system_stm32f1xx.o
 .debug_rnglists
                0x0000000000000292       0x19 ./Core/Startup/startup_stm32f103c8tx.o
 .debug_rnglists
                0x00000000000002ab       0xa3 ./Drivers/STM32F1xx_HAL_Driver/Src/stm32f1xx_hal.o
 .debug_rnglists
                0x000000000000034e       0xbc ./Drivers/STM32F1xx_HAL_Driver/Src/stm32f1xx_hal_adc.o
 .debug_rnglists
                0x000000000000040a       0xbb ./Drivers/STM32F1xx_HAL_Driver/Src/stm32f1xx_hal_cortex.o
 .debug_rnglists
                0x00000000000004c5       0x64 ./Drivers/STM32F1xx_HAL_Driver/Src/stm32f1xx_hal_dma.o
 .debug_rnglists
                0x0000000000000529       0x3f ./Drivers/STM32F1xx_HAL_Driver/Src/stm32f1xx_hal_gpio.o
 .debug_rnglists
                0x0000000000000568      0x23c ./Drivers/STM32F1xx_HAL_Driver/Src/stm32f1xx_hal_i2c.o
 .debug_rnglists
                0x00000000000007a4       0x6c ./Drivers/STM32F1xx_HAL_Driver/Src/stm32f1xx_hal_rcc.o
 .debug_rnglists
                0x0000000000000810       0x21 ./Drivers/STM32F1xx_HAL_Driver/Src/stm32f1xx_hal_rcc_ex.o
 .debug_rnglists
                0x0000000000000831      0x16e ./Drivers/STM32F1xx_HAL_Driver/Src/stm32f1xx_hal_spi.o
 .debug_rnglists
                0x000000000000099f      0x1bc ./Drivers/STM32F1xx_HAL_Driver/Src/stm32f1xx_hal_uart.o
 .debug_rnglists
                0x0000000000000b5b       0x19 ./FATFS/App/fatfs.o
 .debug_rnglists
                0x0000000000000b74       0x2b ./FATFS/Target/user_diskio.o
 .debug_rnglists
                0x0000000000000b9f       0x31 ./Middlewares/Third_Party/FatFs/src/diskio.o
 .debug_rnglists
                0x0000000000000bd0      0x1b4 ./Middlewares/Third_Party/FatFs/src/ff.o
 .debug_rnglists
                0x0000000000000d84       0x2c ./Middlewares/Third_Party/FatFs/src/ff_gen_drv.o
 .debug_rnglists
                0x0000000000000db0       0x19 ./Middlewares/Third_Party/FatFs/src/option/ccsbcs.o

.debug_macro    0x0000000000000000    0x19b77
 .debug_macro   0x0000000000000000      0x33c ./Core/Src/aplication.o
 .debug_macro   0x000000000000033c      0xa9c ./Core/Src/aplication.o
 .debug_macro   0x0000000000000dd8      0x227 ./Core/Src/aplication.o
 .debug_macro   0x0000000000000fff       0x2e ./Core/Src/aplication.o
 .debug_macro   0x000000000000102d       0x22 ./Core/Src/aplication.o
 .debug_macro   0x000000000000104f       0x22 ./Core/Src/aplication.o
 .debug_macro   0x0000000000001071       0x8e ./Core/Src/aplication.o
 .debug_macro   0x00000000000010ff       0x51 ./Core/Src/aplication.o
 .debug_macro   0x0000000000001150      0x103 ./Core/Src/aplication.o
 .debug_macro   0x0000000000001253       0x6a ./Core/Src/aplication.o
 .debug_macro   0x00000000000012bd      0x1df ./Core/Src/aplication.o
 .debug_macro   0x000000000000149c       0x1c ./Core/Src/aplication.o
 .debug_macro   0x00000000000014b8       0x22 ./Core/Src/aplication.o
 .debug_macro   0x00000000000014da       0xbd ./Core/Src/aplication.o
 .debug_macro   0x0000000000001597      0xd23 ./Core/Src/aplication.o
 .debug_macro   0x00000000000022ba     0xe09e ./Core/Src/aplication.o
 .debug_macro   0x0000000000010358       0x6d ./Core/Src/aplication.o
 .debug_macro   0x00000000000103c5     0x34a2 ./Core/Src/aplication.o
 .debug_macro   0x0000000000013867      0x174 ./Core/Src/aplication.o
 .debug_macro   0x00000000000139db       0x5c ./Core/Src/aplication.o
 .debug_macro   0x0000000000013a37      0x5bc ./Core/Src/aplication.o
 .debug_macro   0x0000000000013ff3      0x289 ./Core/Src/aplication.o
 .debug_macro   0x000000000001427c      0x1cb ./Core/Src/aplication.o
 .debug_macro   0x0000000000014447      0x114 ./Core/Src/aplication.o
 .debug_macro   0x000000000001455b      0x1b2 ./Core/Src/aplication.o
 .debug_macro   0x000000000001470d       0x27 ./Core/Src/aplication.o
 .debug_macro   0x0000000000014734      0x136 ./Core/Src/aplication.o
 .debug_macro   0x000000000001486a      0x1bc ./Core/Src/aplication.o
 .debug_macro   0x0000000000014a26       0x34 ./Core/Src/aplication.o
 .debug_macro   0x0000000000014a5a       0x3c ./Core/Src/aplication.o
 .debug_macro   0x0000000000014a96       0x57 ./Core/Src/aplication.o
 .debug_macro   0x0000000000014aed      0x46a ./Core/Src/aplication.o
 .debug_macro   0x0000000000014f57      0x1b5 ./Core/Src/aplication.o
 .debug_macro   0x000000000001510c       0x87 ./Core/Src/aplication.o
 .debug_macro   0x0000000000015193      0x240 ./Core/Src/aplication.o
 .debug_macro   0x00000000000153d3      0x287 ./Core/Src/aplication.o
 .debug_macro   0x000000000001565a      0x140 ./Core/Src/aplication.o
 .debug_macro   0x000000000001579a      0x217 ./Core/Src/aplication.o
 .debug_macro   0x00000000000159b1      0x28e ./Core/Src/aplication.o
 .debug_macro   0x0000000000015c3f       0x83 ./Core/Src/aplication.o
 .debug_macro   0x0000000000015cc2       0x61 ./Core/Src/aplication.o
 .debug_macro   0x0000000000015d23       0x24 ./Core/Src/aplication.o
 .debug_macro   0x0000000000015d47       0x43 ./Core/Src/aplication.o
 .debug_macro   0x0000000000015d8a       0x34 ./Core/Src/aplication.o
 .debug_macro   0x0000000000015dbe       0x16 ./Core/Src/aplication.o
 .debug_macro   0x0000000000015dd4       0x43 ./Core/Src/aplication.o
 .debug_macro   0x0000000000015e17       0x34 ./Core/Src/aplication.o
 .debug_macro   0x0000000000015e4b       0x10 ./Core/Src/aplication.o
 .debug_macro   0x0000000000015e5b       0x58 ./Core/Src/aplication.o
 .debug_macro   0x0000000000015eb3       0x8e ./Core/Src/aplication.o
 .debug_macro   0x0000000000015f41       0x1c ./Core/Src/aplication.o
 .debug_macro   0x0000000000015f5d      0x177 ./Core/Src/aplication.o
 .debug_macro   0x00000000000160d4      0x369 ./Core/Src/aplication.o
 .debug_macro   0x000000000001643d       0x10 ./Core/Src/aplication.o
 .debug_macro   0x000000000001644d       0x35 ./Core/Src/aplication.o
 .debug_macro   0x0000000000016482       0x20 ./Core/Src/aplication.o
 .debug_macro   0x00000000000164a2       0x16 ./Core/Src/aplication.o
 .debug_macro   0x00000000000164b8       0x16 ./Core/Src/aplication.o
 .debug_macro   0x00000000000164ce       0x29 ./Core/Src/aplication.o
 .debug_macro   0x00000000000164f7       0x1d ./Core/Src/aplication.o
 .debug_macro   0x0000000000016514       0xd8 ./Core/Src/aplication.o
 .debug_macro   0x00000000000165ec       0xf5 ./Core/Src/aplication.o
 .debug_macro   0x00000000000166e1       0x8e ./Core/Src/aplication.o
 .debug_macro   0x000000000001676f      0x1e9 ./Core/Src/fatfs_sd.o
 .debug_macro   0x0000000000016958       0x16 ./Core/Src/fatfs_sd.o
 .debug_macro   0x000000000001696e       0x7c ./Core/Src/fatfs_sd.o
 .debug_macro   0x00000000000169ea       0x9a ./Core/Src/fatfs_sd.o
 .debug_macro   0x0000000000016a84      0x28e ./Core/Src/fonts.o
 .debug_macro   0x0000000000016d12      0x336 ./Core/Src/main.o
 .debug_macro   0x0000000000017048       0xde ./Core/Src/main.o
 .debug_macro   0x0000000000017126      0x319 ./Core/Src/ssd1306.o
 .debug_macro   0x000000000001743f      0x1c0 ./Core/Src/stm32f1xx_hal_msp.o
 .debug_macro   0x00000000000175ff      0x1ca ./Core/Src/stm32f1xx_it.o
 .debug_macro   0x00000000000177c9      0x1b6 ./Core/Src/system_stm32f1xx.o
 .debug_macro   0x000000000001797f      0x1da ./Drivers/STM32F1xx_HAL_Driver/Src/stm32f1xx_hal.o
 .debug_macro   0x0000000000017b59      0x1d3 ./Drivers/STM32F1xx_HAL_Driver/Src/stm32f1xx_hal_adc.o
 .debug_macro   0x0000000000017d2c      0x1b6 ./Drivers/STM32F1xx_HAL_Driver/Src/stm32f1xx_hal_cortex.o
 .debug_macro   0x0000000000017ee2      0x1b6 ./Drivers/STM32F1xx_HAL_Driver/Src/stm32f1xx_hal_dma.o
 .debug_macro   0x0000000000018098      0x221 ./Drivers/STM32F1xx_HAL_Driver/Src/stm32f1xx_hal_gpio.o
 .debug_macro   0x00000000000182b9      0x204 ./Drivers/STM32F1xx_HAL_Driver/Src/stm32f1xx_hal_i2c.o
 .debug_macro   0x00000000000184bd      0x1c8 ./Drivers/STM32F1xx_HAL_Driver/Src/stm32f1xx_hal_rcc.o
 .debug_macro   0x0000000000018685      0x1b6 ./Drivers/STM32F1xx_HAL_Driver/Src/stm32f1xx_hal_rcc_ex.o
 .debug_macro   0x000000000001883b      0x1be ./Drivers/STM32F1xx_HAL_Driver/Src/stm32f1xx_hal_spi.o
 .debug_macro   0x00000000000189f9      0x1b7 ./Drivers/STM32F1xx_HAL_Driver/Src/stm32f1xx_hal_uart.o
 .debug_macro   0x0000000000018bb0      0x213 ./FATFS/App/fatfs.o
 .debug_macro   0x0000000000018dc3      0x2d1 ./FATFS/Target/user_diskio.o
 .debug_macro   0x0000000000019094       0x56 ./FATFS/Target/user_diskio.o
 .debug_macro   0x00000000000190ea      0x200 ./Middlewares/Third_Party/FatFs/src/diskio.o
 .debug_macro   0x00000000000192ea      0x447 ./Middlewares/Third_Party/FatFs/src/ff.o
 .debug_macro   0x0000000000019731       0x58 ./Middlewares/Third_Party/FatFs/src/ff.o
 .debug_macro   0x0000000000019789      0x200 ./Middlewares/Third_Party/FatFs/src/ff_gen_drv.o
 .debug_macro   0x0000000000019989      0x1ee ./Middlewares/Third_Party/FatFs/src/option/ccsbcs.o

.debug_line     0x0000000000000000    0x1922d
 .debug_line    0x0000000000000000      0xe3a ./Core/Src/aplication.o
 .debug_line    0x0000000000000e3a      0xe45 ./Core/Src/fatfs_sd.o
 .debug_line    0x0000000000001c7f      0x89c ./Core/Src/fonts.o
 .debug_line    0x000000000000251b      0xb40 ./Core/Src/main.o
 .debug_line    0x000000000000305b     0x1055 ./Core/Src/ssd1306.o
 .debug_line    0x00000000000040b0      0x86d ./Core/Src/stm32f1xx_hal_msp.o
 .debug_line    0x000000000000491d      0x81f ./Core/Src/stm32f1xx_it.o
 .debug_line    0x000000000000513c      0x7b1 ./Core/Src/system_stm32f1xx.o
 .debug_line    0x00000000000058ed       0x78 ./Core/Startup/startup_stm32f103c8tx.o
 .debug_line    0x0000000000005965      0x9de ./Drivers/STM32F1xx_HAL_Driver/Src/stm32f1xx_hal.o
 .debug_line    0x0000000000006343     0x105b ./Drivers/STM32F1xx_HAL_Driver/Src/stm32f1xx_hal_adc.o
 .debug_line    0x000000000000739e      0xbc6 ./Drivers/STM32F1xx_HAL_Driver/Src/stm32f1xx_hal_cortex.o
 .debug_line    0x0000000000007f64      0xe37 ./Drivers/STM32F1xx_HAL_Driver/Src/stm32f1xx_hal_dma.o
 .debug_line    0x0000000000008d9b      0xa77 ./Drivers/STM32F1xx_HAL_Driver/Src/stm32f1xx_hal_gpio.o
 .debug_line    0x0000000000009812     0x3b85 ./Drivers/STM32F1xx_HAL_Driver/Src/stm32f1xx_hal_i2c.o
 .debug_line    0x000000000000d397      0xde7 ./Drivers/STM32F1xx_HAL_Driver/Src/stm32f1xx_hal_rcc.o
 .debug_line    0x000000000000e17e      0x922 ./Drivers/STM32F1xx_HAL_Driver/Src/stm32f1xx_hal_rcc_ex.o
 .debug_line    0x000000000000eaa0     0x1cd8 ./Drivers/STM32F1xx_HAL_Driver/Src/stm32f1xx_hal_spi.o
 .debug_line    0x0000000000010778     0x28a2 ./Drivers/STM32F1xx_HAL_Driver/Src/stm32f1xx_hal_uart.o
 .debug_line    0x000000000001301a      0x7ce ./FATFS/App/fatfs.o
 .debug_line    0x00000000000137e8      0x963 ./FATFS/Target/user_diskio.o
 .debug_line    0x000000000001414b      0x83f ./Middlewares/Third_Party/FatFs/src/diskio.o
 .debug_line    0x000000000001498a     0x3807 ./Middlewares/Third_Party/FatFs/src/ff.o
 .debug_line    0x0000000000018191      0x85c ./Middlewares/Third_Party/FatFs/src/ff_gen_drv.o
 .debug_line    0x00000000000189ed      0x840 ./Middlewares/Third_Party/FatFs/src/option/ccsbcs.o

.debug_str      0x0000000000000000    0x8cb9f
 .debug_str     0x0000000000000000    0x880ac ./Core/Src/aplication.o
                                      0x884dc (size before relaxing)
 .debug_str     0x00000000000880ac      0x515 ./Core/Src/fatfs_sd.o
                                      0x84902 (size before relaxing)
 .debug_str     0x00000000000885c1       0x69 ./Core/Src/fonts.o
                                      0x871cb (size before relaxing)
 .debug_str     0x000000000008862a      0x58e ./Core/Src/main.o
                                      0x888a2 (size before relaxing)
 .debug_str     0x0000000000088bb8      0x4da ./Core/Src/ssd1306.o
                                      0x87c98 (size before relaxing)
 .debug_str     0x0000000000089092      0x3ad ./Core/Src/stm32f1xx_hal_msp.o
                                      0x84d8b (size before relaxing)
 .debug_str     0x000000000008943f       0xef ./Core/Src/stm32f1xx_it.o
                                      0x844b2 (size before relaxing)
 .debug_str     0x000000000008952e       0x7e ./Core/Src/system_stm32f1xx.o
                                      0x8407f (size before relaxing)
 .debug_str     0x00000000000895ac       0x34 ./Core/Startup/startup_stm32f103c8tx.o
                                         0x64 (size before relaxing)
 .debug_str     0x00000000000895e0      0x37a ./Drivers/STM32F1xx_HAL_Driver/Src/stm32f1xx_hal.o
                                      0x847b2 (size before relaxing)
 .debug_str     0x000000000008995a      0x35a ./Drivers/STM32F1xx_HAL_Driver/Src/stm32f1xx_hal_adc.o
                                      0x84763 (size before relaxing)
 .debug_str     0x0000000000089cb4      0x294 ./Drivers/STM32F1xx_HAL_Driver/Src/stm32f1xx_hal_cortex.o
                                      0x846fe (size before relaxing)
 .debug_str     0x0000000000089f48      0x211 ./Drivers/STM32F1xx_HAL_Driver/Src/stm32f1xx_hal_dma.o
                                      0x84428 (size before relaxing)
 .debug_str     0x000000000008a159      0x2e1 ./Drivers/STM32F1xx_HAL_Driver/Src/stm32f1xx_hal_gpio.o
                                      0x84405 (size before relaxing)
 .debug_str     0x000000000008a43a      0xb69 ./Drivers/STM32F1xx_HAL_Driver/Src/stm32f1xx_hal_i2c.o
                                      0x85146 (size before relaxing)
 .debug_str     0x000000000008afa3      0x209 ./Drivers/STM32F1xx_HAL_Driver/Src/stm32f1xx_hal_rcc.o
                                      0x844ae (size before relaxing)
 .debug_str     0x000000000008b1ac       0x84 ./Drivers/STM32F1xx_HAL_Driver/Src/stm32f1xx_hal_rcc_ex.o
                                      0x841fe (size before relaxing)
 .debug_str     0x000000000008b230      0x4f8 ./Drivers/STM32F1xx_HAL_Driver/Src/stm32f1xx_hal_spi.o
                                      0x849a5 (size before relaxing)
 .debug_str     0x000000000008b728      0x5ce ./Drivers/STM32F1xx_HAL_Driver/Src/stm32f1xx_hal_uart.o
                                      0x84b1f (size before relaxing)
 .debug_str     0x000000000008bcf6       0x74 ./FATFS/App/fatfs.o
                                      0x84912 (size before relaxing)
 .debug_str     0x000000000008bd6a       0x5a ./FATFS/Target/user_diskio.o
                                      0x87b37 (size before relaxing)
 .debug_str     0x000000000008bdc4       0x52 ./Middlewares/Third_Party/FatFs/src/diskio.o
                                      0x84838 (size before relaxing)
 .debug_str     0x000000000008be16      0xca5 ./Middlewares/Third_Party/FatFs/src/ff.o
                                      0x856f6 (size before relaxing)
 .debug_str     0x000000000008cabb       0x91 ./Middlewares/Third_Party/FatFs/src/ff_gen_drv.o
                                      0x84889 (size before relaxing)
 .debug_str     0x000000000008cb4c       0x53 ./Middlewares/Third_Party/FatFs/src/option/ccsbcs.o
                                      0x84617 (size before relaxing)

.debug_frame    0x0000000000000000     0x4ac8
 .debug_frame   0x0000000000000000      0x1b0 ./Core/Src/aplication.o
 .debug_frame   0x00000000000001b0      0x28c ./Core/Src/fatfs_sd.o
 .debug_frame   0x000000000000043c       0x38 ./Core/Src/fonts.o
 .debug_frame   0x0000000000000474      0x104 ./Core/Src/main.o
 .debug_frame   0x0000000000000578      0x414 ./Core/Src/ssd1306.o
 .debug_frame   0x000000000000098c      0x158 ./Core/Src/stm32f1xx_hal_msp.o
 .debug_frame   0x0000000000000ae4      0x120 ./Core/Src/stm32f1xx_it.o
 .debug_frame   0x0000000000000c04       0x58 ./Core/Src/system_stm32f1xx.o
 .debug_frame   0x0000000000000c5c      0x334 ./Drivers/STM32F1xx_HAL_Driver/Src/stm32f1xx_hal.o
 .debug_frame   0x0000000000000f90      0x40c ./Drivers/STM32F1xx_HAL_Driver/Src/stm32f1xx_hal_adc.o
 .debug_frame   0x000000000000139c      0x428 ./Drivers/STM32F1xx_HAL_Driver/Src/stm32f1xx_hal_cortex.o
 .debug_frame   0x00000000000017c4      0x208 ./Drivers/STM32F1xx_HAL_Driver/Src/stm32f1xx_hal_dma.o
 .debug_frame   0x00000000000019cc      0x14c ./Drivers/STM32F1xx_HAL_Driver/Src/stm32f1xx_hal_gpio.o
 .debug_frame   0x0000000000001b18      0xc84 ./Drivers/STM32F1xx_HAL_Driver/Src/stm32f1xx_hal_i2c.o
 .debug_frame   0x000000000000279c      0x218 ./Drivers/STM32F1xx_HAL_Driver/Src/stm32f1xx_hal_rcc.o
 .debug_frame   0x00000000000029b4       0x80 ./Drivers/STM32F1xx_HAL_Driver/Src/stm32f1xx_hal_rcc_ex.o
 .debug_frame   0x0000000000002a34      0x824 ./Drivers/STM32F1xx_HAL_Driver/Src/stm32f1xx_hal_spi.o
 .debug_frame   0x0000000000003258      0x944 ./Drivers/STM32F1xx_HAL_Driver/Src/stm32f1xx_hal_uart.o
 .debug_frame   0x0000000000003b9c       0x4c ./FATFS/App/fatfs.o
 .debug_frame   0x0000000000003be8       0xc4 ./FATFS/Target/user_diskio.o
 .debug_frame   0x0000000000003cac       0xec ./Middlewares/Third_Party/FatFs/src/diskio.o
 .debug_frame   0x0000000000003d98      0x9ac ./Middlewares/Third_Party/FatFs/src/ff.o
 .debug_frame   0x0000000000004744       0xc8 ./Middlewares/Third_Party/FatFs/src/ff_gen_drv.o
 .debug_frame   0x000000000000480c       0x60 ./Middlewares/Third_Party/FatFs/src/option/ccsbcs.o
 .debug_frame   0x000000000000486c       0x38 C:/ST/STM32CubeIDE_1.14.1/STM32CubeIDE/plugins/com.st.stm32cube.ide.mcu.externaltools.gnu-tools-for-stm32.11.3.rel1.win32_1.1.100.202309141235/tools/bin/../lib/gcc/arm-none-eabi/11.3.1/../../../../arm-none-eabi/lib/thumb/v7-m/nofp\libc_nano.a(libc_a-itoa.o)
 .debug_frame   0x00000000000048a4       0x48 C:/ST/STM32CubeIDE_1.14.1/STM32CubeIDE/plugins/com.st.stm32cube.ide.mcu.externaltools.gnu-tools-for-stm32.11.3.rel1.win32_1.1.100.202309141235/tools/bin/../lib/gcc/arm-none-eabi/11.3.1/../../../../arm-none-eabi/lib/thumb/v7-m/nofp\libc_nano.a(libc_a-utoa.o)
 .debug_frame   0x00000000000048ec       0x20 C:/ST/STM32CubeIDE_1.14.1/STM32CubeIDE/plugins/com.st.stm32cube.ide.mcu.externaltools.gnu-tools-for-stm32.11.3.rel1.win32_1.1.100.202309141235/tools/bin/../lib/gcc/arm-none-eabi/11.3.1/../../../../arm-none-eabi/lib/thumb/v7-m/nofp\libc_nano.a(libc_a-memset.o)
 .debug_frame   0x000000000000490c       0x2c C:/ST/STM32CubeIDE_1.14.1/STM32CubeIDE/plugins/com.st.stm32cube.ide.mcu.externaltools.gnu-tools-for-stm32.11.3.rel1.win32_1.1.100.202309141235/tools/bin/../lib/gcc/arm-none-eabi/11.3.1/../../../../arm-none-eabi/lib/thumb/v7-m/nofp\libc_nano.a(libc_a-init.o)
 .debug_frame   0x0000000000004938       0xac C:/ST/STM32CubeIDE_1.14.1/STM32CubeIDE/plugins/com.st.stm32cube.ide.mcu.externaltools.gnu-tools-for-stm32.11.3.rel1.win32_1.1.100.202309141235/tools/bin/../lib/gcc/arm-none-eabi/11.3.1/thumb/v7-m/nofp\libgcc.a(_arm_addsubdf3.o)
 .debug_frame   0x00000000000049e4       0x50 C:/ST/STM32CubeIDE_1.14.1/STM32CubeIDE/plugins/com.st.stm32cube.ide.mcu.externaltools.gnu-tools-for-stm32.11.3.rel1.win32_1.1.100.202309141235/tools/bin/../lib/gcc/arm-none-eabi/11.3.1/thumb/v7-m/nofp\libgcc.a(_arm_muldivdf3.o)
 .debug_frame   0x0000000000004a34       0x24 C:/ST/STM32CubeIDE_1.14.1/STM32CubeIDE/plugins/com.st.stm32cube.ide.mcu.externaltools.gnu-tools-for-stm32.11.3.rel1.win32_1.1.100.202309141235/tools/bin/../lib/gcc/arm-none-eabi/11.3.1/thumb/v7-m/nofp\libgcc.a(_arm_truncdfsf2.o)
 .debug_frame   0x0000000000004a58       0x4c C:/ST/STM32CubeIDE_1.14.1/STM32CubeIDE/plugins/com.st.stm32cube.ide.mcu.externaltools.gnu-tools-for-stm32.11.3.rel1.win32_1.1.100.202309141235/tools/bin/../lib/gcc/arm-none-eabi/11.3.1/thumb/v7-m/nofp\libgcc.a(_arm_addsubsf3.o)
 .debug_frame   0x0000000000004aa4       0x24 C:/ST/STM32CubeIDE_1.14.1/STM32CubeIDE/plugins/com.st.stm32cube.ide.mcu.externaltools.gnu-tools-for-stm32.11.3.rel1.win32_1.1.100.202309141235/tools/bin/../lib/gcc/arm-none-eabi/11.3.1/thumb/v7-m/nofp\libgcc.a(_arm_fixunssfsi.o)

.debug_line_str
                0x0000000000000000       0x58
 .debug_line_str
                0x0000000000000000       0x58 ./Core/Startup/startup_stm32f103c8tx.o
                                         0x70 (size before relaxing)